<html>
<body>
<pre>
<h1>µVision Build Log</h1>
<h2>Tool Versions:</h2>
IDE-Version: µVision V5.15
Copyright (C) 2015 ARM Ltd and ARM Germany GmbH. All rights reserved.
License Information: Micha³ Kruk, WAT, LIC=----
 
Tool Versions:
Toolchain:       MDK-Lite  Version: 5.15.0
Toolchain Path:  C:\Keil_v5\ARM\ARMCC\Bin
C Compiler:      Armcc.exe V5.05 update 2 (build 169)
Assembler:       Armasm.exe V5.05 update 2 (build 169)
Linker/Locator:  ArmLink.exe V5.05 update 2 (build 169)
Library Manager: ArmAr.exe V5.05 update 2 (build 169)
Hex Converter:   FromElf.exe V5.05 update 2 (build 169)
CPU DLL:         SARMCM3.DLL V5.15.0
Dialog DLL:      DCM.DLL V1.13.2.0
Target DLL:      STLink\ST-LINKIII-KEIL_SWO.dll V2.0.15.0_KEIL
Dialog DLL:      TCM.DLL V1.14.5.0
 
<h2>Project:</h2>
C:\Users\£ysol\Desktop\Organizer\Studia\stm32\NUCLEO\Workspace\Nucleo_hal_mk\nucleo_mk.uvprojx
Project File Date:  04/03/2016

<h2>Output:</h2>
*** Using Compiler 'V5.05 update 2 (build 169)', folder: 'C:\Keil_v5\ARM\ARMCC\Bin'
Build target 'Nucleo_MK'
compiling lsm9ds0.c...
source\lsm9ds0.c(28): warning:  #550-D: variable "data2" was set but never used
        uint8_t data2[1];
source\lsm9ds0.c: 1 warning, 0 errors
linking...
.\Objects\nucleo_mk.axf: Warning: L6988W: Ignoring unknown patch sdcomp-29491-629360.
Program Size: Code=16720 RO-data=616 RW-data=88 ZI-data=4328  
Finished: 0 information, 1 warning and 0 error messages.
".\Objects\nucleo_mk.axf" - 0 Error(s), 2 Warning(s).

<h2>Collection of Component include folders:</h2>
  C:\Users\£ysol\Desktop\Organizer\Studia\stm32\NUCLEO\Workspace\Nucleo_hal_mk\RTE
  C:\Keil_v5\ARM\PACK\Keil\STM32L4xx_DFP\1.0.0\Device\Include

<h2>Collection of Component Files used:</h2>
</pre>
</body>
</html>
