Component: ARM Compiler 5.05 update 2 (build 169) Tool: armlink [4d0f33]

==============================================================================

Section Cross References

    main.o(i.main) refers to stm32l4xx_hal.o(i.HAL_Init) for HAL_Init
    main.o(i.main) refers to itoa.o(i.itoa) for itoa
    main.o(i.main) refers to lsm9ds0.o(i.lsm_config) for lsm_config
    main.o(i.main) refers to stm32l4xx_hal.o(i.HAL_Delay) for HAL_Delay
    main.o(i.main) refers to lsm9ds0.o(i.accelerometer_x) for accelerometer_x
    main.o(i.main) refers to lsm9ds0.o(i.accelerometer_y) for accelerometer_y
    main.o(i.main) refers to lsm9ds0.o(i.accelerometer_z) for accelerometer_z
    main.o(i.main) refers to lsm9ds0.o(i.magnetometr_x) for magnetometr_x
    main.o(i.main) refers to lsm9ds0.o(i.magnetometr_y) for magnetometr_y
    main.o(i.main) refers to lsm9ds0.o(i.magnetometr_z) for magnetometr_z
    main.o(i.main) refers to lsm9ds0.o(i.gyro_x) for gyro_x
    main.o(i.main) refers to lsm9ds0.o(i.gyro_y) for gyro_y
    main.o(i.main) refers to lsm9ds0.o(i.gyro_z) for gyro_z
    main.o(i.main) refers to mk_term.o(i.tr_cls) for tr_cls
    main.o(i.main) refers to mk_term.o(i.tr_locate) for tr_locate
    main.o(i.main) refers to hal.o(.data) for HAL
    main.o(i.main) refers to main.o(.data) for i2c1_response
    main.o(i.main) refers to timer.o(.data) for procent
    led.o(i.ledOff) refers to stm32l4xx_hal_gpio.o(i.HAL_GPIO_WritePin) for HAL_GPIO_WritePin
    led.o(i.ledOn) refers to stm32l4xx_hal_gpio.o(i.HAL_GPIO_WritePin) for HAL_GPIO_WritePin
    led.o(i.ledToggle) refers to stm32l4xx_hal_gpio.o(i.HAL_GPIO_TogglePin) for HAL_GPIO_TogglePin
    led.o(i.led_port_init) refers to stm32l4xx_hal_gpio.o(i.HAL_GPIO_Init) for HAL_GPIO_Init
    hal.o(i.SystemClock_Config) refers to stm32l4xx_hal_rcc.o(i.HAL_RCC_OscConfig) for HAL_RCC_OscConfig
    hal.o(i.SystemClock_Config) refers to stm32l4xx_hal_rcc.o(i.HAL_RCC_ClockConfig) for HAL_RCC_ClockConfig
    hal.o(i.SystemClock_Config) refers to stm32l4xx_hal_pwr_ex.o(i.HAL_PWREx_ControlVoltageScaling) for HAL_PWREx_ControlVoltageScaling
    hal.o(i.SystemClock_Config) refers to stm32l4xx_hal_rcc.o(i.HAL_RCC_GetHCLKFreq) for HAL_RCC_GetHCLKFreq
    hal.o(i.SystemClock_Config) refers to stm32l4xx_hal_cortex.o(i.HAL_SYSTICK_Config) for HAL_SYSTICK_Config
    hal.o(i.SystemClock_Config) refers to stm32l4xx_hal_cortex.o(i.HAL_SYSTICK_CLKSourceConfig) for HAL_SYSTICK_CLKSourceConfig
    hal.o(i.SystemClock_Config) refers to stm32l4xx_hal_cortex.o(i.HAL_NVIC_SetPriority) for HAL_NVIC_SetPriority
    hal.o(i.halLib_Init) refers to hal.o(i.SystemClock_Config) for SystemClock_Config
    hal.o(i.halLib_Init) refers to led.o(i.led_port_init) for led_port_init
    hal.o(i.halLib_Init) refers to uart.o(i.usart2_init) for usart2_init
    hal.o(i.halLib_Init) refers to mk_term.o(i.tr_cls) for tr_cls
    hal.o(i.halLib_Init) refers to mk_term.o(i.tr_locate) for tr_locate
    hal.o(i.halLib_Init) refers to uart.o(i.usart2_WriteS) for usart2_WriteS
    hal.o(i.halLib_Init) refers to timer.o(i.tim2_init) for tim2_init
    hal.o(i.halLib_Init) refers to i2c.o(i.i2c_init) for i2c_init
    hal.o(i.halLib_Init) refers to timer.o(.data) for procent
    hal.o(i.halLib_Init) refers to hal.o(.data) for tim2_stat
    hal.o(.constdata) refers to hal.o(i.halLib_Init) for halLib_Init
    hal.o(.constdata) refers to led.o(i.led_port_init) for led_port_init
    hal.o(.constdata) refers to led.o(i.ledOn) for ledOn
    hal.o(.constdata) refers to led.o(i.ledOff) for ledOff
    hal.o(.constdata) refers to led.o(i.ledToggle) for ledToggle
    hal.o(.constdata) refers to uart.o(i.usart1_init) for usart1_init
    hal.o(.constdata) refers to uart.o(i.usart1_Write) for usart1_Write
    hal.o(.constdata) refers to uart.o(i.usart1_WriteS) for usart1_WriteS
    hal.o(.constdata) refers to uart.o(i.usart2_init) for usart2_init
    hal.o(.constdata) refers to uart.o(i.usart2_Write) for usart2_Write
    hal.o(.constdata) refers to uart.o(i.usart2_WriteS) for usart2_WriteS
    hal.o(.constdata) refers to uart.o(i.usart3_init) for usart3_init
    hal.o(.constdata) refers to uart.o(i.usart3_Write) for usart3_Write
    hal.o(.constdata) refers to uart.o(i.usart3_WriteS) for usart3_WriteS
    hal.o(.constdata) refers to uart.o(i.uart4_init) for uart4_init
    hal.o(.constdata) refers to uart.o(i.uart4_Write) for uart4_Write
    hal.o(.constdata) refers to uart.o(i.uart4_WriteS) for uart4_WriteS
    hal.o(.constdata) refers to uart.o(i.uart5_init) for uart5_init
    hal.o(.constdata) refers to uart.o(i.uart5_Write) for uart5_Write
    hal.o(.constdata) refers to uart.o(i.uart5_WriteS) for uart5_WriteS
    hal.o(.constdata) refers to timer.o(i.tim2_init) for tim2_init
    hal.o(.constdata) refers to i2c.o(i.i2c_init) for i2c_init
    hal.o(.constdata) refers to i2c.o(i.i2c1_is_device_ready) for i2c1_is_device_ready
    hal.o(.constdata) refers to i2c.o(i.read_mem) for read_mem
[...]
    Removing stm32l4xx_hal_dfsdm.o(i.HAL_DFSDM_FilterInjectedMsbStart_DMA), (176 bytes).
    Removing stm32l4xx_hal_dfsdm.o(i.HAL_DFSDM_FilterInjectedStart), (36 bytes).
    Removing stm32l4xx_hal_dfsdm.o(i.HAL_DFSDM_FilterInjectedStart_DMA), (176 bytes).
    Removing stm32l4xx_hal_dfsdm.o(i.HAL_DFSDM_FilterInjectedStart_IT), (48 bytes).
    Removing stm32l4xx_hal_dfsdm.o(i.HAL_DFSDM_FilterInjectedStop), (36 bytes).
    Removing stm32l4xx_hal_dfsdm.o(i.HAL_DFSDM_FilterInjectedStop_DMA), (54 bytes).
    Removing stm32l4xx_hal_dfsdm.o(i.HAL_DFSDM_FilterInjectedStop_IT), (48 bytes).
    Removing stm32l4xx_hal_dfsdm.o(i.HAL_DFSDM_FilterMspDeInit), (2 bytes).
    Removing stm32l4xx_hal_dfsdm.o(i.HAL_DFSDM_FilterMspInit), (2 bytes).
    Removing stm32l4xx_hal_dfsdm.o(i.HAL_DFSDM_FilterPollForInjConversion), (146 bytes).
    Removing stm32l4xx_hal_dfsdm.o(i.HAL_DFSDM_FilterPollForRegConversion), (124 bytes).
    Removing stm32l4xx_hal_dfsdm.o(i.HAL_DFSDM_FilterRegConvCpltCallback), (2 bytes).
    Removing stm32l4xx_hal_dfsdm.o(i.HAL_DFSDM_FilterRegConvHalfCpltCallback), (2 bytes).
    Removing stm32l4xx_hal_dfsdm.o(i.HAL_DFSDM_FilterRegularMsbStart_DMA), (184 bytes).
    Removing stm32l4xx_hal_dfsdm.o(i.HAL_DFSDM_FilterRegularStart), (36 bytes).
    Removing stm32l4xx_hal_dfsdm.o(i.HAL_DFSDM_FilterRegularStart_DMA), (184 bytes).
    Removing stm32l4xx_hal_dfsdm.o(i.HAL_DFSDM_FilterRegularStart_IT), (48 bytes).
    Removing stm32l4xx_hal_dfsdm.o(i.HAL_DFSDM_FilterRegularStop), (36 bytes).
    Removing stm32l4xx_hal_dfsdm.o(i.HAL_DFSDM_FilterRegularStop_DMA), (54 bytes).
    Removing stm32l4xx_hal_dfsdm.o(i.HAL_DFSDM_FilterRegularStop_IT), (48 bytes).
    Removing stm32l4xx_hal_dfsdm.o(i.HAL_DFSDM_IRQHandler), (608 bytes).
    Removing stm32l4xx_hal_dfsdm.o(.bss), (32 bytes).
    Removing stm32l4xx_hal_dfsdm.o(.data), (4 bytes).

717 unused section(s) (total 80835 bytes) removed from the image.

==============================================================================

Image Symbol Table

    Local Symbols

    Symbol Name                              Value     Ov Type        Size  Object(Section)

    ../clib/angel/boardlib.s                 0x00000000   Number         0  boardinit3.o ABSOLUTE
    ../clib/angel/boardlib.s                 0x00000000   Number         0  boardinit2.o ABSOLUTE
    ../clib/angel/boardlib.s                 0x00000000   Number         0  boardinit1.o ABSOLUTE
    ../clib/angel/boardlib.s                 0x00000000   Number         0  boardshut.o ABSOLUTE
    ../clib/angel/handlers.s                 0x00000000   Number         0  __scatter_copy.o ABSOLUTE
    ../clib/angel/handlers.s                 0x00000000   Number         0  __scatter_zi.o ABSOLUTE
    ../clib/angel/kernel.s                   0x00000000   Number         0  rtexit2.o ABSOLUTE
    ../clib/angel/kernel.s                   0x00000000   Number         0  rtexit.o ABSOLUTE
    ../clib/angel/kernel.s                   0x00000000   Number         0  __rtentry4.o ABSOLUTE
    ../clib/angel/kernel.s                   0x00000000   Number         0  __rtentry2.o ABSOLUTE
    ../clib/angel/kernel.s                   0x00000000   Number         0  __rtentry.o ABSOLUTE
    ../clib/angel/rt.s                       0x00000000   Number         0  rt_raise.o ABSOLUTE
    ../clib/angel/rt.s                       0x00000000   Number         0  aeabi_ldiv0.o ABSOLUTE
    ../clib/angel/rt.s                       0x00000000   Number         0  aeabi_ldiv0_sigfpe.o ABSOLUTE
    ../clib/angel/rt.s                       0x00000000   Number         0  rt_div0.o ABSOLUTE
    ../clib/angel/scatter.s                  0x00000000   Number         0  __scatter.o ABSOLUTE
    ../clib/angel/startup.s                  0x00000000   Number         0  __main.o ABSOLUTE
    ../clib/angel/sys.s                      0x00000000   Number         0  libspace.o ABSOLUTE
    ../clib/angel/sys.s                      0x00000000   Number         0  indicate_semi.o ABSOLUTE
    ../clib/angel/sys.s                      0x00000000   Number         0  use_no_semi.o ABSOLUTE
    ../clib/angel/sys.s                      0x00000000   Number         0  sys_stackheap_outer.o ABSOLUTE
    ../clib/angel/sysapp.c                   0x00000000   Number         0  sys_command.o ABSOLUTE
    ../clib/angel/sysapp.c                   0x00000000   Number         0  sys_exit.o ABSOLUTE
    ../clib/angel/sysapp.c                   0x00000000   Number         0  sys_wrch.o ABSOLUTE
    ../clib/armsys.c                         0x00000000   Number         0  argv_veneer.o ABSOLUTE
    ../clib/armsys.c                         0x00000000   Number         0  no_argv.o ABSOLUTE
    ../clib/armsys.c                         0x00000000   Number         0  _get_argv_nomalloc.o ABSOLUTE
    ../clib/armsys.c                         0x00000000   Number         0  argv_veneer.o ABSOLUTE
    ../clib/heapalloc.c                      0x00000000   Number         0  hrguard.o ABSOLUTE
    ../clib/heapaux.c                        0x00000000   Number         0  heapauxi.o ABSOLUTE
    ../clib/libinit.s                        0x00000000   Number         0  libshutdown.o ABSOLUTE
    ../clib/libinit.s                        0x00000000   Number         0  libinit.o ABSOLUTE
    ../clib/libinit.s                        0x00000000   Number         0  libinit2.o ABSOLUTE
    ../clib/libinit.s                        0x00000000   Number         0  libshutdown2.o ABSOLUTE
    ../clib/longlong.s                       0x00000000   Number         0  lludivv7m.o ABSOLUTE
    ../clib/memcpset.s                       0x00000000   Number         0  rt_memclr_w.o ABSOLUTE
    ../clib/signal.c                         0x00000000   Number         0  defsig_segv_inner.o ABSOLUTE
    ../clib/signal.c                         0x00000000   Number         0  defsig_stak_inner.o ABSOLUTE
    ../clib/signal.c                         0x00000000   Number         0  defsig_cppl_inner.o ABSOLUTE
    ../clib/signal.c                         0x00000000   Number         0  defsig_pvfn_inner.o ABSOLUTE
    ../clib/signal.c                         0x00000000   Number         0  defsig_rtmem_outer.o ABSOLUTE
    ../clib/signal.c                         0x00000000   Number         0  defsig_rtmem_formal.o ABSOLUTE
    ../clib/signal.c                         0x00000000   Number         0  defsig_rtmem_inner.o ABSOLUTE
    ../clib/signal.c                         0x00000000   Number         0  defsig_rtred_inner.o ABSOLUTE
    ../clib/signal.c                         0x00000000   Number         0  __raise.o ABSOLUTE
    ../clib/signal.c                         0x00000000   Number         0  defsig_general.o ABSOLUTE
    ../clib/signal.c                         0x00000000   Number         0  defsig_exit.o ABSOLUTE
    ../clib/signal.c                         0x00000000   Number         0  defsig_fpe_outer.o ABSOLUTE
    ../clib/signal.c                         0x00000000   Number         0  defsig_abrt_inner.o ABSOLUTE
    ../clib/signal.c                         0x00000000   Number         0  defsig_fpe_formal.o ABSOLUTE
    ../clib/signal.c                         0x00000000   Number         0  defsig_fpe_inner.o ABSOLUTE
    ../clib/signal.c                         0x00000000   Number         0  defsig_other.o ABSOLUTE
    ../clib/signal.s                         0x00000000   Number         0  defsig.o ABSOLUTE
    ../clib/stdlib.c                         0x00000000   Number         0  exit.o ABSOLUTE
    ../fplib/fpinit.s                        0x00000000   Number         0  fpinit.o ABSOLUTE
    dc.s                                     0x00000000   Number         0  dc.o ABSOLUTE
    lib\BSP\stm32l4xx_nucleo.c               0x00000000   Number         0  stm32l4xx_nucleo.o ABSOLUTE
    lib\CMSIS\startup_stm32l476xx.s          0x00000000   Number         0  startup_stm32l476xx.o ABSOLUTE
    lib\CMSIS\system_stm32l4xx.c             0x00000000   Number         0  system_stm32l4xx.o ABSOLUTE
    lib\STM32HALL4\Src\stm32l4xx_hal.c       0x00000000   Number         0  stm32l4xx_hal.o ABSOLUTE
    lib\STM32HALL4\Src\stm32l4xx_hal_adc.c   0x00000000   Number         0  stm32l4xx_hal_adc.o ABSOLUTE
    lib\STM32HALL4\Src\stm32l4xx_hal_adc_ex.c 0x00000000   Number         0  stm32l4xx_hal_adc_ex.o ABSOLUTE
    lib\STM32HALL4\Src\stm32l4xx_hal_cortex.c 0x00000000   Number         0  stm32l4xx_hal_cortex.o ABSOLUTE
    lib\STM32HALL4\Src\stm32l4xx_hal_dfsdm.c 0x00000000   Number         0  stm32l4xx_hal_dfsdm.o ABSOLUTE
    lib\STM32HALL4\Src\stm32l4xx_hal_dma.c   0x00000000   Number         0  stm32l4xx_hal_dma.o ABSOLUTE
    lib\STM32HALL4\Src\stm32l4xx_hal_gpio.c  0x00000000   Number         0  stm32l4xx_hal_gpio.o ABSOLUTE
    lib\STM32HALL4\Src\stm32l4xx_hal_i2c.c   0x00000000   Number         0  stm32l4xx_hal_i2c.o ABSOLUTE
    lib\STM32HALL4\Src\stm32l4xx_hal_i2c_ex.c 0x00000000   Number         0  stm32l4xx_hal_i2c_ex.o ABSOLUTE
    lib\STM32HALL4\Src\stm32l4xx_hal_pwr.c   0x00000000   Number         0  stm32l4xx_hal_pwr.o ABSOLUTE
    lib\STM32HALL4\Src\stm32l4xx_hal_pwr_ex.c 0x00000000   Number         0  stm32l4xx_hal_pwr_ex.o ABSOLUTE
    lib\STM32HALL4\Src\stm32l4xx_hal_rcc.c   0x00000000   Number         0  stm32l4xx_hal_rcc.o ABSOLUTE
    lib\STM32HALL4\Src\stm32l4xx_hal_rcc_ex.c 0x00000000   Number         0  stm32l4xx_hal_rcc_ex.o ABSOLUTE
    lib\STM32HALL4\Src\stm32l4xx_hal_spi.c   0x00000000   Number         0  stm32l4xx_hal_spi.o ABSOLUTE
    lib\STM32HALL4\Src\stm32l4xx_hal_spi_ex.c 0x00000000   Number         0  stm32l4xx_hal_spi_ex.o ABSOLUTE
    lib\STM32HALL4\Src\stm32l4xx_hal_tim.c   0x00000000   Number         0  stm32l4xx_hal_tim.o ABSOLUTE
    lib\STM32HALL4\Src\stm32l4xx_hal_tim_ex.c 0x00000000   Number         0  stm32l4xx_hal_tim_ex.o ABSOLUTE
    lib\STM32HALL4\Src\stm32l4xx_hal_uart.c  0x00000000   Number         0  stm32l4xx_hal_uart.o ABSOLUTE
    lib\STM32HALL4\Src\stm32l4xx_hal_uart_ex.c 0x00000000   Number         0  stm32l4xx_hal_uart_ex.o ABSOLUTE
    lib\STM32HALL4\Src\stm32l4xx_hal_usart.c 0x00000000   Number         0  stm32l4xx_hal_usart.o ABSOLUTE
    lib\\BSP\\stm32l4xx_nucleo.c             0x00000000   Number         0  stm32l4xx_nucleo.o ABSOLUTE
    lib\\CMSIS\\system_stm32l4xx.c           0x00000000   Number         0  system_stm32l4xx.o ABSOLUTE
    lib\\STM32HALL4\\Src\\stm32l4xx_hal.c    0x00000000   Number         0  stm32l4xx_hal.o ABSOLUTE
    lib\\STM32HALL4\\Src\\stm32l4xx_hal_adc.c 0x00000000   Number         0  stm32l4xx_hal_adc.o ABSOLUTE
    lib\\STM32HALL4\\Src\\stm32l4xx_hal_adc_ex.c 0x00000000   Number         0  stm32l4xx_hal_adc_ex.o ABSOLUTE
    lib\\STM32HALL4\\Src\\stm32l4xx_hal_cortex.c 0x00000000   Number         0  stm32l4xx_hal_cortex.o ABSOLUTE
    lib\\STM32HALL4\\Src\\stm32l4xx_hal_dfsdm.c 0x00000000   Number         0  stm32l4xx_hal_dfsdm.o ABSOLUTE
    lib\\STM32HALL4\\Src\\stm32l4xx_hal_dma.c 0x00000000   Number         0  stm32l4xx_hal_dma.o ABSOLUTE
    lib\\STM32HALL4\\Src\\stm32l4xx_hal_gpio.c 0x00000000   Number         0  stm32l4xx_hal_gpio.o ABSOLUTE
    lib\\STM32HALL4\\Src\\stm32l4xx_hal_i2c.c 0x00000000   Number         0  stm32l4xx_hal_i2c.o ABSOLUTE
    lib\\STM32HALL4\\Src\\stm32l4xx_hal_i2c_ex.c 0x00000000   Number         0  stm32l4xx_hal_i2c_ex.o ABSOLUTE
    lib\\STM32HALL4\\Src\\stm32l4xx_hal_pwr.c 0x00000000   Number         0  stm32l4xx_hal_pwr.o ABSOLUTE
    lib\\STM32HALL4\\Src\\stm32l4xx_hal_pwr_ex.c 0x00000000   Number         0  stm32l4xx_hal_pwr_ex.o ABSOLUTE
    lib\\STM32HALL4\\Src\\stm32l4xx_hal_rcc.c 0x00000000   Number         0  stm32l4xx_hal_rcc.o ABSOLUTE
    lib\\STM32HALL4\\Src\\stm32l4xx_hal_rcc_ex.c 0x00000000   Number         0  stm32l4xx_hal_rcc_ex.o ABSOLUTE
    lib\\STM32HALL4\\Src\\stm32l4xx_hal_spi.c 0x00000000   Number         0  stm32l4xx_hal_spi.o ABSOLUTE
    lib\\STM32HALL4\\Src\\stm32l4xx_hal_spi_ex.c 0x00000000   Number         0  stm32l4xx_hal_spi_ex.o ABSOLUTE
    lib\\STM32HALL4\\Src\\stm32l4xx_hal_tim.c 0x00000000   Number         0  stm32l4xx_hal_tim.o ABSOLUTE
    lib\\STM32HALL4\\Src\\stm32l4xx_hal_tim_ex.c 0x00000000   Number         0  stm32l4xx_hal_tim_ex.o ABSOLUTE
    lib\\STM32HALL4\\Src\\stm32l4xx_hal_uart.c 0x00000000   Number         0  stm32l4xx_hal_uart.o ABSOLUTE
    lib\\STM32HALL4\\Src\\stm32l4xx_hal_uart_ex.c 0x00000000   Number         0  stm32l4xx_hal_uart_ex.o ABSOLUTE
    lib\\STM32HALL4\\Src\\stm32l4xx_hal_usart.c 0x00000000   Number         0  stm32l4xx_hal_usart.o ABSOLUTE
    lib\\stm32l4xx_it.c                      0x00000000   Number         0  stm32l4xx_it.o ABSOLUTE
    lib\stm32l4xx_it.c                       0x00000000   Number         0  stm32l4xx_it.o ABSOLUTE
    source\\hal.c                            0x00000000   Number         0  hal.o ABSOLUTE
    source\\i2c.c                            0x00000000   Number         0  i2c.o ABSOLUTE
    source\\kompas.c                         0x00000000   Number         0  kompas.o ABSOLUTE
    source\\led.c                            0x00000000   Number         0  led.o ABSOLUTE
    source\\lsm9ds0.c                        0x00000000   Number         0  lsm9ds0.o ABSOLUTE
    source\\main.c                           0x00000000   Number         0  main.o ABSOLUTE
    source\\mk_term.c                        0x00000000   Number         0  mk_term.o ABSOLUTE
    source\\timer.c                          0x00000000   Number         0  timer.o ABSOLUTE
    source\\uart.c                           0x00000000   Number         0  uart.o ABSOLUTE
    source\hal.c                             0x00000000   Number         0  hal.o ABSOLUTE
    source\i2c.c                             0x00000000   Number         0  i2c.o ABSOLUTE
    source\itoa.c                            0x00000000   Number         0  itoa.o ABSOLUTE
    source\kompas.c                          0x00000000   Number         0  kompas.o ABSOLUTE
    source\led.c                             0x00000000   Number         0  led.o ABSOLUTE
    source\lsm9ds0.c                         0x00000000   Number         0  lsm9ds0.o ABSOLUTE
    source\main.c                            0x00000000   Number         0  main.o ABSOLUTE
    source\mk_term.c                         0x00000000   Number         0  mk_term.o ABSOLUTE
    source\timer.c                           0x00000000   Number         0  timer.o ABSOLUTE
    source\uart.c                            0x00000000   Number         0  uart.o ABSOLUTE
    RESET                                    0x08000000   Section      392  startup_stm32l476xx.o(RESET)
    !!!main                                  0x08000188   Section        8  __main.o(!!!main)
    !!!scatter                               0x08000190   Section       52  __scatter.o(!!!scatter)
    !!handler_copy                           0x080001c4   Section       26  __scatter_copy.o(!!handler_copy)
    !!handler_zi                             0x080001e0   Section       28  __scatter_zi.o(!!handler_zi)
    .ARM.Collect$$libinit$$00000000          0x080001fc   Section        2  libinit.o(.ARM.Collect$$libinit$$00000000)
    .ARM.Collect$$libinit$$00000001          0x080001fe   Section        4  libinit2.o(.ARM.Collect$$libinit$$00000001)
    .ARM.Collect$$libinit$$00000004          0x08000202   Section        0  libinit2.o(.ARM.Collect$$libinit$$00000004)
    .ARM.Collect$$libinit$$0000000A          0x08000202   Section        0  libinit2.o(.ARM.Collect$$libinit$$0000000A)
    .ARM.Collect$$libinit$$0000000C          0x08000202   Section        0  libinit2.o(.ARM.Collect$$libinit$$0000000C)
    .ARM.Collect$$libinit$$0000000E          0x08000202   Section        0  libinit2.o(.ARM.Collect$$libinit$$0000000E)
    .ARM.Collect$$libinit$$00000011          0x08000202   Section        0  libinit2.o(.ARM.Collect$$libinit$$00000011)
    .ARM.Collect$$libinit$$00000013          0x08000202   Section        0  libinit2.o(.ARM.Collect$$libinit$$00000013)
    .ARM.Collect$$libinit$$00000015          0x08000202   Section        0  libinit2.o(.ARM.Collect$$libinit$$00000015)
    .ARM.Collect$$libinit$$00000017          0x08000202   Section        0  libinit2.o(.ARM.Collect$$libinit$$00000017)
    .ARM.Collect$$libinit$$00000019          0x08000202   Section        0  libinit2.o(.ARM.Collect$$libinit$$00000019)
    .ARM.Collect$$libinit$$0000001B          0x08000202   Section        0  libinit2.o(.ARM.Collect$$libinit$$0000001B)
    .ARM.Collect$$libinit$$0000001D          0x08000202   Section        0  libinit2.o(.ARM.Collect$$libinit$$0000001D)
    .ARM.Collect$$libinit$$0000001F          0x08000202   Section        0  libinit2.o(.ARM.Collect$$libinit$$0000001F)
    .ARM.Collect$$libinit$$00000021          0x08000202   Section        0  libinit2.o(.ARM.Collect$$libinit$$00000021)
    .ARM.Collect$$libinit$$00000023          0x08000202   Section        0  libinit2.o(.ARM.Collect$$libinit$$00000023)
    .ARM.Collect$$libinit$$00000025          0x08000202   Section        0  libinit2.o(.ARM.Collect$$libinit$$00000025)
    .ARM.Collect$$libinit$$0000002C          0x08000202   Section        0  libinit2.o(.ARM.Collect$$libinit$$0000002C)
    .ARM.Collect$$libinit$$0000002E          0x08000202   Section        0  libinit2.o(.ARM.Collect$$libinit$$0000002E)
    .ARM.Collect$$libinit$$00000030          0x08000202   Section        0  libinit2.o(.ARM.Collect$$libinit$$00000030)
    .ARM.Collect$$libinit$$00000032          0x08000202   Section        0  libinit2.o(.ARM.Collect$$libinit$$00000032)
    .ARM.Collect$$libinit$$00000033          0x08000202   Section        2  libinit2.o(.ARM.Collect$$libinit$$00000033)
    .ARM.Collect$$libshutdown$$00000000      0x08000204   Section        2  libshutdown.o(.ARM.Collect$$libshutdown$$00000000)
    .ARM.Collect$$libshutdown$$00000003      0x08000206   Section        0  libshutdown2.o(.ARM.Collect$$libshutdown$$00000003)
    .ARM.Collect$$libshutdown$$00000006      0x08000206   Section        0  libshutdown2.o(.ARM.Collect$$libshutdown$$00000006)
    .ARM.Collect$$libshutdown$$00000009      0x08000206   Section        0  libshutdown2.o(.ARM.Collect$$libshutdown$$00000009)
    .ARM.Collect$$libshutdown$$0000000B      0x08000206   Section        0  libshutdown2.o(.ARM.Collect$$libshutdown$$0000000B)
    .ARM.Collect$$libshutdown$$0000000E      0x08000206   Section        0  libshutdown2.o(.ARM.Collect$$libshutdown$$0000000E)
    .ARM.Collect$$libshutdown$$0000000F      0x08000206   Section        2  libshutdown2.o(.ARM.Collect$$libshutdown$$0000000F)
    .ARM.Collect$$rtentry$$00000000          0x08000208   Section        0  __rtentry.o(.ARM.Collect$$rtentry$$00000000)
    .ARM.Collect$$rtentry$$00000002          0x08000208   Section        0  __rtentry2.o(.ARM.Collect$$rtentry$$00000002)
    .ARM.Collect$$rtentry$$00000004          0x08000208   Section        6  __rtentry4.o(.ARM.Collect$$rtentry$$00000004)
    .ARM.Collect$$rtentry$$00000009          0x0800020e   Section        0  __rtentry2.o(.ARM.Collect$$rtentry$$00000009)
    .ARM.Collect$$rtentry$$0000000A          0x0800020e   Section        4  __rtentry2.o(.ARM.Collect$$rtentry$$0000000A)
    .ARM.Collect$$rtentry$$0000000C          0x08000212   Section        0  __rtentry2.o(.ARM.Collect$$rtentry$$0000000C)
    .ARM.Collect$$rtentry$$0000000D          0x08000212   Section        8  __rtentry2.o(.ARM.Collect$$rtentry$$0000000D)
    .ARM.Collect$$rtexit$$00000000           0x0800021a   Section        2  rtexit.o(.ARM.Collect$$rtexit$$00000000)
    .ARM.Collect$$rtexit$$00000002           0x0800021c   Section        0  rtexit2.o(.ARM.Collect$$rtexit$$00000002)
    .ARM.Collect$$rtexit$$00000003           0x0800021c   Section        4  rtexit2.o(.ARM.Collect$$rtexit$$00000003)
    .ARM.Collect$$rtexit$$00000004           0x08000220   Section        6  rtexit2.o(.ARM.Collect$$rtexit$$00000004)
    .text                                    0x08000228   Section       64  startup_stm32l476xx.o(.text)
    $v0                                      0x08000228   Number         0  startup_stm32l476xx.o(.text)
    .text                                    0x08000268   Section      238  lludivv7m.o(.text)
    .text                                    0x08000356   Section        0  heapauxi.o(.text)
    .text                                    0x0800035c   Section       74  sys_stackheap_outer.o(.text)
    .text                                    0x080003a6   Section        0  exit.o(.text)
    .text                                    0x080003b4   Section        8  libspace.o(.text)
    .text                                    0x080003bc   Section        0  sys_exit.o(.text)
    .text                                    0x080003c8   Section        2  use_no_semi.o(.text)
    .text                                    0x080003ca   Section        0  indicate_semi.o(.text)
    i.BusFault_Handler                       0x080003ca   Section        0  stm32l4xx_it.o(i.BusFault_Handler)
    i.DebugMon_Handler                       0x080003ce   Section        0  stm32l4xx_it.o(i.DebugMon_Handler)
    i.HAL_Delay                              0x080003d0   Section        0  stm32l4xx_hal.o(i.HAL_Delay)
    i.HAL_GPIO_Init                          0x080003ec   Section        0  stm32l4xx_hal_gpio.o(i.HAL_GPIO_Init)
    i.HAL_GPIO_TogglePin                     0x080005f4   Section        0  stm32l4xx_hal_gpio.o(i.HAL_GPIO_TogglePin)
    i.HAL_GPIO_WritePin                      0x080005fc   Section        0  stm32l4xx_hal_gpio.o(i.HAL_GPIO_WritePin)
    i.HAL_GetTick                            0x08000608   Section        0  stm32l4xx_hal.o(i.HAL_GetTick)
    i.HAL_I2CEx_ConfigAnalogFilter           0x08000614   Section        0  stm32l4xx_hal_i2c_ex.o(i.HAL_I2CEx_ConfigAnalogFilter)
    i.HAL_I2C_Init                           0x080006a0   Section        0  stm32l4xx_hal_i2c.o(i.HAL_I2C_Init)
    i.HAL_I2C_IsDeviceReady                  0x08000754   Section        0  stm32l4xx_hal_i2c.o(i.HAL_I2C_IsDeviceReady)
    i.HAL_I2C_Mem_Read                       0x080008ac   Section        0  stm32l4xx_hal_i2c.o(i.HAL_I2C_Mem_Read)
    i.HAL_I2C_Mem_Write                      0x08000a20   Section        0  stm32l4xx_hal_i2c.o(i.HAL_I2C_Mem_Write)
    i.HAL_I2C_MspInit                        0x08000b98   Section        0  stm32l4xx_hal_i2c.o(i.HAL_I2C_MspInit)
    i.HAL_IncTick                            0x08000b9c   Section        0  stm32l4xx_hal.o(i.HAL_IncTick)
    i.HAL_Init                               0x08000bac   Section        0  stm32l4xx_hal.o(i.HAL_Init)
    i.HAL_InitTick                           0x08000bc2   Section        0  stm32l4xx_hal.o(i.HAL_InitTick)
    i.HAL_MspInit                            0x08000be6   Section        0  stm32l4xx_hal.o(i.HAL_MspInit)
    i.HAL_NVIC_EnableIRQ                     0x08000be8   Section        0  stm32l4xx_hal_cortex.o(i.HAL_NVIC_EnableIRQ)
    i.HAL_NVIC_SetPriority                   0x08000c02   Section        0  stm32l4xx_hal_cortex.o(i.HAL_NVIC_SetPriority)
    i.HAL_NVIC_SetPriorityGrouping           0x08000c80   Section        0  stm32l4xx_hal_cortex.o(i.HAL_NVIC_SetPriorityGrouping)
    i.HAL_PWREx_ControlVoltageScaling        0x08000ca8   Section        0  stm32l4xx_hal_pwr_ex.o(i.HAL_PWREx_ControlVoltageScaling)
    i.HAL_PWREx_GetVoltageRange              0x08000d34   Section        0  stm32l4xx_hal_pwr_ex.o(i.HAL_PWREx_GetVoltageRange)
    i.HAL_RCC_ClockConfig                    0x08000d44   Section        0  stm32l4xx_hal_rcc.o(i.HAL_RCC_ClockConfig)
    i.HAL_RCC_GetHCLKFreq                    0x08001400   Section        0  stm32l4xx_hal_rcc.o(i.HAL_RCC_GetHCLKFreq)
    i.HAL_RCC_GetPCLK1Freq                   0x08001438   Section        0  stm32l4xx_hal_rcc.o(i.HAL_RCC_GetPCLK1Freq)
    i.HAL_RCC_GetPCLK2Freq                   0x08001464   Section        0  stm32l4xx_hal_rcc.o(i.HAL_RCC_GetPCLK2Freq)
    i.HAL_RCC_GetSysClockFreq                0x08001490   Section        0  stm32l4xx_hal_rcc.o(i.HAL_RCC_GetSysClockFreq)
    i.HAL_RCC_OscConfig                      0x0800159c   Section        0  stm32l4xx_hal_rcc.o(i.HAL_RCC_OscConfig)
    i.HAL_SYSTICK_CLKSourceConfig            0x080024c8   Section        0  stm32l4xx_hal_cortex.o(i.HAL_SYSTICK_CLKSourceConfig)
    i.HAL_SYSTICK_Config                     0x080024f0   Section        0  stm32l4xx_hal_cortex.o(i.HAL_SYSTICK_Config)
    i.HAL_TIM_Base_Init                      0x08002524   Section        0  stm32l4xx_hal_tim.o(i.HAL_TIM_Base_Init)
    i.HAL_TIM_Base_MspInit                   0x08002558   Section        0  stm32l4xx_hal_tim.o(i.HAL_TIM_Base_MspInit)
    i.HAL_UART_Init                          0x0800255a   Section        0  stm32l4xx_hal_uart.o(i.HAL_UART_Init)
    i.HAL_UART_MspInit                       0x080025d2   Section        0  stm32l4xx_hal_uart.o(i.HAL_UART_MspInit)
    i.HardFault_Handler                      0x080025d4   Section        0  stm32l4xx_it.o(i.HardFault_Handler)
    i.I2C_IsAcknowledgeFailed                0x080025d8   Section        0  stm32l4xx_hal_i2c.o(i.I2C_IsAcknowledgeFailed)
    I2C_IsAcknowledgeFailed                  0x080025d9   Thumb Code   178  stm32l4xx_hal_i2c.o(i.I2C_IsAcknowledgeFailed)
    i.I2C_RequestMemoryRead                  0x08002690   Section        0  stm32l4xx_hal_i2c.o(i.I2C_RequestMemoryRead)
    I2C_RequestMemoryRead                    0x08002691   Thumb Code   130  stm32l4xx_hal_i2c.o(i.I2C_RequestMemoryRead)
    i.I2C_RequestMemoryWrite                 0x08002712   Section        0  stm32l4xx_hal_i2c.o(i.I2C_RequestMemoryWrite)
    I2C_RequestMemoryWrite                   0x08002713   Thumb Code   130  stm32l4xx_hal_i2c.o(i.I2C_RequestMemoryWrite)
    i.I2C_TransferConfig                     0x08002794   Section        0  stm32l4xx_hal_i2c.o(i.I2C_TransferConfig)
    I2C_TransferConfig                       0x08002795   Thumb Code    42  stm32l4xx_hal_i2c.o(i.I2C_TransferConfig)
    i.I2C_WaitOnFlagUntilTimeout             0x080027c4   Section        0  stm32l4xx_hal_i2c.o(i.I2C_WaitOnFlagUntilTimeout)
    I2C_WaitOnFlagUntilTimeout               0x080027c5   Thumb Code   164  stm32l4xx_hal_i2c.o(i.I2C_WaitOnFlagUntilTimeout)
    i.I2C_WaitOnSTOPFlagUntilTimeout         0x08002868   Section        0  stm32l4xx_hal_i2c.o(i.I2C_WaitOnSTOPFlagUntilTimeout)
    I2C_WaitOnSTOPFlagUntilTimeout           0x08002869   Thumb Code    86  stm32l4xx_hal_i2c.o(i.I2C_WaitOnSTOPFlagUntilTimeout)
    i.I2C_WaitOnTXISFlagUntilTimeout         0x080028be   Section        0  stm32l4xx_hal_i2c.o(i.I2C_WaitOnTXISFlagUntilTimeout)
    I2C_WaitOnTXISFlagUntilTimeout           0x080028bf   Thumb Code    88  stm32l4xx_hal_i2c.o(i.I2C_WaitOnTXISFlagUntilTimeout)
    i.MemManage_Handler                      0x08002916   Section        0  stm32l4xx_it.o(i.MemManage_Handler)
    i.NMI_Handler                            0x0800291a   Section        0  stm32l4xx_it.o(i.NMI_Handler)
    i.NVIC_EnableIRQ                         0x0800291c   Section        0  uart.o(i.NVIC_EnableIRQ)
    NVIC_EnableIRQ                           0x0800291d   Thumb Code    22  uart.o(i.NVIC_EnableIRQ)
    i.NVIC_GetPriorityGrouping               0x08002934   Section        0  stm32l4xx_hal_cortex.o(i.NVIC_GetPriorityGrouping)
    NVIC_GetPriorityGrouping                 0x08002935   Thumb Code    10  stm32l4xx_hal_cortex.o(i.NVIC_GetPriorityGrouping)
    i.NVIC_SetPriority                       0x08002944   Section        0  uart.o(i.NVIC_SetPriority)
    NVIC_SetPriority                         0x08002945   Thumb Code    32  uart.o(i.NVIC_SetPriority)
    i.NVIC_SetPriority                       0x0800296c   Section        0  stm32l4xx_hal_cortex.o(i.NVIC_SetPriority)
    NVIC_SetPriority                         0x0800296d   Thumb Code    32  stm32l4xx_hal_cortex.o(i.NVIC_SetPriority)
    i.PendSV_Handler                         0x08002994   Section        0  stm32l4xx_it.o(i.PendSV_Handler)
    i.RCC_SetFlashLatencyFromMSIRange        0x08002998   Section        0  stm32l4xx_hal_rcc.o(i.RCC_SetFlashLatencyFromMSIRange)
    RCC_SetFlashLatencyFromMSIRange          0x08002999   Thumb Code   174  stm32l4xx_hal_rcc.o(i.RCC_SetFlashLatencyFromMSIRange)
    i.SVC_Handler                            0x08002a50   Section        0  stm32l4xx_it.o(i.SVC_Handler)
    i.SysTick_Handler                        0x08002a52   Section        0  stm32l4xx_it.o(i.SysTick_Handler)
    i.SystemClock_Config                     0x08002a5c   Section        0  hal.o(i.SystemClock_Config)
    i.SystemInit                             0x08002b00   Section        0  system_stm32l4xx.o(i.SystemInit)
    i.TIM2_IRQHandler                        0x08002b50   Section        0  timer.o(i.TIM2_IRQHandler)
    i.TIM_Base_SetConfig                     0x08002b94   Section        0  stm32l4xx_hal_tim.o(i.TIM_Base_SetConfig)
    i.UART4_IRQHandler                       0x08002c54   Section        0  uart.o(i.UART4_IRQHandler)
    i.UART_AdvFeatureConfig                  0x08002c74   Section        0  stm32l4xx_hal_uart.o(i.UART_AdvFeatureConfig)
    i.UART_CheckIdleState                    0x08002d6c   Section        0  stm32l4xx_hal_uart.o(i.UART_CheckIdleState)
    i.UART_SetConfig                         0x08002dc8   Section        0  stm32l4xx_hal_uart.o(i.UART_SetConfig)
    i.UART_WaitOnFlagUntilTimeout            0x080031e8   Section        0  stm32l4xx_hal_uart.o(i.UART_WaitOnFlagUntilTimeout)
    i.USART1_IRQHandler                      0x080032e0   Section        0  uart.o(i.USART1_IRQHandler)
    i.USART2_IRQHandler                      0x08003308   Section        0  uart.o(i.USART2_IRQHandler)
    i.USART3_IRQHandler                      0x0800330c   Section        0  uart.o(i.USART3_IRQHandler)
    i.UsageFault_Handler                     0x08003334   Section        0  stm32l4xx_it.o(i.UsageFault_Handler)
    i.__reverse                              0x08003338   Section        0  itoa.o(i.__reverse)
    __reverse                                0x08003339   Thumb Code    20  itoa.o(i.__reverse)
    i.accelerometer_x                        0x0800334c   Section        0  lsm9ds0.o(i.accelerometer_x)
    i.accelerometer_y                        0x0800336c   Section        0  lsm9ds0.o(i.accelerometer_y)
    i.accelerometer_z                        0x0800338c   Section        0  lsm9ds0.o(i.accelerometer_z)
    i.error_function                         0x080033ac   Section        0  timer.o(i.error_function)
    i.gpio_i2c_config                        0x080033f0   Section        0  i2c.o(i.gpio_i2c_config)
    i.gyro_x                                 0x08003430   Section        0  lsm9ds0.o(i.gyro_x)
    i.gyro_y                                 0x08003458   Section        0  lsm9ds0.o(i.gyro_y)
    i.gyro_z                                 0x08003478   Section        0  lsm9ds0.o(i.gyro_z)
    i.halLib_Init                            0x08003498   Section        0  hal.o(i.halLib_Init)
    i.hal_rcc_gpio_conf_i2c1                 0x08003540   Section        0  i2c.o(i.hal_rcc_gpio_conf_i2c1)
    i.hal_rcc_gpio_conf_i2c2                 0x08003580   Section        0  i2c.o(i.hal_rcc_gpio_conf_i2c2)
    i.hal_rcc_gpio_conf_i2c3                 0x080035c0   Section        0  i2c.o(i.hal_rcc_gpio_conf_i2c3)
    i.i2c1_is_device_ready                   0x08003600   Section        0  i2c.o(i.i2c1_is_device_ready)
    i.i2c_init                               0x0800361c   Section        0  i2c.o(i.i2c_init)
    i.itoa                                   0x080036b0   Section        0  itoa.o(i.itoa)
    i.ledOff                                 0x08003714   Section        0  led.o(i.ledOff)
    i.ledOn                                  0x08003724   Section        0  led.o(i.ledOn)
    i.ledToggle                              0x08003734   Section        0  led.o(i.ledToggle)
    i.led_port_init                          0x08003744   Section        0  led.o(i.led_port_init)
    i.lsm_config                             0x08003784   Section        0  lsm9ds0.o(i.lsm_config)
    i.magnetometr_x                          0x080037d6   Section        0  lsm9ds0.o(i.magnetometr_x)
    i.magnetometr_y                          0x080037f6   Section        0  lsm9ds0.o(i.magnetometr_y)
    i.magnetometr_z                          0x08003816   Section        0  lsm9ds0.o(i.magnetometr_z)
    i.main                                   0x08003838   Section        0  main.o(i.main)
    i.read_mem                               0x08003ab4   Section        0  i2c.o(i.read_mem)
    i.tim2_init                              0x08003ae0   Section        0  timer.o(i.tim2_init)
    i.tr_cls                                 0x08003b60   Section        0  mk_term.o(i.tr_cls)
    i.tr_cursor_hide                         0x08003b8c   Section        0  mk_term.o(i.tr_cursor_hide)
    i.tr_locate                              0x08003bac   Section        0  mk_term.o(i.tr_locate)
    i.uart4_Write                            0x08003bd8   Section        0  uart.o(i.uart4_Write)
    i.uart4_WriteS                           0x08003bf4   Section        0  uart.o(i.uart4_WriteS)
    i.uart4_init                             0x08003c20   Section        0  uart.o(i.uart4_init)
    i.uart5_Write                            0x08003cf4   Section        0  uart.o(i.uart5_Write)
    i.uart5_WriteS                           0x08003d0c   Section        0  uart.o(i.uart5_WriteS)
    i.uart5_init                             0x08003d38   Section        0  uart.o(i.uart5_init)
    i.usart1_Write                           0x08003e28   Section        0  uart.o(i.usart1_Write)
    i.usart1_WriteS                          0x08003e48   Section        0  uart.o(i.usart1_WriteS)
    i.usart1_init                            0x08003e74   Section        0  uart.o(i.usart1_init)
    i.usart1_odczyt                          0x08003f48   Section        0  uart.o(i.usart1_odczyt)
    i.usart2_Write                           0x08003fd4   Section        0  uart.o(i.usart2_Write)
    i.usart2_WriteS                          0x08003ff4   Section        0  uart.o(i.usart2_WriteS)
    i.usart2_init                            0x08004020   Section        0  uart.o(i.usart2_init)
    i.usart3_Write                           0x080040f4   Section        0  uart.o(i.usart3_Write)
    i.usart3_WriteS                          0x08004114   Section        0  uart.o(i.usart3_WriteS)
    i.usart3_init                            0x08004140   Section        0  uart.o(i.usart3_init)
    i.usart3_odczyt                          0x08004214   Section        0  uart.o(i.usart3_odczyt)
    i.write_mem                              0x080042a0   Section        0  i2c.o(i.write_mem)
    x$fpl$fpinit                             0x080042cc   Section       10  fpinit.o(x$fpl$fpinit)
    $v0                                      0x080042cc   Number         0  fpinit.o(x$fpl$fpinit)
    .constdata                               0x080042d8   Section      100  hal.o(.constdata)
    .constdata                               0x0800433c   Section       17  itoa.o(.constdata)
    digits                                   0x0800433c   Data          17  itoa.o(.constdata)
    .constdata                               0x08004350   Section       64  system_stm32l4xx.o(.constdata)
    .constdata                               0x08004390   Section        8  stm32l4xx_hal_rcc.o(.constdata)
    .data                                    0x20000000   Section        1  main.o(.data)
    .data                                    0x20000004   Section        8  hal.o(.data)
    .data                                    0x2000000c   Section       17  uart.o(.data)
    .data                                    0x20000020   Section       16  timer.o(.data)
    .data                                    0x20000030   Section       28  mk_term.o(.data)
    .data                                    0x2000004c   Section        2  lsm9ds0.o(.data)
    .data                                    0x20000050   Section        4  system_stm32l4xx.o(.data)
    .data                                    0x20000054   Section        4  stm32l4xx_hal.o(.data)
    uwTick                                   0x20000054   Data           4  stm32l4xx_hal.o(.data)
    .bss                                     0x20000058   Section     2560  uart.o(.bss)
    .bss                                     0x20000a58   Section       76  timer.o(.bss)
    .bss                                     0x20000aa4   Section       60  i2c.o(.bss)
    .bss                                     0x20000ae0   Section       96  libspace.o(.bss)
    HEAP                                     0x20000b40   Section      512  startup_stm32l476xx.o(HEAP)
    Heap_Mem                                 0x20000b40   Data         512  startup_stm32l476xx.o(HEAP)
    STACK                                    0x20000d40   Section     1024  startup_stm32l476xx.o(STACK)
    Stack_Mem                                0x20000d40   Data        1024  startup_stm32l476xx.o(STACK)
    __initial_sp                             0x20001140   Data           0  startup_stm32l476xx.o(STACK)

    Global Symbols

    Symbol Name                              Value     Ov Type        Size  Object(Section)

    BuildAttributes$$THM_ISAv4$E$P$D$K$B$S$7EM$VFPi3$EXTD16$VFPS$VFMA$PE$A:L22UL41UL21$X:L11$S22US41US21$IEEE1$IW$USESV6$~STKCKD$USESV7$~SHL$OSPACE$ROPI$EBA8$UX$STANDARDLIB$REQ8$PRES8$EABIv2 0x00000000   Number         0  anon$$obj.o ABSOLUTE
    __ARM_use_no_argv                        0x00000000   Number         0  main.o ABSOLUTE
    __ARM_exceptions_init                     - Undefined Weak Reference
    __alloca_initialize                       - Undefined Weak Reference
    __arm_preinit_                            - Undefined Weak Reference
    __cpp_initialize__aeabi_                  - Undefined Weak Reference
    __cxa_finalize                            - Undefined Weak Reference
    __rt_locale                               - Undefined Weak Reference
    __sigvec_lookup                           - Undefined Weak Reference
    _atexit_init                              - Undefined Weak Reference
    _call_atexit_fns                          - Undefined Weak Reference
    _clock_init                               - Undefined Weak Reference
    _fp_trap_init                             - Undefined Weak Reference
    _fp_trap_shutdown                         - Undefined Weak Reference
    _get_lc_collate                           - Undefined Weak Reference
    _get_lc_ctype                             - Undefined Weak Reference
    _get_lc_monetary                          - Undefined Weak Reference
    _get_lc_numeric                           - Undefined Weak Reference
    _get_lc_time                              - Undefined Weak Reference
    _getenv_init                              - Undefined Weak Reference
    _handle_redirection                       - Undefined Weak Reference
    _init_alloc                               - Undefined Weak Reference
    _init_user_alloc                          - Undefined Weak Reference
    _initio                                   - Undefined Weak Reference
    _rand_init                                - Undefined Weak Reference
    _signal_finish                            - Undefined Weak Reference
    _signal_init                              - Undefined Weak Reference
    _terminate_alloc                          - Undefined Weak Reference
    _terminate_user_alloc                     - Undefined Weak Reference
    _terminateio                              - Undefined Weak Reference
    __Vectors_Size                           0x00000188   Number         0  startup_stm32l476xx.o ABSOLUTE
    __Vectors                                0x08000000   Data           4  startup_stm32l476xx.o(RESET)
    __Vectors_End                            0x08000188   Data           0  startup_stm32l476xx.o(RESET)
    __main                                   0x08000189   Thumb Code     8  __main.o(!!!main)
    __scatterload                            0x08000191   Thumb Code     0  __scatter.o(!!!scatter)
    __scatterload_rt2                        0x08000191   Thumb Code    44  __scatter.o(!!!scatter)
    __scatterload_rt2_thumb_only             0x08000191   Thumb Code     0  __scatter.o(!!!scatter)
    __scatterload_null                       0x0800019f   Thumb Code     0  __scatter.o(!!!scatter)
    __scatterload_copy                       0x080001c5   Thumb Code    26  __scatter_copy.o(!!handler_copy)
    __scatterload_zeroinit                   0x080001e1   Thumb Code    28  __scatter_zi.o(!!handler_zi)
    __rt_lib_init                            0x080001fd   Thumb Code     0  libinit.o(.ARM.Collect$$libinit$$00000000)
    __rt_lib_init_fp_1                       0x080001ff   Thumb Code     0  libinit2.o(.ARM.Collect$$libinit$$00000001)
    __rt_lib_init_alloca_1                   0x08000203   Thumb Code     0  libinit2.o(.ARM.Collect$$libinit$$0000002E)
    __rt_lib_init_argv_1                     0x08000203   Thumb Code     0  libinit2.o(.ARM.Collect$$libinit$$0000002C)
    __rt_lib_init_atexit_1                   0x08000203   Thumb Code     0  libinit2.o(.ARM.Collect$$libinit$$0000001B)
    __rt_lib_init_clock_1                    0x08000203   Thumb Code     0  libinit2.o(.ARM.Collect$$libinit$$00000021)
    __rt_lib_init_cpp_1                      0x08000203   Thumb Code     0  libinit2.o(.ARM.Collect$$libinit$$00000032)
    __rt_lib_init_exceptions_1               0x08000203   Thumb Code     0  libinit2.o(.ARM.Collect$$libinit$$00000030)
    __rt_lib_init_fp_trap_1                  0x08000203   Thumb Code     0  libinit2.o(.ARM.Collect$$libinit$$0000001F)
    __rt_lib_init_getenv_1                   0x08000203   Thumb Code     0  libinit2.o(.ARM.Collect$$libinit$$00000023)
    __rt_lib_init_heap_1                     0x08000203   Thumb Code     0  libinit2.o(.ARM.Collect$$libinit$$0000000A)
    __rt_lib_init_lc_collate_1               0x08000203   Thumb Code     0  libinit2.o(.ARM.Collect$$libinit$$00000011)
    __rt_lib_init_lc_ctype_1                 0x08000203   Thumb Code     0  libinit2.o(.ARM.Collect$$libinit$$00000013)
    __rt_lib_init_lc_monetary_1              0x08000203   Thumb Code     0  libinit2.o(.ARM.Collect$$libinit$$00000015)
    __rt_lib_init_lc_numeric_1               0x08000203   Thumb Code     0  libinit2.o(.ARM.Collect$$libinit$$00000017)
    __rt_lib_init_lc_time_1                  0x08000203   Thumb Code     0  libinit2.o(.ARM.Collect$$libinit$$00000019)
    __rt_lib_init_preinit_1                  0x08000203   Thumb Code     0  libinit2.o(.ARM.Collect$$libinit$$00000004)
    __rt_lib_init_rand_1                     0x08000203   Thumb Code     0  libinit2.o(.ARM.Collect$$libinit$$0000000E)
    __rt_lib_init_return                     0x08000203   Thumb Code     0  libinit2.o(.ARM.Collect$$libinit$$00000033)
    __rt_lib_init_signal_1                   0x08000203   Thumb Code     0  libinit2.o(.ARM.Collect$$libinit$$0000001D)
    __rt_lib_init_stdio_1                    0x08000203   Thumb Code     0  libinit2.o(.ARM.Collect$$libinit$$00000025)
    __rt_lib_init_user_alloc_1               0x08000203   Thumb Code     0  libinit2.o(.ARM.Collect$$libinit$$0000000C)
    __rt_lib_shutdown                        0x08000205   Thumb Code     0  libshutdown.o(.ARM.Collect$$libshutdown$$00000000)
    __rt_lib_shutdown_fp_trap_1              0x08000207   Thumb Code     0  libshutdown2.o(.ARM.Collect$$libshutdown$$00000006)
    __rt_lib_shutdown_heap_1                 0x08000207   Thumb Code     0  libshutdown2.o(.ARM.Collect$$libshutdown$$0000000E)
    __rt_lib_shutdown_return                 0x08000207   Thumb Code     0  libshutdown2.o(.ARM.Collect$$libshutdown$$0000000F)
    __rt_lib_shutdown_signal_1               0x08000207   Thumb Code     0  libshutdown2.o(.ARM.Collect$$libshutdown$$00000009)
    __rt_lib_shutdown_stdio_1                0x08000207   Thumb Code     0  libshutdown2.o(.ARM.Collect$$libshutdown$$00000003)
    __rt_lib_shutdown_user_alloc_1           0x08000207   Thumb Code     0  libshutdown2.o(.ARM.Collect$$libshutdown$$0000000B)
    __rt_entry                               0x08000209   Thumb Code     0  __rtentry.o(.ARM.Collect$$rtentry$$00000000)
    __rt_entry_presh_1                       0x08000209   Thumb Code     0  __rtentry2.o(.ARM.Collect$$rtentry$$00000002)
    __rt_entry_sh                            0x08000209   Thumb Code     0  __rtentry4.o(.ARM.Collect$$rtentry$$00000004)
    __rt_entry_li                            0x0800020f   Thumb Code     0  __rtentry2.o(.ARM.Collect$$rtentry$$0000000A)
    __rt_entry_postsh_1                      0x0800020f   Thumb Code     0  __rtentry2.o(.ARM.Collect$$rtentry$$00000009)
    __rt_entry_main                          0x08000213   Thumb Code     0  __rtentry2.o(.ARM.Collect$$rtentry$$0000000D)
    __rt_entry_postli_1                      0x08000213   Thumb Code     0  __rtentry2.o(.ARM.Collect$$rtentry$$0000000C)
    __rt_exit                                0x0800021b   Thumb Code     0  rtexit.o(.ARM.Collect$$rtexit$$00000000)
    __rt_exit_ls                             0x0800021d   Thumb Code     0  rtexit2.o(.ARM.Collect$$rtexit$$00000003)
    __rt_exit_prels_1                        0x0800021d   Thumb Code     0  rtexit2.o(.ARM.Collect$$rtexit$$00000002)
    __rt_exit_exit                           0x08000221   Thumb Code     0  rtexit2.o(.ARM.Collect$$rtexit$$00000004)
    Reset_Handler                            0x08000229   Thumb Code     8  startup_stm32l476xx.o(.text)
    ADC1_2_IRQHandler                        0x08000243   Thumb Code     0  startup_stm32l476xx.o(.text)
    ADC3_IRQHandler                          0x08000243   Thumb Code     0  startup_stm32l476xx.o(.text)
    CAN1_RX0_IRQHandler                      0x08000243   Thumb Code     0  startup_stm32l476xx.o(.text)
    CAN1_RX1_IRQHandler                      0x08000243   Thumb Code     0  startup_stm32l476xx.o(.text)
    CAN1_SCE_IRQHandler                      0x08000243   Thumb Code     0  startup_stm32l476xx.o(.text)
    CAN1_TX_IRQHandler                       0x08000243   Thumb Code     0  startup_stm32l476xx.o(.text)
    COMP_IRQHandler                          0x08000243   Thumb Code     0  startup_stm32l476xx.o(.text)
    DFSDM0_IRQHandler                        0x08000243   Thumb Code     0  startup_stm32l476xx.o(.text)
    DFSDM1_IRQHandler                        0x08000243   Thumb Code     0  startup_stm32l476xx.o(.text)
    DFSDM2_IRQHandler                        0x08000243   Thumb Code     0  startup_stm32l476xx.o(.text)
    DFSDM3_IRQHandler                        0x08000243   Thumb Code     0  startup_stm32l476xx.o(.text)
    DMA1_Channel1_IRQHandler                 0x08000243   Thumb Code     0  startup_stm32l476xx.o(.text)
    DMA1_Channel2_IRQHandler                 0x08000243   Thumb Code     0  startup_stm32l476xx.o(.text)
    DMA1_Channel3_IRQHandler                 0x08000243   Thumb Code     0  startup_stm32l476xx.o(.text)
    DMA1_Channel4_IRQHandler                 0x08000243   Thumb Code     0  startup_stm32l476xx.o(.text)
    DMA1_Channel5_IRQHandler                 0x08000243   Thumb Code     0  startup_stm32l476xx.o(.text)
    DMA1_Channel6_IRQHandler                 0x08000243   Thumb Code     0  startup_stm32l476xx.o(.text)
    DMA1_Channel7_IRQHandler                 0x08000243   Thumb Code     0  startup_stm32l476xx.o(.text)
    DMA2_Channel1_IRQHandler                 0x08000243   Thumb Code     0  startup_stm32l476xx.o(.text)
    DMA2_Channel2_IRQHandler                 0x08000243   Thumb Code     0  startup_stm32l476xx.o(.text)
    DMA2_Channel3_IRQHandler                 0x08000243   Thumb Code     0  startup_stm32l476xx.o(.text)
    DMA2_Channel4_IRQHandler                 0x08000243   Thumb Code     0  startup_stm32l476xx.o(.text)
    DMA2_Channel5_IRQHandler                 0x08000243   Thumb Code     0  startup_stm32l476xx.o(.text)
    DMA2_Channel6_IRQHandler                 0x08000243   Thumb Code     0  startup_stm32l476xx.o(.text)
    DMA2_Channel7_IRQHandler                 0x08000243   Thumb Code     0  startup_stm32l476xx.o(.text)
    EXTI0_IRQHandler                         0x08000243   Thumb Code     0  startup_stm32l476xx.o(.text)
    EXTI15_10_IRQHandler                     0x08000243   Thumb Code     0  startup_stm32l476xx.o(.text)
    EXTI1_IRQHandler                         0x08000243   Thumb Code     0  startup_stm32l476xx.o(.text)
    EXTI2_IRQHandler                         0x08000243   Thumb Code     0  startup_stm32l476xx.o(.text)
    EXTI3_IRQHandler                         0x08000243   Thumb Code     0  startup_stm32l476xx.o(.text)
    EXTI4_IRQHandler                         0x08000243   Thumb Code     0  startup_stm32l476xx.o(.text)
    EXTI9_5_IRQHandler                       0x08000243   Thumb Code     0  startup_stm32l476xx.o(.text)
    FLASH_IRQHandler                         0x08000243   Thumb Code     0  startup_stm32l476xx.o(.text)
    FMC_IRQHandler                           0x08000243   Thumb Code     0  startup_stm32l476xx.o(.text)
    FPU_IRQHandler                           0x08000243   Thumb Code     0  startup_stm32l476xx.o(.text)
    I2C1_ER_IRQHandler                       0x08000243   Thumb Code     0  startup_stm32l476xx.o(.text)
    I2C1_EV_IRQHandler                       0x08000243   Thumb Code     0  startup_stm32l476xx.o(.text)
    I2C2_ER_IRQHandler                       0x08000243   Thumb Code     0  startup_stm32l476xx.o(.text)
    I2C2_EV_IRQHandler                       0x08000243   Thumb Code     0  startup_stm32l476xx.o(.text)
    I2C3_ER_IRQHandler                       0x08000243   Thumb Code     0  startup_stm32l476xx.o(.text)
    I2C3_EV_IRQHandler                       0x08000243   Thumb Code     0  startup_stm32l476xx.o(.text)
    LCD_IRQHandler                           0x08000243   Thumb Code     0  startup_stm32l476xx.o(.text)
    LPTIM1_IRQHandler                        0x08000243   Thumb Code     0  startup_stm32l476xx.o(.text)
    LPTIM2_IRQHandler                        0x08000243   Thumb Code     0  startup_stm32l476xx.o(.text)
    LPUART1_IRQHandler                       0x08000243   Thumb Code     0  startup_stm32l476xx.o(.text)
    OTG_FS_IRQHandler                        0x08000243   Thumb Code     0  startup_stm32l476xx.o(.text)
    PVD_PVM_IRQHandler                       0x08000243   Thumb Code     0  startup_stm32l476xx.o(.text)
    QUADSPI_IRQHandler                       0x08000243   Thumb Code     0  startup_stm32l476xx.o(.text)
    RCC_IRQHandler                           0x08000243   Thumb Code     0  startup_stm32l476xx.o(.text)
    RNG_IRQHandler                           0x08000243   Thumb Code     0  startup_stm32l476xx.o(.text)
    RTC_Alarm_IRQHandler                     0x08000243   Thumb Code     0  startup_stm32l476xx.o(.text)
    RTC_WKUP_IRQHandler                      0x08000243   Thumb Code     0  startup_stm32l476xx.o(.text)
    SAI1_IRQHandler                          0x08000243   Thumb Code     0  startup_stm32l476xx.o(.text)
    SAI2_IRQHandler                          0x08000243   Thumb Code     0  startup_stm32l476xx.o(.text)
    SDMMC1_IRQHandler                        0x08000243   Thumb Code     0  startup_stm32l476xx.o(.text)
    SPI1_IRQHandler                          0x08000243   Thumb Code     0  startup_stm32l476xx.o(.text)
    SPI2_IRQHandler                          0x08000243   Thumb Code     0  startup_stm32l476xx.o(.text)
    SPI3_IRQHandler                          0x08000243   Thumb Code     0  startup_stm32l476xx.o(.text)
    SWPMI1_IRQHandler                        0x08000243   Thumb Code     0  startup_stm32l476xx.o(.text)
    TAMP_STAMP_IRQHandler                    0x08000243   Thumb Code     0  startup_stm32l476xx.o(.text)
    TIM1_BRK_TIM15_IRQHandler                0x08000243   Thumb Code     0  startup_stm32l476xx.o(.text)
    TIM1_CC_IRQHandler                       0x08000243   Thumb Code     0  startup_stm32l476xx.o(.text)
    TIM1_TRG_COM_TIM17_IRQHandler            0x08000243   Thumb Code     0  startup_stm32l476xx.o(.text)
    TIM1_UP_TIM16_IRQHandler                 0x08000243   Thumb Code     0  startup_stm32l476xx.o(.text)
    TIM3_IRQHandler                          0x08000243   Thumb Code     0  startup_stm32l476xx.o(.text)
    TIM4_IRQHandler                          0x08000243   Thumb Code     0  startup_stm32l476xx.o(.text)
    TIM5_IRQHandler                          0x08000243   Thumb Code     0  startup_stm32l476xx.o(.text)
    TIM6_DAC_IRQHandler                      0x08000243   Thumb Code     0  startup_stm32l476xx.o(.text)
    TIM7_IRQHandler                          0x08000243   Thumb Code     0  startup_stm32l476xx.o(.text)
    TIM8_BRK_IRQHandler                      0x08000243   Thumb Code     0  startup_stm32l476xx.o(.text)
    TIM8_CC_IRQHandler                       0x08000243   Thumb Code     0  startup_stm32l476xx.o(.text)
    TIM8_TRG_COM_IRQHandler                  0x08000243   Thumb Code     0  startup_stm32l476xx.o(.text)
    TIM8_UP_IRQHandler                       0x08000243   Thumb Code     0  startup_stm32l476xx.o(.text)
    TSC_IRQHandler                           0x08000243   Thumb Code     0  startup_stm32l476xx.o(.text)
    UART5_IRQHandler                         0x08000243   Thumb Code     0  startup_stm32l476xx.o(.text)
    WWDG_IRQHandler                          0x08000243   Thumb Code     0  startup_stm32l476xx.o(.text)
    __user_initial_stackheap                 0x08000245   Thumb Code     0  startup_stm32l476xx.o(.text)
    __aeabi_uldivmod                         0x08000269   Thumb Code     0  lludivv7m.o(.text)
    _ll_udiv                                 0x08000269   Thumb Code   238  lludivv7m.o(.text)
    __use_two_region_memory                  0x08000357   Thumb Code     2  heapauxi.o(.text)
    __rt_heap_escrow$2region                 0x08000359   Thumb Code     2  heapauxi.o(.text)
    __rt_heap_expand$2region                 0x0800035b   Thumb Code     2  heapauxi.o(.text)
    __user_setup_stackheap                   0x0800035d   Thumb Code    74  sys_stackheap_outer.o(.text)
    exit                                     0x080003a7   Thumb Code    12  exit.o(.text)
    __user_libspace                          0x080003b5   Thumb Code     8  libspace.o(.text)
    __user_perproc_libspace                  0x080003b5   Thumb Code     0  libspace.o(.text)
    __user_perthread_libspace                0x080003b5   Thumb Code     0  libspace.o(.text)
    _sys_exit                                0x080003bd   Thumb Code     8  sys_exit.o(.text)
    __I$use$semihosting                      0x080003c9   Thumb Code     0  use_no_semi.o(.text)
    __use_no_semihosting_swi                 0x080003c9   Thumb Code     2  use_no_semi.o(.text)
    BusFault_Handler                         0x080003cb   Thumb Code     4  stm32l4xx_it.o(i.BusFault_Handler)
    __semihosting_library_function           0x080003cb   Thumb Code     0  indicate_semi.o(.text)
    DebugMon_Handler                         0x080003cf   Thumb Code     2  stm32l4xx_it.o(i.DebugMon_Handler)
    HAL_Delay                                0x080003d1   Thumb Code    26  stm32l4xx_hal.o(i.HAL_Delay)
    HAL_GPIO_Init                            0x080003ed   Thumb Code   484  stm32l4xx_hal_gpio.o(i.HAL_GPIO_Init)
    HAL_GPIO_TogglePin                       0x080005f5   Thumb Code     8  stm32l4xx_hal_gpio.o(i.HAL_GPIO_TogglePin)
    HAL_GPIO_WritePin                        0x080005fd   Thumb Code    10  stm32l4xx_hal_gpio.o(i.HAL_GPIO_WritePin)
    HAL_GetTick                              0x08000609   Thumb Code     6  stm32l4xx_hal.o(i.HAL_GetTick)
    HAL_I2CEx_ConfigAnalogFilter             0x08000615   Thumb Code   140  stm32l4xx_hal_i2c_ex.o(i.HAL_I2CEx_ConfigAnalogFilter)
    HAL_I2C_Init                             0x080006a1   Thumb Code   176  stm32l4xx_hal_i2c.o(i.HAL_I2C_Init)
    HAL_I2C_IsDeviceReady                    0x08000755   Thumb Code   344  stm32l4xx_hal_i2c.o(i.HAL_I2C_IsDeviceReady)
    HAL_I2C_Mem_Read                         0x080008ad   Thumb Code   368  stm32l4xx_hal_i2c.o(i.HAL_I2C_Mem_Read)
    HAL_I2C_Mem_Write                        0x08000a21   Thumb Code   370  stm32l4xx_hal_i2c.o(i.HAL_I2C_Mem_Write)
    HAL_I2C_MspInit                          0x08000b99   Thumb Code     2  stm32l4xx_hal_i2c.o(i.HAL_I2C_MspInit)
    HAL_IncTick                              0x08000b9d   Thumb Code    12  stm32l4xx_hal.o(i.HAL_IncTick)
    HAL_Init                                 0x08000bad   Thumb Code    22  stm32l4xx_hal.o(i.HAL_Init)
    HAL_InitTick                             0x08000bc3   Thumb Code    36  stm32l4xx_hal.o(i.HAL_InitTick)
    HAL_MspInit                              0x08000be7   Thumb Code     2  stm32l4xx_hal.o(i.HAL_MspInit)
    HAL_NVIC_EnableIRQ                       0x08000be9   Thumb Code    26  stm32l4xx_hal_cortex.o(i.HAL_NVIC_EnableIRQ)
    HAL_NVIC_SetPriority                     0x08000c03   Thumb Code   124  stm32l4xx_hal_cortex.o(i.HAL_NVIC_SetPriority)
    HAL_NVIC_SetPriorityGrouping             0x08000c81   Thumb Code    32  stm32l4xx_hal_cortex.o(i.HAL_NVIC_SetPriorityGrouping)
    HAL_PWREx_ControlVoltageScaling          0x08000ca9   Thumb Code   128  stm32l4xx_hal_pwr_ex.o(i.HAL_PWREx_ControlVoltageScaling)
    HAL_PWREx_GetVoltageRange                0x08000d35   Thumb Code    10  stm32l4xx_hal_pwr_ex.o(i.HAL_PWREx_GetVoltageRange)
    HAL_RCC_ClockConfig                      0x08000d45   Thumb Code  1716  stm32l4xx_hal_rcc.o(i.HAL_RCC_ClockConfig)
    HAL_RCC_GetHCLKFreq                      0x08001401   Thumb Code    42  stm32l4xx_hal_rcc.o(i.HAL_RCC_GetHCLKFreq)
    HAL_RCC_GetPCLK1Freq                     0x08001439   Thumb Code    36  stm32l4xx_hal_rcc.o(i.HAL_RCC_GetPCLK1Freq)
    HAL_RCC_GetPCLK2Freq                     0x08001465   Thumb Code    36  stm32l4xx_hal_rcc.o(i.HAL_RCC_GetPCLK2Freq)
    HAL_RCC_GetSysClockFreq                  0x08001491   Thumb Code   252  stm32l4xx_hal_rcc.o(i.HAL_RCC_GetSysClockFreq)
    HAL_RCC_OscConfig                        0x0800159d   Thumb Code  3876  stm32l4xx_hal_rcc.o(i.HAL_RCC_OscConfig)
    HAL_SYSTICK_CLKSourceConfig              0x080024c9   Thumb Code    40  stm32l4xx_hal_cortex.o(i.HAL_SYSTICK_CLKSourceConfig)
    HAL_SYSTICK_Config                       0x080024f1   Thumb Code    52  stm32l4xx_hal_cortex.o(i.HAL_SYSTICK_Config)
    HAL_TIM_Base_Init                        0x08002525   Thumb Code    52  stm32l4xx_hal_tim.o(i.HAL_TIM_Base_Init)
    HAL_TIM_Base_MspInit                     0x08002559   Thumb Code     2  stm32l4xx_hal_tim.o(i.HAL_TIM_Base_MspInit)
    HAL_UART_Init                            0x0800255b   Thumb Code   120  stm32l4xx_hal_uart.o(i.HAL_UART_Init)
    HAL_UART_MspInit                         0x080025d3   Thumb Code     2  stm32l4xx_hal_uart.o(i.HAL_UART_MspInit)
    HardFault_Handler                        0x080025d5   Thumb Code     4  stm32l4xx_it.o(i.HardFault_Handler)
    MemManage_Handler                        0x08002917   Thumb Code     4  stm32l4xx_it.o(i.MemManage_Handler)
    NMI_Handler                              0x0800291b   Thumb Code     2  stm32l4xx_it.o(i.NMI_Handler)
    PendSV_Handler                           0x08002995   Thumb Code     2  stm32l4xx_it.o(i.PendSV_Handler)
    SVC_Handler                              0x08002a51   Thumb Code     2  stm32l4xx_it.o(i.SVC_Handler)
    SysTick_Handler                          0x08002a53   Thumb Code     8  stm32l4xx_it.o(i.SysTick_Handler)
    SystemClock_Config                       0x08002a5d   Thumb Code   160  hal.o(i.SystemClock_Config)
    SystemInit                               0x08002b01   Thumb Code    68  system_stm32l4xx.o(i.SystemInit)
    TIM2_IRQHandler                          0x08002b51   Thumb Code    52  timer.o(i.TIM2_IRQHandler)
    TIM_Base_SetConfig                       0x08002b95   Thumb Code   160  stm32l4xx_hal_tim.o(i.TIM_Base_SetConfig)
    UART4_IRQHandler                         0x08002c55   Thumb Code    20  uart.o(i.UART4_IRQHandler)
    UART_AdvFeatureConfig                    0x08002c75   Thumb Code   248  stm32l4xx_hal_uart.o(i.UART_AdvFeatureConfig)
    UART_CheckIdleState                      0x08002d6d   Thumb Code    92  stm32l4xx_hal_uart.o(i.UART_CheckIdleState)
    UART_SetConfig                           0x08002dc9   Thumb Code  1056  stm32l4xx_hal_uart.o(i.UART_SetConfig)
    UART_WaitOnFlagUntilTimeout              0x080031e9   Thumb Code   246  stm32l4xx_hal_uart.o(i.UART_WaitOnFlagUntilTimeout)
    USART1_IRQHandler                        0x080032e1   Thumb Code    32  uart.o(i.USART1_IRQHandler)
    USART2_IRQHandler                        0x08003309   Thumb Code     2  uart.o(i.USART2_IRQHandler)
    USART3_IRQHandler                        0x0800330d   Thumb Code    32  uart.o(i.USART3_IRQHandler)
    UsageFault_Handler                       0x08003335   Thumb Code     4  stm32l4xx_it.o(i.UsageFault_Handler)
    accelerometer_x                          0x0800334d   Thumb Code    32  lsm9ds0.o(i.accelerometer_x)
    accelerometer_y                          0x0800336d   Thumb Code    32  lsm9ds0.o(i.accelerometer_y)
    accelerometer_z                          0x0800338d   Thumb Code    32  lsm9ds0.o(i.accelerometer_z)
    error_function                           0x080033ad   Thumb Code    20  timer.o(i.error_function)
    gpio_i2c_config                          0x080033f1   Thumb Code    62  i2c.o(i.gpio_i2c_config)
    gyro_x                                   0x08003431   Thumb Code    36  lsm9ds0.o(i.gyro_x)
    gyro_y                                   0x08003459   Thumb Code    32  lsm9ds0.o(i.gyro_y)
    gyro_z                                   0x08003479   Thumb Code    32  lsm9ds0.o(i.gyro_z)
    halLib_Init                              0x08003499   Thumb Code    86  hal.o(i.halLib_Init)
    hal_rcc_gpio_conf_i2c1                   0x08003541   Thumb Code    58  i2c.o(i.hal_rcc_gpio_conf_i2c1)
    hal_rcc_gpio_conf_i2c2                   0x08003581   Thumb Code    58  i2c.o(i.hal_rcc_gpio_conf_i2c2)
    hal_rcc_gpio_conf_i2c3                   0x080035c1   Thumb Code    58  i2c.o(i.hal_rcc_gpio_conf_i2c3)
    i2c1_is_device_ready                     0x08003601   Thumb Code    22  i2c.o(i.i2c1_is_device_ready)
    i2c_init                                 0x0800361d   Thumb Code   130  i2c.o(i.i2c_init)
    itoa                                     0x080036b1   Thumb Code    94  itoa.o(i.itoa)
    ledOff                                   0x08003715   Thumb Code    16  led.o(i.ledOff)
    ledOn                                    0x08003725   Thumb Code    16  led.o(i.ledOn)
    ledToggle                                0x08003735   Thumb Code    14  led.o(i.ledToggle)
    led_port_init                            0x08003745   Thumb Code    60  led.o(i.led_port_init)
    lsm_config                               0x08003785   Thumb Code    82  lsm9ds0.o(i.lsm_config)
    magnetometr_x                            0x080037d7   Thumb Code    32  lsm9ds0.o(i.magnetometr_x)
    magnetometr_y                            0x080037f7   Thumb Code    32  lsm9ds0.o(i.magnetometr_y)
    magnetometr_z                            0x08003817   Thumb Code    32  lsm9ds0.o(i.magnetometr_z)
    main                                     0x08003839   Thumb Code   476  main.o(i.main)
    read_mem                                 0x08003ab5   Thumb Code    40  i2c.o(i.read_mem)
    tim2_init                                0x08003ae1   Thumb Code   118  timer.o(i.tim2_init)
    tr_cls                                   0x08003b61   Thumb Code    30  mk_term.o(i.tr_cls)
    tr_cursor_hide                           0x08003b8d   Thumb Code    22  mk_term.o(i.tr_cursor_hide)
    tr_locate                                0x08003bad   Thumb Code    44  mk_term.o(i.tr_locate)
    uart4_Write                              0x08003bd9   Thumb Code    22  uart.o(i.uart4_Write)
    uart4_WriteS                             0x08003bf5   Thumb Code    38  uart.o(i.uart4_WriteS)
    uart4_init                               0x08003c21   Thumb Code   198  uart.o(i.uart4_init)
    uart5_Write                              0x08003cf5   Thumb Code    20  uart.o(i.uart5_Write)
    uart5_WriteS                             0x08003d0d   Thumb Code    38  uart.o(i.uart5_WriteS)
    uart5_init                               0x08003d39   Thumb Code   220  uart.o(i.uart5_init)
    usart1_Write                             0x08003e29   Thumb Code    22  uart.o(i.usart1_Write)
    usart1_WriteS                            0x08003e49   Thumb Code    38  uart.o(i.usart1_WriteS)
    usart1_init                              0x08003e75   Thumb Code   198  uart.o(i.usart1_init)
    usart1_odczyt                            0x08003f49   Thumb Code   126  uart.o(i.usart1_odczyt)
    usart2_Write                             0x08003fd5   Thumb Code    22  uart.o(i.usart2_Write)
    usart2_WriteS                            0x08003ff5   Thumb Code    38  uart.o(i.usart2_WriteS)
    usart2_init                              0x08004021   Thumb Code   198  uart.o(i.usart2_init)
    usart3_Write                             0x080040f5   Thumb Code    22  uart.o(i.usart3_Write)
    usart3_WriteS                            0x08004115   Thumb Code    38  uart.o(i.usart3_WriteS)
    usart3_init                              0x08004141   Thumb Code   194  uart.o(i.usart3_init)
    usart3_odczyt                            0x08004215   Thumb Code   126  uart.o(i.usart3_odczyt)
    write_mem                                0x080042a1   Thumb Code    40  i2c.o(i.write_mem)
    _fp_init                                 0x080042cd   Thumb Code    10  fpinit.o(x$fpl$fpinit)
    __fplib_config_fpu_vfp                   0x080042d5   Thumb Code     0  fpinit.o(x$fpl$fpinit)
    __fplib_config_pureend_doubles           0x080042d5   Thumb Code     0  fpinit.o(x$fpl$fpinit)
    halLib                                   0x080042d8   Data         100  hal.o(.constdata)
    AHBPrescTable                            0x08004350   Data          16  system_stm32l4xx.o(.constdata)
    MSIRangeTable                            0x08004360   Data          48  system_stm32l4xx.o(.constdata)
    APBAHBPrescTable                         0x08004390   Data           8  stm32l4xx_hal_rcc.o(.constdata)
    Region$$Table$$Base                      0x08004398   Number         0  anon$$obj.o(Region$$Table)
    Region$$Table$$Limit                     0x080043b8   Number         0  anon$$obj.o(Region$$Table)
    i2c1_response                            0x20000000   Data           1  main.o(.data)
    usart_stat                               0x20000004   Data           1  hal.o(.data)
    tim2_stat                                0x20000005   Data           1  hal.o(.data)
    i2c1_status                              0x20000006   Data           1  hal.o(.data)
    HAL                                      0x20000008   Data           4  hal.o(.data)
    temp                                     0x2000000c   Data           1  uart.o(.data)
    usart1_rx                                0x2000000d   Data           1  uart.o(.data)
    cnt_usart1                               0x20000010   Data           4  uart.o(.data)
    last_line_usart1                         0x20000014   Data           1  uart.o(.data)
    usart3_rx                                0x20000015   Data           1  uart.o(.data)
    cnt_usart3                               0x20000018   Data           4  uart.o(.data)
    last_line_usart3                         0x2000001c   Data           1  uart.o(.data)
    procent                                  0x20000020   Data           4  timer.o(.data)
    obc                                      0x20000024   Data           1  timer.o(.data)
    procent_priv                             0x20000028   Data           4  timer.o(.data)
    odniesienie                              0x2000002c   Data           4  timer.o(.data)
    UCLS                                     0x20000030   Data           5  mk_term.o(.data)
    UHOME                                    0x20000035   Data           5  mk_term.o(.data)
    UCUR_HIDE                                0x2000003a   Data           7  mk_term.o(.data)
    UCUR_SHOW                                0x20000041   Data           7  mk_term.o(.data)
    U_ATTR_OFF                               0x20000048   Data           4  mk_term.o(.data)
    config_stat                              0x2000004c   Data           1  lsm9ds0.o(.data)
    read_stat                                0x2000004d   Data           1  lsm9ds0.o(.data)
    SystemCoreClock                          0x20000050   Data           4  system_stm32l4xx.o(.data)
    buf_usart1                               0x20000058   Data        1000  uart.o(.bss)
    buf_usart3                               0x20000440   Data        1000  uart.o(.bss)
    USART1_HandleStruct                      0x20000828   Data         112  uart.o(.bss)
    USART2_HandleStruct                      0x20000898   Data         112  uart.o(.bss)
    USART3_HandleStruct                      0x20000908   Data         112  uart.o(.bss)
    UART4_HandleStruct                       0x20000978   Data         112  uart.o(.bss)
    UART5_HandleStruct                       0x200009e8   Data         112  uart.o(.bss)
    buf_procent                              0x20000a58   Data          16  timer.o(.bss)
    TIM2_HandleStruct                        0x20000a68   Data          60  timer.o(.bss)
    I2C_HandleStruct                         0x20000aa4   Data          60  i2c.o(.bss)
    __libspace_start                         0x20000ae0   Data          96  libspace.o(.bss)
    __temporary_stack_top$libspace           0x20000b40   Data           0  libspace.o(.bss)



==============================================================================

Memory Map of the image

  Image Entry point : 0x08000229

  Load Region LR_1 (Base: 0x08000000, Size: 0x00004410, Max: 0xffffffff, ABSOLUTE)

    Execution Region ER_RO (Base: 0x08000000, Size: 0x000043b8, Max: 0xffffffff, ABSOLUTE)

    Base Addr    Size         Type   Attr      Idx    E Section Name        Object

    0x08000000   0x00000188   Data   RO         1024    RESET               startup_stm32l476xx.o
    0x08000188   0x00000008   Code   RO         5312  * !!!main             c_w.l(__main.o)
    0x08000190   0x00000034   Code   RO         5478    !!!scatter          c_w.l(__scatter.o)
    0x080001c4   0x0000001a   Code   RO         5480    !!handler_copy      c_w.l(__scatter_copy.o)
    0x080001de   0x00000002   PAD
    0x080001e0   0x0000001c   Code   RO         5482    !!handler_zi        c_w.l(__scatter_zi.o)
    0x080001fc   0x00000002   Code   RO         5349    .ARM.Collect$$libinit$$00000000  c_w.l(libinit.o)
    0x080001fe   0x00000004   Code   RO         5361    .ARM.Collect$$libinit$$00000001  c_w.l(libinit2.o)
    0x08000202   0x00000000   Code   RO         5364    .ARM.Collect$$libinit$$00000004  c_w.l(libinit2.o)
    0x08000202   0x00000000   Code   RO         5367    .ARM.Collect$$libinit$$0000000A  c_w.l(libinit2.o)
    0x08000202   0x00000000   Code   RO         5369    .ARM.Collect$$libinit$$0000000C  c_w.l(libinit2.o)
    0x08000202   0x00000000   Code   RO         5371    .ARM.Collect$$libinit$$0000000E  c_w.l(libinit2.o)
    0x08000202   0x00000000   Code   RO         5374    .ARM.Collect$$libinit$$00000011  c_w.l(libinit2.o)
    0x08000202   0x00000000   Code   RO         5376    .ARM.Collect$$libinit$$00000013  c_w.l(libinit2.o)
    0x08000202   0x00000000   Code   RO         5378    .ARM.Collect$$libinit$$00000015  c_w.l(libinit2.o)
    0x08000202   0x00000000   Code   RO         5380    .ARM.Collect$$libinit$$00000017  c_w.l(libinit2.o)
    0x08000202   0x00000000   Code   RO         5382    .ARM.Collect$$libinit$$00000019  c_w.l(libinit2.o)
    0x08000202   0x00000000   Code   RO         5384    .ARM.Collect$$libinit$$0000001B  c_w.l(libinit2.o)
    0x08000202   0x00000000   Code   RO         5386    .ARM.Collect$$libinit$$0000001D  c_w.l(libinit2.o)
    0x08000202   0x00000000   Code   RO         5388    .ARM.Collect$$libinit$$0000001F  c_w.l(libinit2.o)
    0x08000202   0x00000000   Code   RO         5390    .ARM.Collect$$libinit$$00000021  c_w.l(libinit2.o)
    0x08000202   0x00000000   Code   RO         5392    .ARM.Collect$$libinit$$00000023  c_w.l(libinit2.o)
    0x08000202   0x00000000   Code   RO         5394    .ARM.Collect$$libinit$$00000025  c_w.l(libinit2.o)
    0x08000202   0x00000000   Code   RO         5398    .ARM.Collect$$libinit$$0000002C  c_w.l(libinit2.o)
    0x08000202   0x00000000   Code   RO         5400    .ARM.Collect$$libinit$$0000002E  c_w.l(libinit2.o)
    0x08000202   0x00000000   Code   RO         5402    .ARM.Collect$$libinit$$00000030  c_w.l(libinit2.o)
    0x08000202   0x00000000   Code   RO         5404    .ARM.Collect$$libinit$$00000032  c_w.l(libinit2.o)
    0x08000202   0x00000002   Code   RO         5405    .ARM.Collect$$libinit$$00000033  c_w.l(libinit2.o)
    0x08000204   0x00000002   Code   RO         5436    .ARM.Collect$$libshutdown$$00000000  c_w.l(libshutdown.o)
    0x08000206   0x00000000   Code   RO         5463    .ARM.Collect$$libshutdown$$00000003  c_w.l(libshutdown2.o)
    0x08000206   0x00000000   Code   RO         5466    .ARM.Collect$$libshutdown$$00000006  c_w.l(libshutdown2.o)
    0x08000206   0x00000000   Code   RO         5469    .ARM.Collect$$libshutdown$$00000009  c_w.l(libshutdown2.o)
    0x08000206   0x00000000   Code   RO         5471    .ARM.Collect$$libshutdown$$0000000B  c_w.l(libshutdown2.o)
    0x08000206   0x00000000   Code   RO         5474    .ARM.Collect$$libshutdown$$0000000E  c_w.l(libshutdown2.o)
    0x08000206   0x00000002   Code   RO         5475    .ARM.Collect$$libshutdown$$0000000F  c_w.l(libshutdown2.o)
    0x08000208   0x00000000   Code   RO         5314    .ARM.Collect$$rtentry$$00000000  c_w.l(__rtentry.o)
    0x08000208   0x00000000   Code   RO         5320    .ARM.Collect$$rtentry$$00000002  c_w.l(__rtentry2.o)
    0x08000208   0x00000006   Code   RO         5332    .ARM.Collect$$rtentry$$00000004  c_w.l(__rtentry4.o)
    0x0800020e   0x00000000   Code   RO         5322    .ARM.Collect$$rtentry$$00000009  c_w.l(__rtentry2.o)
    0x0800020e   0x00000004   Code   RO         5323    .ARM.Collect$$rtentry$$0000000A  c_w.l(__rtentry2.o)
    0x08000212   0x00000000   Code   RO         5325    .ARM.Collect$$rtentry$$0000000C  c_w.l(__rtentry2.o)
    0x08000212   0x00000008   Code   RO         5326    .ARM.Collect$$rtentry$$0000000D  c_w.l(__rtentry2.o)
    0x0800021a   0x00000002   Code   RO         5353    .ARM.Collect$$rtexit$$00000000  c_w.l(rtexit.o)
    0x0800021c   0x00000000   Code   RO         5409    .ARM.Collect$$rtexit$$00000002  c_w.l(rtexit2.o)
    0x0800021c   0x00000004   Code   RO         5410    .ARM.Collect$$rtexit$$00000003  c_w.l(rtexit2.o)
    0x08000220   0x00000006   Code   RO         5411    .ARM.Collect$$rtexit$$00000004  c_w.l(rtexit2.o)
    0x08000226   0x00000002   PAD
    0x08000228   0x00000040   Code   RO         1025  * .text               startup_stm32l476xx.o
    0x08000268   0x000000ee   Code   RO         5306    .text               c_w.l(lludivv7m.o)
    0x08000356   0x00000006   Code   RO         5310    .text               c_w.l(heapauxi.o)
    0x0800035c   0x0000004a   Code   RO         5336    .text               c_w.l(sys_stackheap_outer.o)
    0x080003a6   0x0000000c   Code   RO         5338    .text               c_w.l(exit.o)
    0x080003b2   0x00000002   PAD
    0x080003b4   0x00000008   Code   RO         5350    .text               c_w.l(libspace.o)
    0x080003bc   0x0000000c   Code   RO         5406    .text               c_w.l(sys_exit.o)
    0x080003c8   0x00000002   Code   RO         5425    .text               c_w.l(use_no_semi.o)
    0x080003ca   0x00000000   Code   RO         5427    .text               c_w.l(indicate_semi.o)
    0x080003ca   0x00000004   Code   RO         3395    i.BusFault_Handler  stm32l4xx_it.o
    0x080003ce   0x00000002   Code   RO         3396    i.DebugMon_Handler  stm32l4xx_it.o
    0x080003d0   0x0000001a   Code   RO         1039    i.HAL_Delay         stm32l4xx_hal.o
    0x080003ea   0x00000002   PAD
    0x080003ec   0x00000208   Code   RO         1217    i.HAL_GPIO_Init     stm32l4xx_hal_gpio.o
    0x080005f4   0x00000008   Code   RO         1220    i.HAL_GPIO_TogglePin  stm32l4xx_hal_gpio.o
    0x080005fc   0x0000000a   Code   RO         1221    i.HAL_GPIO_WritePin  stm32l4xx_hal_gpio.o
    0x08000606   0x00000002   PAD
    0x08000608   0x0000000c   Code   RO         1043    i.HAL_GetTick       stm32l4xx_hal.o
    0x08000614   0x0000008c   Code   RO         3341    i.HAL_I2CEx_ConfigAnalogFilter  stm32l4xx_hal_i2c_ex.o
    0x080006a0   0x000000b4   Code   RO         3030    i.HAL_I2C_Init      stm32l4xx_hal_i2c.o
    0x08000754   0x00000158   Code   RO         3031    i.HAL_I2C_IsDeviceReady  stm32l4xx_hal_i2c.o
    0x080008ac   0x00000174   Code   RO         3042    i.HAL_I2C_Mem_Read  stm32l4xx_hal_i2c.o
    0x08000a20   0x00000178   Code   RO         3045    i.HAL_I2C_Mem_Write  stm32l4xx_hal_i2c.o
    0x08000b98   0x00000002   Code   RO         3049    i.HAL_I2C_MspInit   stm32l4xx_hal_i2c.o
    0x08000b9a   0x00000002   PAD
    0x08000b9c   0x00000010   Code   RO         1044    i.HAL_IncTick       stm32l4xx_hal.o
    0x08000bac   0x00000016   Code   RO         1045    i.HAL_Init          stm32l4xx_hal.o
    0x08000bc2   0x00000024   Code   RO         1046    i.HAL_InitTick      stm32l4xx_hal.o
    0x08000be6   0x00000002   Code   RO         1048    i.HAL_MspInit       stm32l4xx_hal.o
    0x08000be8   0x0000001a   Code   RO         1387    i.HAL_NVIC_EnableIRQ  stm32l4xx_hal_cortex.o
    0x08000c02   0x0000007c   Code   RO         1393    i.HAL_NVIC_SetPriority  stm32l4xx_hal_cortex.o
    0x08000c7e   0x00000002   PAD
    0x08000c80   0x00000028   Code   RO         1394    i.HAL_NVIC_SetPriorityGrouping  stm32l4xx_hal_cortex.o
    0x08000ca8   0x0000008c   Code   RO         1778    i.HAL_PWREx_ControlVoltageScaling  stm32l4xx_hal_pwr_ex.o
    0x08000d34   0x00000010   Code   RO         1809    i.HAL_PWREx_GetVoltageRange  stm32l4xx_hal_pwr_ex.o
    0x08000d44   0x000006bc   Code   RO         1281    i.HAL_RCC_ClockConfig  stm32l4xx_hal_rcc.o
    0x08001400   0x00000038   Code   RO         1285    i.HAL_RCC_GetHCLKFreq  stm32l4xx_hal_rcc.o
    0x08001438   0x0000002c   Code   RO         1287    i.HAL_RCC_GetPCLK1Freq  stm32l4xx_hal_rcc.o
    0x08001464   0x0000002c   Code   RO         1288    i.HAL_RCC_GetPCLK2Freq  stm32l4xx_hal_rcc.o
    0x08001490   0x0000010c   Code   RO         1289    i.HAL_RCC_GetSysClockFreq  stm32l4xx_hal_rcc.o
    0x0800159c   0x00000f2c   Code   RO         1292    i.HAL_RCC_OscConfig  stm32l4xx_hal_rcc.o
    0x080024c8   0x00000028   Code   RO         1396    i.HAL_SYSTICK_CLKSourceConfig  stm32l4xx_hal_cortex.o
    0x080024f0   0x00000034   Code   RO         1398    i.HAL_SYSTICK_Config  stm32l4xx_hal_cortex.o
    0x08002524   0x00000034   Code   RO         2025    i.HAL_TIM_Base_Init  stm32l4xx_hal_tim.o
    0x08002558   0x00000002   Code   RO         2027    i.HAL_TIM_Base_MspInit  stm32l4xx_hal_tim.o
    0x0800255a   0x00000078   Code   RO         3487    i.HAL_UART_Init     stm32l4xx_hal_uart.o
    0x080025d2   0x00000002   Code   RO         3489    i.HAL_UART_MspInit  stm32l4xx_hal_uart.o
    0x080025d4   0x00000004   Code   RO         3397    i.HardFault_Handler  stm32l4xx_it.o
    0x080025d8   0x000000b8   Code   RO         3065    i.I2C_IsAcknowledgeFailed  stm32l4xx_hal_i2c.o
    0x08002690   0x00000082   Code   RO         3068    i.I2C_RequestMemoryRead  stm32l4xx_hal_i2c.o
    0x08002712   0x00000082   Code   RO         3069    i.I2C_RequestMemoryWrite  stm32l4xx_hal_i2c.o
    0x08002794   0x00000030   Code   RO         3072    i.I2C_TransferConfig  stm32l4xx_hal_i2c.o
    0x080027c4   0x000000a4   Code   RO         3073    i.I2C_WaitOnFlagUntilTimeout  stm32l4xx_hal_i2c.o
    0x08002868   0x00000056   Code   RO         3075    i.I2C_WaitOnSTOPFlagUntilTimeout  stm32l4xx_hal_i2c.o
    0x080028be   0x00000058   Code   RO         3076    i.I2C_WaitOnTXISFlagUntilTimeout  stm32l4xx_hal_i2c.o
    0x08002916   0x00000004   Code   RO         3398    i.MemManage_Handler  stm32l4xx_it.o
    0x0800291a   0x00000002   Code   RO         3399    i.NMI_Handler       stm32l4xx_it.o
    0x0800291c   0x00000016   Code   RO          377    i.NVIC_EnableIRQ    uart.o
    0x08002932   0x00000002   PAD
    0x08002934   0x00000010   Code   RO         1400    i.NVIC_GetPriorityGrouping  stm32l4xx_hal_cortex.o
    0x08002944   0x00000028   Code   RO          378    i.NVIC_SetPriority  uart.o
    0x0800296c   0x00000028   Code   RO         1401    i.NVIC_SetPriority  stm32l4xx_hal_cortex.o
    0x08002994   0x00000002   Code   RO         3400    i.PendSV_Handler    stm32l4xx_it.o
    0x08002996   0x00000002   PAD
    0x08002998   0x000000b8   Code   RO         1293    i.RCC_SetFlashLatencyFromMSIRange  stm32l4xx_hal_rcc.o
    0x08002a50   0x00000002   Code   RO         3401    i.SVC_Handler       stm32l4xx_it.o
    0x08002a52   0x00000008   Code   RO         3402    i.SysTick_Handler   stm32l4xx_it.o
    0x08002a5a   0x00000002   PAD
    0x08002a5c   0x000000a4   Code   RO          336    i.SystemClock_Config  hal.o
    0x08002b00   0x00000050   Code   RO          883    i.SystemInit        system_stm32l4xx.o
    0x08002b50   0x00000044   Code   RO          567    i.TIM2_IRQHandler   timer.o
    0x08002b94   0x000000c0   Code   RO         2109    i.TIM_Base_SetConfig  stm32l4xx_hal_tim.o
    0x08002c54   0x00000020   Code   RO          379    i.UART4_IRQHandler  uart.o
    0x08002c74   0x000000f8   Code   RO         3500    i.UART_AdvFeatureConfig  stm32l4xx_hal_uart.o
    0x08002d6c   0x0000005c   Code   RO         3501    i.UART_CheckIdleState  stm32l4xx_hal_uart.o
    0x08002dc8   0x00000420   Code   RO         3509    i.UART_SetConfig    stm32l4xx_hal_uart.o
    0x080031e8   0x000000f6   Code   RO         3511    i.UART_WaitOnFlagUntilTimeout  stm32l4xx_hal_uart.o
    0x080032de   0x00000002   PAD
    0x080032e0   0x00000028   Code   RO          380    i.USART1_IRQHandler  uart.o
    0x08003308   0x00000002   Code   RO          381    i.USART2_IRQHandler  uart.o
    0x0800330a   0x00000002   PAD
    0x0800330c   0x00000028   Code   RO          382    i.USART3_IRQHandler  uart.o
    0x08003334   0x00000004   Code   RO         3403    i.UsageFault_Handler  stm32l4xx_it.o
    0x08003338   0x00000014   Code   RO          546    i.__reverse         itoa.o
    0x0800334c   0x00000020   Code   RO          801    i.accelerometer_x   lsm9ds0.o
    0x0800336c   0x00000020   Code   RO          802    i.accelerometer_y   lsm9ds0.o
    0x0800338c   0x00000020   Code   RO          803    i.accelerometer_z   lsm9ds0.o
    0x080033ac   0x00000044   Code   RO          568    i.error_function    timer.o
    0x080033f0   0x0000003e   Code   RO          677    i.gpio_i2c_config   i2c.o
    0x0800342e   0x00000002   PAD
    0x08003430   0x00000028   Code   RO          804    i.gyro_x            lsm9ds0.o
    0x08003458   0x00000020   Code   RO          805    i.gyro_y            lsm9ds0.o
    0x08003478   0x00000020   Code   RO          806    i.gyro_z            lsm9ds0.o
    0x08003498   0x000000a8   Code   RO          337    i.halLib_Init       hal.o
    0x08003540   0x00000040   Code   RO          678    i.hal_rcc_gpio_conf_i2c1  i2c.o
    0x08003580   0x00000040   Code   RO          679    i.hal_rcc_gpio_conf_i2c2  i2c.o
    0x080035c0   0x00000040   Code   RO          680    i.hal_rcc_gpio_conf_i2c3  i2c.o
    0x08003600   0x0000001c   Code   RO          681    i.i2c1_is_device_ready  i2c.o
    0x0800361c   0x00000094   Code   RO          682    i.i2c_init          i2c.o
    0x080036b0   0x00000064   Code   RO          547    i.itoa              itoa.o
    0x08003714   0x00000010   Code   RO          294    i.ledOff            led.o
    0x08003724   0x00000010   Code   RO          295    i.ledOn             led.o
    0x08003734   0x0000000e   Code   RO          296    i.ledToggle         led.o
    0x08003742   0x00000002   PAD
    0x08003744   0x00000040   Code   RO          297    i.led_port_init     led.o
    0x08003784   0x00000052   Code   RO          807    i.lsm_config        lsm9ds0.o
    0x080037d6   0x00000020   Code   RO          808    i.magnetometr_x     lsm9ds0.o
    0x080037f6   0x00000020   Code   RO          809    i.magnetometr_y     lsm9ds0.o
    0x08003816   0x00000020   Code   RO          810    i.magnetometr_z     lsm9ds0.o
    0x08003836   0x00000002   PAD
    0x08003838   0x0000027c   Code   RO            4    i.main              main.o
    0x08003ab4   0x0000002c   Code   RO          684    i.read_mem          i2c.o
    0x08003ae0   0x00000080   Code   RO          570    i.tim2_init         timer.o
    0x08003b60   0x0000002c   Code   RO          619    i.tr_cls            mk_term.o
    0x08003b8c   0x00000020   Code   RO          620    i.tr_cursor_hide    mk_term.o
    0x08003bac   0x0000002c   Code   RO          621    i.tr_locate         mk_term.o
    0x08003bd8   0x0000001c   Code   RO          383    i.uart4_Write       uart.o
    0x08003bf4   0x0000002c   Code   RO          384    i.uart4_WriteS      uart.o
    0x08003c20   0x000000d4   Code   RO          385    i.uart4_init        uart.o
    0x08003cf4   0x00000018   Code   RO          386    i.uart5_Write       uart.o
    0x08003d0c   0x0000002c   Code   RO          387    i.uart5_WriteS      uart.o
    0x08003d38   0x000000f0   Code   RO          388    i.uart5_init        uart.o
    0x08003e28   0x00000020   Code   RO          389    i.usart1_Write      uart.o
    0x08003e48   0x0000002c   Code   RO          390    i.usart1_WriteS     uart.o
    0x08003e74   0x000000d4   Code   RO          391    i.usart1_init       uart.o
    0x08003f48   0x0000008c   Code   RO          392    i.usart1_odczyt     uart.o
    0x08003fd4   0x00000020   Code   RO          393    i.usart2_Write      uart.o
    0x08003ff4   0x0000002c   Code   RO          394    i.usart2_WriteS     uart.o
    0x08004020   0x000000d4   Code   RO          395    i.usart2_init       uart.o
    0x080040f4   0x00000020   Code   RO          396    i.usart3_Write      uart.o
    0x08004114   0x0000002c   Code   RO          397    i.usart3_WriteS     uart.o
    0x08004140   0x000000d4   Code   RO          398    i.usart3_init       uart.o
    0x08004214   0x0000008c   Code   RO          399    i.usart3_odczyt     uart.o
    0x080042a0   0x0000002c   Code   RO          685    i.write_mem         i2c.o
    0x080042cc   0x0000000a   Code   RO         5421    x$fpl$fpinit        fz_wm.l(fpinit.o)
    0x080042d6   0x00000002   PAD
    0x080042d8   0x00000064   Data   RO          338    .constdata          hal.o
    0x0800433c   0x00000011   Data   RO          548    .constdata          itoa.o
    0x0800434d   0x00000003   PAD
    0x08004350   0x00000040   Data   RO          884    .constdata          system_stm32l4xx.o
    0x08004390   0x00000008   Data   RO         1294    .constdata          stm32l4xx_hal_rcc.o
    0x08004398   0x00000020   Data   RO         5476    Region$$Table       anon$$obj.o


    Execution Region ER_RW (Base: 0x20000000, Size: 0x00000058, Max: 0xffffffff, ABSOLUTE)

    Base Addr    Size         Type   Attr      Idx    E Section Name        Object

    0x20000000   0x00000001   Data   RW            5    .data               main.o
    0x20000001   0x00000003   PAD
    0x20000004   0x00000008   Data   RW          339    .data               hal.o
    0x2000000c   0x00000011   Data   RW          401    .data               uart.o
    0x2000001d   0x00000003   PAD
    0x20000020   0x00000010   Data   RW          572    .data               timer.o
    0x20000030   0x0000001c   Data   RW          623    .data               mk_term.o
    0x2000004c   0x00000002   Data   RW          811    .data               lsm9ds0.o
    0x2000004e   0x00000002   PAD
    0x20000050   0x00000004   Data   RW          885    .data               system_stm32l4xx.o
    0x20000054   0x00000004   Data   RW         1059    .data               stm32l4xx_hal.o


    Execution Region ER_ZI (Base: 0x20000058, Size: 0x000010e8, Max: 0xffffffff, ABSOLUTE)

    Base Addr    Size         Type   Attr      Idx    E Section Name        Object

    0x20000058   0x00000a00   Zero   RW          400    .bss                uart.o
    0x20000a58   0x0000004c   Zero   RW          571    .bss                timer.o
    0x20000aa4   0x0000003c   Zero   RW          686    .bss                i2c.o
    0x20000ae0   0x00000060   Zero   RW         5351    .bss                c_w.l(libspace.o)
    0x20000b40   0x00000200   Zero   RW         1023    HEAP                startup_stm32l476xx.o
    0x20000d40   0x00000400   Zero   RW         1022    STACK               startup_stm32l476xx.o


==============================================================================

Image component sizes


      Code (inc. data)   RO Data    RW Data    ZI Data      Debug   Object Name

       332         86        100          8          0       3391   hal.o
       518         50          0          0         60       6131   i2c.o
       120          6         17          0          0       1403   itoa.o
       110          4          0          0          0       2301   led.o
       378          4          0          2          0       6374   lsm9ds0.o
       636        160          0          1          0     475893   main.o
       120         24          0         28          0       2378   mk_term.o
        64         26        392          0       1536        864   startup_stm32l476xx.o
       114         10          0          4          0       4580   stm32l4xx_hal.o
       338         22          0          0          0      30965   stm32l4xx_hal_cortex.o
       538         36          0          0          0       2981   stm32l4xx_hal_gpio.o
      2104         26          0          0          0      10952   stm32l4xx_hal_i2c.o
       140          0          0          0          0       1119   stm32l4xx_hal_i2c_ex.o
       156         18          0          0          0       1342   stm32l4xx_hal_pwr_ex.o
      6204         96          8          0          0       8535   stm32l4xx_hal_rcc.o
       246         32          0          0          0       2404   stm32l4xx_hal_tim.o
      1764         44          0          0          0       5336   stm32l4xx_hal_uart.o
        32          0          0          0          0       4366   stm32l4xx_it.o
        80         12         64          4          0       1243   system_stm32l4xx.o
       264         74          0         16         76       2504   timer.o
      1912        214          0         17       2560      40892   uart.o

    ----------------------------------------------------------------------
     16194        944        616         88       4232     615954   Object Totals
         0          0         32          0          0          0   (incl. Generated)
        24          0          3          8          0          0   (incl. Padding)

    ----------------------------------------------------------------------

      Code (inc. data)   RO Data    RW Data    ZI Data      Debug   Library Member Name

         8          0          0          0          0         68   __main.o
         0          0          0          0          0          0   __rtentry.o
        12          0          0          0          0          0   __rtentry2.o
         6          0          0          0          0          0   __rtentry4.o
        52          8          0          0          0          0   __scatter.o
        26          0          0          0          0          0   __scatter_copy.o
        28          0          0          0          0          0   __scatter_zi.o
        12          0          0          0          0         72   exit.o
         6          0          0          0          0        152   heapauxi.o
         0          0          0          0          0          0   indicate_semi.o
         2          0          0          0          0          0   libinit.o
         6          0          0          0          0          0   libinit2.o
         2          0          0          0          0          0   libshutdown.o
         2          0          0          0          0          0   libshutdown2.o
         8          4          0          0         96         68   libspace.o
       238          0          0          0          0        100   lludivv7m.o
         2          0          0          0          0          0   rtexit.o
        10          0          0          0          0          0   rtexit2.o
        12          4          0          0          0         68   sys_exit.o
        74          0          0          0          0         80   sys_stackheap_outer.o
         2          0          0          0          0         68   use_no_semi.o
        10          0          0          0          0        116   fpinit.o

    ----------------------------------------------------------------------
       526         16          0          0         96        792   Library Totals
         8          0          0          0          0          0   (incl. Padding)

    ----------------------------------------------------------------------

      Code (inc. data)   RO Data    RW Data    ZI Data      Debug   Library Name

       508         16          0          0         96        676   c_w.l
        10          0          0          0          0        116   fz_wm.l

    ----------------------------------------------------------------------
       526         16          0          0         96        792   Library Totals

    ----------------------------------------------------------------------

==============================================================================


      Code (inc. data)   RO Data    RW Data    ZI Data      Debug   

     16720        960        616         88       4328     605938   Grand Totals
     16720        960        616         88       4328     605938   ELF Image Totals
     16720        960        616         88          0          0   ROM Totals

==============================================================================

    Total RO  Size (Code + RO Data)                17336 (  16.93kB)
    Total RW  Size (RW Data + ZI Data)              4416 (   4.31kB)
    Total ROM Size (Code + RO Data + RW Data)      17424 (  17.02kB)

==============================================================================

