Component: ARM Compiler 5.05 update 2 (build 169) Tool: armlink [4d0f33]

==============================================================================

Section Cross References

    main.o(i.main) refers to stm32l4xx_hal.o(i.HAL_Init) for HAL_Init
    main.o(i.main) refers to hal.o(.data) for HAL
    led.o(i.ledOff) refers to stm32l4xx_hal_gpio.o(i.HAL_GPIO_WritePin) for HAL_GPIO_WritePin
    led.o(i.ledOn) refers to stm32l4xx_hal_gpio.o(i.HAL_GPIO_WritePin) for HAL_GPIO_WritePin
    led.o(i.ledToggle) refers to stm32l4xx_hal_gpio.o(i.HAL_GPIO_TogglePin) for HAL_GPIO_TogglePin
    led.o(i.led_port_init) refers to stm32l4xx_hal_gpio.o(i.HAL_GPIO_Init) for HAL_GPIO_Init
    hal.o(i.SystemClock_Config) refers to stm32l4xx_hal_rcc.o(i.HAL_RCC_OscConfig) for HAL_RCC_OscConfig
    hal.o(i.SystemClock_Config) refers to stm32l4xx_hal_rcc.o(i.HAL_RCC_ClockConfig) for HAL_RCC_ClockConfig
    hal.o(i.SystemClock_Config) refers to stm32l4xx_hal_pwr_ex.o(i.HAL_PWREx_ControlVoltageScaling) for HAL_PWREx_ControlVoltageScaling
    hal.o(i.SystemClock_Config) refers to stm32l4xx_hal_rcc.o(i.HAL_RCC_GetHCLKFreq) for HAL_RCC_GetHCLKFreq
    hal.o(i.SystemClock_Config) refers to stm32l4xx_hal_cortex.o(i.HAL_SYSTICK_Config) for HAL_SYSTICK_Config
    hal.o(i.SystemClock_Config) refers to stm32l4xx_hal_cortex.o(i.HAL_SYSTICK_CLKSourceConfig) for HAL_SYSTICK_CLKSourceConfig
    hal.o(i.SystemClock_Config) refers to stm32l4xx_hal_cortex.o(i.HAL_NVIC_SetPriority) for HAL_NVIC_SetPriority
    hal.o(i.halLib_Init) refers to hal.o(i.SystemClock_Config) for SystemClock_Config
    hal.o(i.halLib_Init) refers to led.o(i.led_port_init) for led_port_init
    hal.o(i.halLib_Init) refers to uart.o(i.usart2_init) for usart2_init
    hal.o(i.halLib_Init) refers to uart.o(i.usart1_init) for usart1_init
    hal.o(i.halLib_Init) refers to uart.o(i.usart3_init) for usart3_init
    hal.o(i.halLib_Init) refers to uart.o(i.uart4_init) for uart4_init
    hal.o(i.halLib_Init) refers to timer.o(i.tim2_init) for tim2_init
    hal.o(i.halLib_Init) refers to uart.o(i.usart2_WriteS) for usart2_WriteS
    hal.o(i.halLib_Init) refers to hal.o(.data) for usart_stat
    hal.o(.constdata) refers to hal.o(i.halLib_Init) for halLib_Init
    hal.o(.constdata) refers to led.o(i.led_port_init) for led_port_init
    hal.o(.constdata) refers to led.o(i.ledOn) for ledOn
    hal.o(.constdata) refers to led.o(i.ledOff) for ledOff
    hal.o(.constdata) refers to led.o(i.ledToggle) for ledToggle
    hal.o(.constdata) refers to uart.o(i.usart1_init) for usart1_init
    hal.o(.constdata) refers to uart.o(i.usart1_Write) for usart1_Write
    hal.o(.constdata) refers to uart.o(i.usart1_WriteS) for usart1_WriteS
    hal.o(.constdata) refers to uart.o(i.usart2_init) for usart2_init
    hal.o(.constdata) refers to uart.o(i.usart2_Write) for usart2_Write
    hal.o(.constdata) refers to uart.o(i.usart2_WriteS) for usart2_WriteS
    hal.o(.constdata) refers to uart.o(i.usart3_init) for usart3_init
    hal.o(.constdata) refers to uart.o(i.usart3_Write) for usart3_Write
    hal.o(.constdata) refers to uart.o(i.usart3_WriteS) for usart3_WriteS
    hal.o(.constdata) refers to uart.o(i.uart4_init) for uart4_init
    hal.o(.constdata) refers to uart.o(i.uart4_Write) for uart4_Write
    hal.o(.constdata) refers to uart.o(i.uart4_WriteS) for uart4_WriteS
    hal.o(.constdata) refers to uart.o(i.uart5_init) for uart5_init
    hal.o(.constdata) refers to uart.o(i.uart5_Write) for uart5_Write
    hal.o(.constdata) refers to uart.o(i.uart5_WriteS) for uart5_WriteS
    hal.o(.constdata) refers to timer.o(i.tim2_init) for tim2_init
    hal.o(.data) refers to hal.o(.constdata) for halLib
    uart.o(i.UART4_IRQHandler) refers to uart.o(i.usart2_WriteS) for usart2_WriteS
    uart.o(i.USART1_IRQHandler) refers to uart.o(i.usart1_odczyt) for usart1_odczyt
    uart.o(i.USART1_IRQHandler) refers to uart.o(.data) for usart1_rx
    uart.o(i.USART3_IRQHandler) refers to uart.o(i.usart3_odczyt) for usart3_odczyt
    uart.o(i.USART3_IRQHandler) refers to uart.o(.data) for usart3_rx
    uart.o(i.uart4_WriteS) refers to uart.o(i.uart4_Write) for uart4_Write
    uart.o(i.uart4_WriteS) refers to uart.o(.bss) for UART4_HandleStruct
    uart.o(i.uart4_init) refers to stm32l4xx_hal_gpio.o(i.HAL_GPIO_Init) for HAL_GPIO_Init
    uart.o(i.uart4_init) refers to uart.o(i.NVIC_SetPriority) for NVIC_SetPriority
    uart.o(i.uart4_init) refers to uart.o(i.NVIC_EnableIRQ) for NVIC_EnableIRQ
    uart.o(i.uart4_init) refers to stm32l4xx_hal_uart.o(i.HAL_UART_Init) for HAL_UART_Init
    uart.o(i.uart4_init) refers to uart.o(.bss) for UART4_HandleStruct
    uart.o(i.uart5_WriteS) refers to uart.o(i.uart5_Write) for uart5_Write
    uart.o(i.uart5_WriteS) refers to uart.o(.bss) for UART5_HandleStruct
    uart.o(i.uart5_init) refers to stm32l4xx_hal_gpio.o(i.HAL_GPIO_Init) for HAL_GPIO_Init
    uart.o(i.uart5_init) refers to uart.o(i.NVIC_SetPriority) for NVIC_SetPriority
[...]
    Removing stm32l4xx_hal_usart.o(i.HAL_USART_TxHalfCpltCallback), (2 bytes).
    Removing stm32l4xx_hal_usart.o(i.HAL_USART_TxRxCpltCallback), (2 bytes).
    Removing stm32l4xx_hal_usart.o(i.USART_CheckIdleState), (92 bytes).
    Removing stm32l4xx_hal_usart.o(i.USART_DMAError), (34 bytes).
    Removing stm32l4xx_hal_usart.o(i.USART_DMAReceiveCplt), (98 bytes).
    Removing stm32l4xx_hal_usart.o(i.USART_DMARxHalfCplt), (14 bytes).
    Removing stm32l4xx_hal_usart.o(i.USART_DMATransmitCplt), (70 bytes).
    Removing stm32l4xx_hal_usart.o(i.USART_DMATxHalfCplt), (14 bytes).
    Removing stm32l4xx_hal_usart.o(i.USART_EndTransmit_IT), (44 bytes).
    Removing stm32l4xx_hal_usart.o(i.USART_Receive_IT), (136 bytes).
    Removing stm32l4xx_hal_usart.o(i.USART_SetConfig), (452 bytes).
    Removing stm32l4xx_hal_usart.o(i.USART_TransmitReceive_IT), (224 bytes).
    Removing stm32l4xx_hal_usart.o(i.USART_Transmit_IT), (100 bytes).
    Removing stm32l4xx_hal_usart.o(i.USART_WaitOnFlagUntilTimeout), (246 bytes).
    Removing stm32l4xx_nucleo.o(.rev16_text), (4 bytes).
    Removing stm32l4xx_nucleo.o(.revsh_text), (4 bytes).
    Removing stm32l4xx_nucleo.o(.rrx_text), (6 bytes).
    Removing stm32l4xx_nucleo.o(i.ADCx_Init), (112 bytes).
    Removing stm32l4xx_nucleo.o(i.ADCx_MspInit), (124 bytes).
    Removing stm32l4xx_nucleo.o(i.BSP_GetVersion), (6 bytes).
    Removing stm32l4xx_nucleo.o(i.BSP_JOY_GetState), (144 bytes).
    Removing stm32l4xx_nucleo.o(i.BSP_JOY_Init), (48 bytes).
    Removing stm32l4xx_nucleo.o(i.BSP_LED_Init), (96 bytes).
    Removing stm32l4xx_nucleo.o(i.BSP_LED_Off), (32 bytes).
    Removing stm32l4xx_nucleo.o(i.BSP_LED_On), (32 bytes).
    Removing stm32l4xx_nucleo.o(i.BSP_LED_Toggle), (32 bytes).
    Removing stm32l4xx_nucleo.o(i.BSP_PB_GetState), (32 bytes).
    Removing stm32l4xx_nucleo.o(i.BSP_PB_Init), (172 bytes).
    Removing stm32l4xx_nucleo.o(i.LCD_Delay), (12 bytes).
    Removing stm32l4xx_nucleo.o(i.LCD_IO_Init), (132 bytes).
    Removing stm32l4xx_nucleo.o(i.LCD_IO_WriteMultipleData), (156 bytes).
    Removing stm32l4xx_nucleo.o(i.LCD_IO_WriteReg), (52 bytes).
    Removing stm32l4xx_nucleo.o(i.SD_IO_CSState), (36 bytes).
    Removing stm32l4xx_nucleo.o(i.SD_IO_Init), (144 bytes).
    Removing stm32l4xx_nucleo.o(i.SD_IO_WriteByte), (20 bytes).
    Removing stm32l4xx_nucleo.o(i.SD_IO_WriteReadData), (20 bytes).
    Removing stm32l4xx_nucleo.o(i.SPIx_Error), (20 bytes).
    Removing stm32l4xx_nucleo.o(i.SPIx_Init), (96 bytes).
    Removing stm32l4xx_nucleo.o(i.SPIx_MspInit), (168 bytes).
    Removing stm32l4xx_nucleo.o(i.SPIx_Write), (44 bytes).
    Removing stm32l4xx_nucleo.o(i.SPIx_WriteReadData), (48 bytes).
    Removing stm32l4xx_nucleo.o(.bss), (228 bytes).
    Removing stm32l4xx_nucleo.o(.constdata), (6 bytes).
    Removing stm32l4xx_nucleo.o(.data), (12 bytes).
    Removing stm32l4xx_hal_adc.o(.rev16_text), (4 bytes).
    Removing stm32l4xx_hal_adc.o(.revsh_text), (4 bytes).
    Removing stm32l4xx_hal_adc.o(.rrx_text), (6 bytes).
    Removing stm32l4xx_hal_adc.o(i.ADC_ConversionStop), (268 bytes).
    Removing stm32l4xx_hal_adc.o(i.ADC_DMAConvCplt), (142 bytes).
    Removing stm32l4xx_hal_adc.o(i.ADC_DMAError), (30 bytes).
    Removing stm32l4xx_hal_adc.o(i.ADC_DMAHalfConvCplt), (14 bytes).
    Removing stm32l4xx_hal_adc.o(i.ADC_Disable), (152 bytes).
    Removing stm32l4xx_hal_adc.o(i.ADC_Enable), (160 bytes).
    Removing stm32l4xx_hal_adc.o(i.HAL_ADC_AnalogWDGConfig), (620 bytes).
    Removing stm32l4xx_hal_adc.o(i.HAL_ADC_ConfigChannel), (1516 bytes).
    Removing stm32l4xx_hal_adc.o(i.HAL_ADC_ConvCpltCallback), (2 bytes).
    Removing stm32l4xx_hal_adc.o(i.HAL_ADC_ConvHalfCpltCallback), (2 bytes).
    Removing stm32l4xx_hal_adc.o(i.HAL_ADC_DeInit), (692 bytes).
    Removing stm32l4xx_hal_adc.o(i.HAL_ADC_ErrorCallback), (2 bytes).
    Removing stm32l4xx_hal_adc.o(i.HAL_ADC_GetError), (6 bytes).
    Removing stm32l4xx_hal_adc.o(i.HAL_ADC_GetState), (6 bytes).
    Removing stm32l4xx_hal_adc.o(i.HAL_ADC_GetValue), (8 bytes).
    Removing stm32l4xx_hal_adc.o(i.HAL_ADC_IRQHandler), (1044 bytes).
    Removing stm32l4xx_hal_adc.o(i.HAL_ADC_Init), (796 bytes).
    Removing stm32l4xx_hal_adc.o(i.HAL_ADC_LevelOutOfWindowCallback), (2 bytes).
    Removing stm32l4xx_hal_adc.o(i.HAL_ADC_MspDeInit), (2 bytes).
    Removing stm32l4xx_hal_adc.o(i.HAL_ADC_MspInit), (2 bytes).
    Removing stm32l4xx_hal_adc.o(i.HAL_ADC_PollForConversion), (412 bytes).
    Removing stm32l4xx_hal_adc.o(i.HAL_ADC_PollForEvent), (240 bytes).
    Removing stm32l4xx_hal_adc.o(i.HAL_ADC_Start), (344 bytes).
    Removing stm32l4xx_hal_adc.o(i.HAL_ADC_Start_DMA), (356 bytes).
    Removing stm32l4xx_hal_adc.o(i.HAL_ADC_Start_IT), (532 bytes).
    Removing stm32l4xx_hal_adc.o(i.HAL_ADC_Stop), (76 bytes).
    Removing stm32l4xx_hal_adc.o(i.HAL_ADC_Stop_DMA), (128 bytes).
    Removing stm32l4xx_hal_adc.o(i.HAL_ADC_Stop_IT), (88 bytes).
    Removing stm32l4xx_hal_adc_ex.o(.rev16_text), (4 bytes).
    Removing stm32l4xx_hal_adc_ex.o(.revsh_text), (4 bytes).
    Removing stm32l4xx_hal_adc_ex.o(.rrx_text), (6 bytes).
    Removing stm32l4xx_hal_adc_ex.o(i.HAL_ADCEx_Calibration_GetValue), (42 bytes).
    Removing stm32l4xx_hal_adc_ex.o(i.HAL_ADCEx_Calibration_SetValue), (176 bytes).
    Removing stm32l4xx_hal_adc_ex.o(i.HAL_ADCEx_Calibration_Start), (174 bytes).
    Removing stm32l4xx_hal_adc_ex.o(i.HAL_ADCEx_DisableInjectedQueue), (40 bytes).
    Removing stm32l4xx_hal_adc_ex.o(i.HAL_ADCEx_DisableVoltageRegulator), (52 bytes).
    Removing stm32l4xx_hal_adc_ex.o(i.HAL_ADCEx_EnableInjectedQueue), (48 bytes).
    Removing stm32l4xx_hal_adc_ex.o(i.HAL_ADCEx_EndOfSamplingCallback), (2 bytes).
    Removing stm32l4xx_hal_adc_ex.o(i.HAL_ADCEx_EnterADCDeepPowerDownMode), (52 bytes).
    Removing stm32l4xx_hal_adc_ex.o(i.HAL_ADCEx_InjectedConfigChannel), (2020 bytes).
    Removing stm32l4xx_hal_adc_ex.o(i.HAL_ADCEx_InjectedConvCpltCallback), (2 bytes).
    Removing stm32l4xx_hal_adc_ex.o(i.HAL_ADCEx_InjectedGetValue), (58 bytes).
    Removing stm32l4xx_hal_adc_ex.o(i.HAL_ADCEx_InjectedPollForConversion), (424 bytes).
    Removing stm32l4xx_hal_adc_ex.o(i.HAL_ADCEx_InjectedQueueOverflowCallback), (2 bytes).
    Removing stm32l4xx_hal_adc_ex.o(i.HAL_ADCEx_InjectedStart), (320 bytes).
    Removing stm32l4xx_hal_adc_ex.o(i.HAL_ADCEx_InjectedStart_IT), (404 bytes).
    Removing stm32l4xx_hal_adc_ex.o(i.HAL_ADCEx_InjectedStop), (96 bytes).
    Removing stm32l4xx_hal_adc_ex.o(i.HAL_ADCEx_InjectedStop_IT), (108 bytes).
    Removing stm32l4xx_hal_adc_ex.o(i.HAL_ADCEx_LevelOutOfWindow2Callback), (2 bytes).
    Removing stm32l4xx_hal_adc_ex.o(i.HAL_ADCEx_LevelOutOfWindow3Callback), (2 bytes).
    Removing stm32l4xx_hal_adc_ex.o(i.HAL_ADCEx_MultiModeConfigChannel), (224 bytes).
    Removing stm32l4xx_hal_adc_ex.o(i.HAL_ADCEx_MultiModeGetValue), (12 bytes).
    Removing stm32l4xx_hal_adc_ex.o(i.HAL_ADCEx_MultiModeStart_DMA), (256 bytes).
    Removing stm32l4xx_hal_adc_ex.o(i.HAL_ADCEx_MultiModeStop_DMA), (256 bytes).
    Removing stm32l4xx_hal_adc_ex.o(i.HAL_ADCEx_RegularMultiModeStop_DMA), (268 bytes).
    Removing stm32l4xx_hal_adc_ex.o(i.HAL_ADCEx_RegularStop), (104 bytes).
    Removing stm32l4xx_hal_adc_ex.o(i.HAL_ADCEx_RegularStop_DMA), (156 bytes).
    Removing stm32l4xx_hal_adc_ex.o(i.HAL_ADCEx_RegularStop_IT), (116 bytes).
    Removing stm32l4xx_hal_spi.o(.rev16_text), (4 bytes).
    Removing stm32l4xx_hal_spi.o(.revsh_text), (4 bytes).
    Removing stm32l4xx_hal_spi.o(.rrx_text), (6 bytes).
    Removing stm32l4xx_hal_spi.o(i.HAL_SPI_DMAPause), (50 bytes).
    Removing stm32l4xx_hal_spi.o(i.HAL_SPI_DMAResume), (50 bytes).
    Removing stm32l4xx_hal_spi.o(i.HAL_SPI_DMAStop), (46 bytes).
    Removing stm32l4xx_hal_spi.o(i.HAL_SPI_DeInit), (54 bytes).
    Removing stm32l4xx_hal_spi.o(i.HAL_SPI_ErrorCallback), (2 bytes).
    Removing stm32l4xx_hal_spi.o(i.HAL_SPI_GetError), (6 bytes).
    Removing stm32l4xx_hal_spi.o(i.HAL_SPI_GetState), (8 bytes).
    Removing stm32l4xx_hal_spi.o(i.HAL_SPI_IRQHandler), (202 bytes).
    Removing stm32l4xx_hal_spi.o(i.HAL_SPI_Init), (206 bytes).
    Removing stm32l4xx_hal_spi.o(i.HAL_SPI_MspDeInit), (2 bytes).
    Removing stm32l4xx_hal_spi.o(i.HAL_SPI_MspInit), (2 bytes).
    Removing stm32l4xx_hal_spi.o(i.HAL_SPI_Receive), (638 bytes).
    Removing stm32l4xx_hal_spi.o(i.HAL_SPI_Receive_DMA), (348 bytes).
    Removing stm32l4xx_hal_spi.o(i.HAL_SPI_Receive_IT), (312 bytes).
    Removing stm32l4xx_hal_spi.o(i.HAL_SPI_RxCpltCallback), (2 bytes).
    Removing stm32l4xx_hal_spi.o(i.HAL_SPI_RxHalfCpltCallback), (2 bytes).
    Removing stm32l4xx_hal_spi.o(i.HAL_SPI_Transmit), (432 bytes).
    Removing stm32l4xx_hal_spi.o(i.HAL_SPI_TransmitReceive), (768 bytes).
    Removing stm32l4xx_hal_spi.o(i.HAL_SPI_TransmitReceive_DMA), (528 bytes).
    Removing stm32l4xx_hal_spi.o(i.HAL_SPI_TransmitReceive_IT), (312 bytes).
    Removing stm32l4xx_hal_spi.o(i.HAL_SPI_Transmit_DMA), (324 bytes).
    Removing stm32l4xx_hal_spi.o(i.HAL_SPI_Transmit_IT), (212 bytes).
    Removing stm32l4xx_hal_spi.o(i.HAL_SPI_TxCpltCallback), (2 bytes).
    Removing stm32l4xx_hal_spi.o(i.HAL_SPI_TxHalfCpltCallback), (2 bytes).
    Removing stm32l4xx_hal_spi.o(i.HAL_SPI_TxRxCpltCallback), (2 bytes).
    Removing stm32l4xx_hal_spi.o(i.HAL_SPI_TxRxHalfCpltCallback), (2 bytes).
    Removing stm32l4xx_hal_spi.o(i.SPI_2linesRxISR_16BIT), (80 bytes).
    Removing stm32l4xx_hal_spi.o(i.SPI_2linesRxISR_16BITCRC), (36 bytes).
    Removing stm32l4xx_hal_spi.o(i.SPI_2linesRxISR_8BIT), (144 bytes).
    Removing stm32l4xx_hal_spi.o(i.SPI_2linesRxISR_8BITCRC), (48 bytes).
    Removing stm32l4xx_hal_spi.o(i.SPI_2linesTxISR_16BIT), (74 bytes).
    Removing stm32l4xx_hal_spi.o(i.SPI_2linesTxISR_8BIT), (100 bytes).
    Removing stm32l4xx_hal_spi.o(i.SPI_CloseRxTx_ISR), (128 bytes).
    Removing stm32l4xx_hal_spi.o(i.SPI_CloseRx_ISR), (94 bytes).
    Removing stm32l4xx_hal_spi.o(i.SPI_CloseTx_ISR), (82 bytes).
    Removing stm32l4xx_hal_spi.o(i.SPI_DMAError), (40 bytes).
    Removing stm32l4xx_hal_spi.o(i.SPI_DMAHalfReceiveCplt), (14 bytes).
    Removing stm32l4xx_hal_spi.o(i.SPI_DMAHalfTransmitCplt), (14 bytes).
    Removing stm32l4xx_hal_spi.o(i.SPI_DMAHalfTransmitReceiveCplt), (14 bytes).
    Removing stm32l4xx_hal_spi.o(i.SPI_DMAReceiveCplt), (210 bytes).
    Removing stm32l4xx_hal_spi.o(i.SPI_DMATransmitCplt), (98 bytes).
    Removing stm32l4xx_hal_spi.o(i.SPI_DMATransmitReceiveCplt), (204 bytes).
    Removing stm32l4xx_hal_spi.o(i.SPI_EndRxTransaction), (124 bytes).
    Removing stm32l4xx_hal_spi.o(i.SPI_EndRxTxTransaction), (64 bytes).
    Removing stm32l4xx_hal_spi.o(i.SPI_RxISR_16BIT), (92 bytes).
    Removing stm32l4xx_hal_spi.o(i.SPI_RxISR_16BITCRC), (36 bytes).
    Removing stm32l4xx_hal_spi.o(i.SPI_RxISR_8BIT), (88 bytes).
    Removing stm32l4xx_hal_spi.o(i.SPI_RxISR_8BITCRC), (32 bytes).
    Removing stm32l4xx_hal_spi.o(i.SPI_TxISR_16BIT), (56 bytes).
    Removing stm32l4xx_hal_spi.o(i.SPI_TxISR_8BIT), (54 bytes).
    Removing stm32l4xx_hal_spi.o(i.SPI_WaitFifoStateUntilTimeout), (180 bytes).
    Removing stm32l4xx_hal_spi.o(i.SPI_WaitFlagStateUntilTimeout), (162 bytes).
    Removing stm32l4xx_hal_spi_ex.o(.rev16_text), (4 bytes).
    Removing stm32l4xx_hal_spi_ex.o(.revsh_text), (4 bytes).
    Removing stm32l4xx_hal_spi_ex.o(.rrx_text), (6 bytes).
    Removing stm32l4xx_hal_spi_ex.o(i.HAL_SPIEx_FlushRxFifo), (44 bytes).
    Removing stm32l4xx_hal_dfsdm.o(.rev16_text), (4 bytes).
    Removing stm32l4xx_hal_dfsdm.o(.revsh_text), (4 bytes).
    Removing stm32l4xx_hal_dfsdm.o(.rrx_text), (6 bytes).
    Removing stm32l4xx_hal_dfsdm.o(i.DFSDM_DMAError), (18 bytes).
    Removing stm32l4xx_hal_dfsdm.o(i.DFSDM_DMAInjectedConvCplt), (14 bytes).
    Removing stm32l4xx_hal_dfsdm.o(i.DFSDM_DMAInjectedHalfConvCplt), (14 bytes).
    Removing stm32l4xx_hal_dfsdm.o(i.DFSDM_DMARegularConvCplt), (14 bytes).
    Removing stm32l4xx_hal_dfsdm.o(i.DFSDM_DMARegularHalfConvCplt), (14 bytes).
    Removing stm32l4xx_hal_dfsdm.o(i.DFSDM_GetChannelFromInstance), (100 bytes).
    Removing stm32l4xx_hal_dfsdm.o(i.DFSDM_GetInjChannelsNbr), (24 bytes).
    Removing stm32l4xx_hal_dfsdm.o(i.DFSDM_InjConvStart), (118 bytes).
    Removing stm32l4xx_hal_dfsdm.o(i.DFSDM_InjConvStop), (122 bytes).
    Removing stm32l4xx_hal_dfsdm.o(i.DFSDM_RegConvStart), (114 bytes).
    Removing stm32l4xx_hal_dfsdm.o(i.DFSDM_RegConvStop), (102 bytes).
    Removing stm32l4xx_hal_dfsdm.o(i.HAL_DFSDM_ChannelCkabCallback), (2 bytes).
    Removing stm32l4xx_hal_dfsdm.o(i.HAL_DFSDM_ChannelCkabStart), (136 bytes).
    Removing stm32l4xx_hal_dfsdm.o(i.HAL_DFSDM_ChannelCkabStart_IT), (152 bytes).
    Removing stm32l4xx_hal_dfsdm.o(i.HAL_DFSDM_ChannelCkabStop), (68 bytes).
    Removing stm32l4xx_hal_dfsdm.o(i.HAL_DFSDM_ChannelCkabStop_IT), (88 bytes).
    Removing stm32l4xx_hal_dfsdm.o(i.HAL_DFSDM_ChannelDeInit), (112 bytes).
    Removing stm32l4xx_hal_dfsdm.o(i.HAL_DFSDM_ChannelGetAwdValue), (10 bytes).
    Removing stm32l4xx_hal_dfsdm.o(i.HAL_DFSDM_ChannelGetState), (8 bytes).
    Removing stm32l4xx_hal_dfsdm.o(i.HAL_DFSDM_ChannelInit), (336 bytes).
    Removing stm32l4xx_hal_dfsdm.o(i.HAL_DFSDM_ChannelModifyOffset), (56 bytes).
    Removing stm32l4xx_hal_dfsdm.o(i.HAL_DFSDM_ChannelMspDeInit), (2 bytes).
    Removing stm32l4xx_hal_dfsdm.o(i.HAL_DFSDM_ChannelMspInit), (2 bytes).
    Removing stm32l4xx_hal_dfsdm.o(i.HAL_DFSDM_ChannelPollForCkab), (124 bytes).
    Removing stm32l4xx_hal_dfsdm.o(i.HAL_DFSDM_ChannelPollForScd), (120 bytes).
    Removing stm32l4xx_hal_dfsdm.o(i.HAL_DFSDM_ChannelScdCallback), (2 bytes).
    Removing stm32l4xx_hal_dfsdm.o(i.HAL_DFSDM_ChannelScdStart), (74 bytes).
    Removing stm32l4xx_hal_dfsdm.o(i.HAL_DFSDM_ChannelScdStart_IT), (92 bytes).
    Removing stm32l4xx_hal_dfsdm.o(i.HAL_DFSDM_ChannelScdStop), (68 bytes).
    Removing stm32l4xx_hal_dfsdm.o(i.HAL_DFSDM_ChannelScdStop_IT), (88 bytes).
    Removing stm32l4xx_hal_dfsdm.o(i.HAL_DFSDM_FilterAwdCallback), (2 bytes).
    Removing stm32l4xx_hal_dfsdm.o(i.HAL_DFSDM_FilterAwdStart_IT), (178 bytes).
    Removing stm32l4xx_hal_dfsdm.o(i.HAL_DFSDM_FilterAwdStop_IT), (84 bytes).
    Removing stm32l4xx_hal_dfsdm.o(i.HAL_DFSDM_FilterConfigInjChannel), (60 bytes).
    Removing stm32l4xx_hal_dfsdm.o(i.HAL_DFSDM_FilterConfigRegChannel), (88 bytes).
    Removing stm32l4xx_hal_dfsdm.o(i.HAL_DFSDM_FilterDeInit), (38 bytes).
    Removing stm32l4xx_hal_dfsdm.o(i.HAL_DFSDM_FilterErrorCallback), (2 bytes).
    Removing stm32l4xx_hal_dfsdm.o(i.HAL_DFSDM_FilterExdStart), (64 bytes).
    Removing stm32l4xx_hal_dfsdm.o(i.HAL_DFSDM_FilterExdStop), (52 bytes).
    Removing stm32l4xx_hal_dfsdm.o(i.HAL_DFSDM_FilterGetConvTimeValue), (34 bytes).
    Removing stm32l4xx_hal_dfsdm.o(i.HAL_DFSDM_FilterGetError), (6 bytes).
    Removing stm32l4xx_hal_dfsdm.o(i.HAL_DFSDM_FilterGetExdMaxValue), (40 bytes).
    Removing stm32l4xx_hal_dfsdm.o(i.HAL_DFSDM_FilterGetExdMinValue), (40 bytes).
    Removing stm32l4xx_hal_dfsdm.o(i.HAL_DFSDM_FilterGetInjectedValue), (40 bytes).
    Removing stm32l4xx_hal_dfsdm.o(i.HAL_DFSDM_FilterGetRegularValue), (40 bytes).
    Removing stm32l4xx_hal_dfsdm.o(i.HAL_DFSDM_FilterGetState), (8 bytes).
    Removing stm32l4xx_hal_dfsdm.o(i.HAL_DFSDM_FilterInit), (328 bytes).
    Removing stm32l4xx_hal_dfsdm.o(i.HAL_DFSDM_FilterInjConvCpltCallback), (2 bytes).
    Removing stm32l4xx_hal_dfsdm.o(i.HAL_DFSDM_FilterInjConvHalfCpltCallback), (2 bytes).
    Removing stm32l4xx_hal_dfsdm.o(i.HAL_DFSDM_FilterInjectedMsbStart_DMA), (176 bytes).
    Removing stm32l4xx_hal_dfsdm.o(i.HAL_DFSDM_FilterInjectedStart), (36 bytes).
    Removing stm32l4xx_hal_dfsdm.o(i.HAL_DFSDM_FilterInjectedStart_DMA), (176 bytes).
    Removing stm32l4xx_hal_dfsdm.o(i.HAL_DFSDM_FilterInjectedStart_IT), (48 bytes).
    Removing stm32l4xx_hal_dfsdm.o(i.HAL_DFSDM_FilterInjectedStop), (36 bytes).
    Removing stm32l4xx_hal_dfsdm.o(i.HAL_DFSDM_FilterInjectedStop_DMA), (54 bytes).
    Removing stm32l4xx_hal_dfsdm.o(i.HAL_DFSDM_FilterInjectedStop_IT), (48 bytes).
    Removing stm32l4xx_hal_dfsdm.o(i.HAL_DFSDM_FilterMspDeInit), (2 bytes).
    Removing stm32l4xx_hal_dfsdm.o(i.HAL_DFSDM_FilterMspInit), (2 bytes).
    Removing stm32l4xx_hal_dfsdm.o(i.HAL_DFSDM_FilterPollForInjConversion), (146 bytes).
    Removing stm32l4xx_hal_dfsdm.o(i.HAL_DFSDM_FilterPollForRegConversion), (124 bytes).
    Removing stm32l4xx_hal_dfsdm.o(i.HAL_DFSDM_FilterRegConvCpltCallback), (2 bytes).
    Removing stm32l4xx_hal_dfsdm.o(i.HAL_DFSDM_FilterRegConvHalfCpltCallback), (2 bytes).
    Removing stm32l4xx_hal_dfsdm.o(i.HAL_DFSDM_FilterRegularMsbStart_DMA), (184 bytes).
    Removing stm32l4xx_hal_dfsdm.o(i.HAL_DFSDM_FilterRegularStart), (36 bytes).
    Removing stm32l4xx_hal_dfsdm.o(i.HAL_DFSDM_FilterRegularStart_DMA), (184 bytes).
    Removing stm32l4xx_hal_dfsdm.o(i.HAL_DFSDM_FilterRegularStart_IT), (48 bytes).
    Removing stm32l4xx_hal_dfsdm.o(i.HAL_DFSDM_FilterRegularStop), (36 bytes).
    Removing stm32l4xx_hal_dfsdm.o(i.HAL_DFSDM_FilterRegularStop_DMA), (54 bytes).
    Removing stm32l4xx_hal_dfsdm.o(i.HAL_DFSDM_FilterRegularStop_IT), (48 bytes).
    Removing stm32l4xx_hal_dfsdm.o(i.HAL_DFSDM_IRQHandler), (608 bytes).
    Removing stm32l4xx_hal_dfsdm.o(.bss), (32 bytes).
    Removing stm32l4xx_hal_dfsdm.o(.data), (4 bytes).

723 unused section(s) (total 83027 bytes) removed from the image.

==============================================================================

Image Symbol Table

    Local Symbols

    Symbol Name                              Value     Ov Type        Size  Object(Section)

    ../clib/angel/boardlib.s                 0x00000000   Number         0  boardinit3.o ABSOLUTE
    ../clib/angel/boardlib.s                 0x00000000   Number         0  boardshut.o ABSOLUTE
    ../clib/angel/boardlib.s                 0x00000000   Number         0  boardinit2.o ABSOLUTE
    ../clib/angel/boardlib.s                 0x00000000   Number         0  boardinit1.o ABSOLUTE
    ../clib/angel/handlers.s                 0x00000000   Number         0  __scatter_zi.o ABSOLUTE
    ../clib/angel/handlers.s                 0x00000000   Number         0  __scatter_copy.o ABSOLUTE
    ../clib/angel/kernel.s                   0x00000000   Number         0  rtexit.o ABSOLUTE
    ../clib/angel/kernel.s                   0x00000000   Number         0  __rtentry.o ABSOLUTE
    ../clib/angel/kernel.s                   0x00000000   Number         0  rtexit2.o ABSOLUTE
    ../clib/angel/kernel.s                   0x00000000   Number         0  __rtentry2.o ABSOLUTE
    ../clib/angel/kernel.s                   0x00000000   Number         0  __rtentry4.o ABSOLUTE
    ../clib/angel/rt.s                       0x00000000   Number         0  aeabi_ldiv0.o ABSOLUTE
    ../clib/angel/rt.s                       0x00000000   Number         0  aeabi_ldiv0_sigfpe.o ABSOLUTE
    ../clib/angel/rt.s                       0x00000000   Number         0  rt_div0.o ABSOLUTE
    ../clib/angel/rt.s                       0x00000000   Number         0  rt_raise.o ABSOLUTE
    ../clib/angel/scatter.s                  0x00000000   Number         0  __scatter.o ABSOLUTE
    ../clib/angel/startup.s                  0x00000000   Number         0  __main.o ABSOLUTE
    ../clib/angel/sys.s                      0x00000000   Number         0  use_no_semi.o ABSOLUTE
    ../clib/angel/sys.s                      0x00000000   Number         0  indicate_semi.o ABSOLUTE
    ../clib/angel/sys.s                      0x00000000   Number         0  libspace.o ABSOLUTE
    ../clib/angel/sys.s                      0x00000000   Number         0  sys_stackheap_outer.o ABSOLUTE
    ../clib/angel/sysapp.c                   0x00000000   Number         0  sys_wrch.o ABSOLUTE
    ../clib/angel/sysapp.c                   0x00000000   Number         0  sys_exit.o ABSOLUTE
    ../clib/angel/sysapp.c                   0x00000000   Number         0  sys_command.o ABSOLUTE
    ../clib/armsys.c                         0x00000000   Number         0  argv_veneer.o ABSOLUTE
    ../clib/armsys.c                         0x00000000   Number         0  argv_veneer.o ABSOLUTE
    ../clib/armsys.c                         0x00000000   Number         0  no_argv.o ABSOLUTE
    ../clib/armsys.c                         0x00000000   Number         0  _get_argv_nomalloc.o ABSOLUTE
    ../clib/heapalloc.c                      0x00000000   Number         0  hrguard.o ABSOLUTE
    ../clib/heapaux.c                        0x00000000   Number         0  heapauxi.o ABSOLUTE
    ../clib/libinit.s                        0x00000000   Number         0  libshutdown2.o ABSOLUTE
    ../clib/libinit.s                        0x00000000   Number         0  libinit2.o ABSOLUTE
    ../clib/libinit.s                        0x00000000   Number         0  libinit.o ABSOLUTE
    ../clib/libinit.s                        0x00000000   Number         0  libshutdown.o ABSOLUTE
    ../clib/longlong.s                       0x00000000   Number         0  lludivv7m.o ABSOLUTE
    ../clib/memcpset.s                       0x00000000   Number         0  rt_memclr_w.o ABSOLUTE
    ../clib/signal.c                         0x00000000   Number         0  defsig_stak_inner.o ABSOLUTE
    ../clib/signal.c                         0x00000000   Number         0  defsig_rtmem_formal.o ABSOLUTE
    ../clib/signal.c                         0x00000000   Number         0  defsig_rtmem_outer.o ABSOLUTE
    ../clib/signal.c                         0x00000000   Number         0  defsig_rtmem_inner.o ABSOLUTE
    ../clib/signal.c                         0x00000000   Number         0  defsig_abrt_inner.o ABSOLUTE
    ../clib/signal.c                         0x00000000   Number         0  defsig_other.o ABSOLUTE
    ../clib/signal.c                         0x00000000   Number         0  defsig_general.o ABSOLUTE
    ../clib/signal.c                         0x00000000   Number         0  __raise.o ABSOLUTE
    ../clib/signal.c                         0x00000000   Number         0  defsig_segv_inner.o ABSOLUTE
    ../clib/signal.c                         0x00000000   Number         0  defsig_cppl_inner.o ABSOLUTE
    ../clib/signal.c                         0x00000000   Number         0  defsig_fpe_inner.o ABSOLUTE
    ../clib/signal.c                         0x00000000   Number         0  defsig_fpe_outer.o ABSOLUTE
    ../clib/signal.c                         0x00000000   Number         0  defsig_exit.o ABSOLUTE
    ../clib/signal.c                         0x00000000   Number         0  defsig_pvfn_inner.o ABSOLUTE
    ../clib/signal.c                         0x00000000   Number         0  defsig_fpe_formal.o ABSOLUTE
    ../clib/signal.c                         0x00000000   Number         0  defsig_rtred_inner.o ABSOLUTE
    ../clib/signal.s                         0x00000000   Number         0  defsig.o ABSOLUTE
    ../clib/stdlib.c                         0x00000000   Number         0  exit.o ABSOLUTE
    ../fplib/fpinit.s                        0x00000000   Number         0  fpinit.o ABSOLUTE
    dc.s                                     0x00000000   Number         0  dc.o ABSOLUTE
    lib\BSP\stm32l4xx_nucleo.c               0x00000000   Number         0  stm32l4xx_nucleo.o ABSOLUTE
    lib\CMSIS\startup_stm32l476xx.s          0x00000000   Number         0  startup_stm32l476xx.o ABSOLUTE
    lib\CMSIS\system_stm32l4xx.c             0x00000000   Number         0  system_stm32l4xx.o ABSOLUTE
    lib\STM32HALL4\Src\stm32l4xx_hal.c       0x00000000   Number         0  stm32l4xx_hal.o ABSOLUTE
    lib\STM32HALL4\Src\stm32l4xx_hal_adc.c   0x00000000   Number         0  stm32l4xx_hal_adc.o ABSOLUTE
    lib\STM32HALL4\Src\stm32l4xx_hal_adc_ex.c 0x00000000   Number         0  stm32l4xx_hal_adc_ex.o ABSOLUTE
    lib\STM32HALL4\Src\stm32l4xx_hal_cortex.c 0x00000000   Number         0  stm32l4xx_hal_cortex.o ABSOLUTE
    lib\STM32HALL4\Src\stm32l4xx_hal_dfsdm.c 0x00000000   Number         0  stm32l4xx_hal_dfsdm.o ABSOLUTE
    lib\STM32HALL4\Src\stm32l4xx_hal_dma.c   0x00000000   Number         0  stm32l4xx_hal_dma.o ABSOLUTE
    lib\STM32HALL4\Src\stm32l4xx_hal_gpio.c  0x00000000   Number         0  stm32l4xx_hal_gpio.o ABSOLUTE
    lib\STM32HALL4\Src\stm32l4xx_hal_i2c.c   0x00000000   Number         0  stm32l4xx_hal_i2c.o ABSOLUTE
    lib\STM32HALL4\Src\stm32l4xx_hal_i2c_ex.c 0x00000000   Number         0  stm32l4xx_hal_i2c_ex.o ABSOLUTE
    lib\STM32HALL4\Src\stm32l4xx_hal_pwr.c   0x00000000   Number         0  stm32l4xx_hal_pwr.o ABSOLUTE
    lib\STM32HALL4\Src\stm32l4xx_hal_pwr_ex.c 0x00000000   Number         0  stm32l4xx_hal_pwr_ex.o ABSOLUTE
    lib\STM32HALL4\Src\stm32l4xx_hal_rcc.c   0x00000000   Number         0  stm32l4xx_hal_rcc.o ABSOLUTE
    lib\STM32HALL4\Src\stm32l4xx_hal_rcc_ex.c 0x00000000   Number         0  stm32l4xx_hal_rcc_ex.o ABSOLUTE
    lib\STM32HALL4\Src\stm32l4xx_hal_spi.c   0x00000000   Number         0  stm32l4xx_hal_spi.o ABSOLUTE
    lib\STM32HALL4\Src\stm32l4xx_hal_spi_ex.c 0x00000000   Number         0  stm32l4xx_hal_spi_ex.o ABSOLUTE
    lib\STM32HALL4\Src\stm32l4xx_hal_tim.c   0x00000000   Number         0  stm32l4xx_hal_tim.o ABSOLUTE
    lib\STM32HALL4\Src\stm32l4xx_hal_tim_ex.c 0x00000000   Number         0  stm32l4xx_hal_tim_ex.o ABSOLUTE
    lib\STM32HALL4\Src\stm32l4xx_hal_uart.c  0x00000000   Number         0  stm32l4xx_hal_uart.o ABSOLUTE
    lib\STM32HALL4\Src\stm32l4xx_hal_uart_ex.c 0x00000000   Number         0  stm32l4xx_hal_uart_ex.o ABSOLUTE
    lib\STM32HALL4\Src\stm32l4xx_hal_usart.c 0x00000000   Number         0  stm32l4xx_hal_usart.o ABSOLUTE
    lib\\BSP\\stm32l4xx_nucleo.c             0x00000000   Number         0  stm32l4xx_nucleo.o ABSOLUTE
    lib\\CMSIS\\system_stm32l4xx.c           0x00000000   Number         0  system_stm32l4xx.o ABSOLUTE
    lib\\STM32HALL4\\Src\\stm32l4xx_hal.c    0x00000000   Number         0  stm32l4xx_hal.o ABSOLUTE
    lib\\STM32HALL4\\Src\\stm32l4xx_hal_adc.c 0x00000000   Number         0  stm32l4xx_hal_adc.o ABSOLUTE
    lib\\STM32HALL4\\Src\\stm32l4xx_hal_adc_ex.c 0x00000000   Number         0  stm32l4xx_hal_adc_ex.o ABSOLUTE
    lib\\STM32HALL4\\Src\\stm32l4xx_hal_cortex.c 0x00000000   Number         0  stm32l4xx_hal_cortex.o ABSOLUTE
    lib\\STM32HALL4\\Src\\stm32l4xx_hal_dfsdm.c 0x00000000   Number         0  stm32l4xx_hal_dfsdm.o ABSOLUTE
    lib\\STM32HALL4\\Src\\stm32l4xx_hal_dma.c 0x00000000   Number         0  stm32l4xx_hal_dma.o ABSOLUTE
    lib\\STM32HALL4\\Src\\stm32l4xx_hal_gpio.c 0x00000000   Number         0  stm32l4xx_hal_gpio.o ABSOLUTE
    lib\\STM32HALL4\\Src\\stm32l4xx_hal_i2c.c 0x00000000   Number         0  stm32l4xx_hal_i2c.o ABSOLUTE
    lib\\STM32HALL4\\Src\\stm32l4xx_hal_i2c_ex.c 0x00000000   Number         0  stm32l4xx_hal_i2c_ex.o ABSOLUTE
    lib\\STM32HALL4\\Src\\stm32l4xx_hal_pwr.c 0x00000000   Number         0  stm32l4xx_hal_pwr.o ABSOLUTE
    lib\\STM32HALL4\\Src\\stm32l4xx_hal_pwr_ex.c 0x00000000   Number         0  stm32l4xx_hal_pwr_ex.o ABSOLUTE
    lib\\STM32HALL4\\Src\\stm32l4xx_hal_rcc.c 0x00000000   Number         0  stm32l4xx_hal_rcc.o ABSOLUTE
    lib\\STM32HALL4\\Src\\stm32l4xx_hal_rcc_ex.c 0x00000000   Number         0  stm32l4xx_hal_rcc_ex.o ABSOLUTE
    lib\\STM32HALL4\\Src\\stm32l4xx_hal_spi.c 0x00000000   Number         0  stm32l4xx_hal_spi.o ABSOLUTE
    lib\\STM32HALL4\\Src\\stm32l4xx_hal_spi_ex.c 0x00000000   Number         0  stm32l4xx_hal_spi_ex.o ABSOLUTE
    lib\\STM32HALL4\\Src\\stm32l4xx_hal_tim.c 0x00000000   Number         0  stm32l4xx_hal_tim.o ABSOLUTE
    lib\\STM32HALL4\\Src\\stm32l4xx_hal_tim_ex.c 0x00000000   Number         0  stm32l4xx_hal_tim_ex.o ABSOLUTE
    lib\\STM32HALL4\\Src\\stm32l4xx_hal_uart.c 0x00000000   Number         0  stm32l4xx_hal_uart.o ABSOLUTE
    lib\\STM32HALL4\\Src\\stm32l4xx_hal_uart_ex.c 0x00000000   Number         0  stm32l4xx_hal_uart_ex.o ABSOLUTE
    lib\\STM32HALL4\\Src\\stm32l4xx_hal_usart.c 0x00000000   Number         0  stm32l4xx_hal_usart.o ABSOLUTE
    lib\\stm32l4xx_it.c                      0x00000000   Number         0  stm32l4xx_it.o ABSOLUTE
    lib\stm32l4xx_it.c                       0x00000000   Number         0  stm32l4xx_it.o ABSOLUTE
    source\\hal.c                            0x00000000   Number         0  hal.o ABSOLUTE
    source\\led.c                            0x00000000   Number         0  led.o ABSOLUTE
    source\\main.c                           0x00000000   Number         0  main.o ABSOLUTE
    source\\mk_term.c                        0x00000000   Number         0  mk_term.o ABSOLUTE
    source\\timer.c                          0x00000000   Number         0  timer.o ABSOLUTE
    source\\uart.c                           0x00000000   Number         0  uart.o ABSOLUTE
    source\hal.c                             0x00000000   Number         0  hal.o ABSOLUTE
    source\itoa.c                            0x00000000   Number         0  itoa.o ABSOLUTE
    source\led.c                             0x00000000   Number         0  led.o ABSOLUTE
    source\main.c                            0x00000000   Number         0  main.o ABSOLUTE
    source\mk_term.c                         0x00000000   Number         0  mk_term.o ABSOLUTE
    source\timer.c                           0x00000000   Number         0  timer.o ABSOLUTE
    source\uart.c                            0x00000000   Number         0  uart.o ABSOLUTE
    RESET                                    0x08000000   Section      392  startup_stm32l476xx.o(RESET)
    !!!main                                  0x08000188   Section        8  __main.o(!!!main)
    !!!scatter                               0x08000190   Section       52  __scatter.o(!!!scatter)
    !!handler_copy                           0x080001c4   Section       26  __scatter_copy.o(!!handler_copy)
    !!handler_zi                             0x080001e0   Section       28  __scatter_zi.o(!!handler_zi)
    .ARM.Collect$$libinit$$00000000          0x080001fc   Section        2  libinit.o(.ARM.Collect$$libinit$$00000000)
    .ARM.Collect$$libinit$$00000001          0x080001fe   Section        4  libinit2.o(.ARM.Collect$$libinit$$00000001)
    .ARM.Collect$$libinit$$00000004          0x08000202   Section        0  libinit2.o(.ARM.Collect$$libinit$$00000004)
    .ARM.Collect$$libinit$$0000000A          0x08000202   Section        0  libinit2.o(.ARM.Collect$$libinit$$0000000A)
    .ARM.Collect$$libinit$$0000000C          0x08000202   Section        0  libinit2.o(.ARM.Collect$$libinit$$0000000C)
    .ARM.Collect$$libinit$$0000000E          0x08000202   Section        0  libinit2.o(.ARM.Collect$$libinit$$0000000E)
    .ARM.Collect$$libinit$$00000011          0x08000202   Section        0  libinit2.o(.ARM.Collect$$libinit$$00000011)
    .ARM.Collect$$libinit$$00000013          0x08000202   Section        0  libinit2.o(.ARM.Collect$$libinit$$00000013)
    .ARM.Collect$$libinit$$00000015          0x08000202   Section        0  libinit2.o(.ARM.Collect$$libinit$$00000015)
    .ARM.Collect$$libinit$$00000017          0x08000202   Section        0  libinit2.o(.ARM.Collect$$libinit$$00000017)
    .ARM.Collect$$libinit$$00000019          0x08000202   Section        0  libinit2.o(.ARM.Collect$$libinit$$00000019)
    .ARM.Collect$$libinit$$0000001B          0x08000202   Section        0  libinit2.o(.ARM.Collect$$libinit$$0000001B)
    .ARM.Collect$$libinit$$0000001D          0x08000202   Section        0  libinit2.o(.ARM.Collect$$libinit$$0000001D)
    .ARM.Collect$$libinit$$0000001F          0x08000202   Section        0  libinit2.o(.ARM.Collect$$libinit$$0000001F)
    .ARM.Collect$$libinit$$00000021          0x08000202   Section        0  libinit2.o(.ARM.Collect$$libinit$$00000021)
    .ARM.Collect$$libinit$$00000023          0x08000202   Section        0  libinit2.o(.ARM.Collect$$libinit$$00000023)
    .ARM.Collect$$libinit$$00000025          0x08000202   Section        0  libinit2.o(.ARM.Collect$$libinit$$00000025)
    .ARM.Collect$$libinit$$0000002C          0x08000202   Section        0  libinit2.o(.ARM.Collect$$libinit$$0000002C)
    .ARM.Collect$$libinit$$0000002E          0x08000202   Section        0  libinit2.o(.ARM.Collect$$libinit$$0000002E)
    .ARM.Collect$$libinit$$00000030          0x08000202   Section        0  libinit2.o(.ARM.Collect$$libinit$$00000030)
    .ARM.Collect$$libinit$$00000032          0x08000202   Section        0  libinit2.o(.ARM.Collect$$libinit$$00000032)
    .ARM.Collect$$libinit$$00000033          0x08000202   Section        2  libinit2.o(.ARM.Collect$$libinit$$00000033)
    .ARM.Collect$$libshutdown$$00000000      0x08000204   Section        2  libshutdown.o(.ARM.Collect$$libshutdown$$00000000)
    .ARM.Collect$$libshutdown$$00000003      0x08000206   Section        0  libshutdown2.o(.ARM.Collect$$libshutdown$$00000003)
    .ARM.Collect$$libshutdown$$00000006      0x08000206   Section        0  libshutdown2.o(.ARM.Collect$$libshutdown$$00000006)
    .ARM.Collect$$libshutdown$$00000009      0x08000206   Section        0  libshutdown2.o(.ARM.Collect$$libshutdown$$00000009)
    .ARM.Collect$$libshutdown$$0000000B      0x08000206   Section        0  libshutdown2.o(.ARM.Collect$$libshutdown$$0000000B)
    .ARM.Collect$$libshutdown$$0000000E      0x08000206   Section        0  libshutdown2.o(.ARM.Collect$$libshutdown$$0000000E)
    .ARM.Collect$$libshutdown$$0000000F      0x08000206   Section        2  libshutdown2.o(.ARM.Collect$$libshutdown$$0000000F)
    .ARM.Collect$$rtentry$$00000000          0x08000208   Section        0  __rtentry.o(.ARM.Collect$$rtentry$$00000000)
    .ARM.Collect$$rtentry$$00000002          0x08000208   Section        0  __rtentry2.o(.ARM.Collect$$rtentry$$00000002)
    .ARM.Collect$$rtentry$$00000004          0x08000208   Section        6  __rtentry4.o(.ARM.Collect$$rtentry$$00000004)
    .ARM.Collect$$rtentry$$00000009          0x0800020e   Section        0  __rtentry2.o(.ARM.Collect$$rtentry$$00000009)
    .ARM.Collect$$rtentry$$0000000A          0x0800020e   Section        4  __rtentry2.o(.ARM.Collect$$rtentry$$0000000A)
    .ARM.Collect$$rtentry$$0000000C          0x08000212   Section        0  __rtentry2.o(.ARM.Collect$$rtentry$$0000000C)
    .ARM.Collect$$rtentry$$0000000D          0x08000212   Section        8  __rtentry2.o(.ARM.Collect$$rtentry$$0000000D)
    .ARM.Collect$$rtexit$$00000000           0x0800021a   Section        2  rtexit.o(.ARM.Collect$$rtexit$$00000000)
    .ARM.Collect$$rtexit$$00000002           0x0800021c   Section        0  rtexit2.o(.ARM.Collect$$rtexit$$00000002)
    .ARM.Collect$$rtexit$$00000003           0x0800021c   Section        4  rtexit2.o(.ARM.Collect$$rtexit$$00000003)
    .ARM.Collect$$rtexit$$00000004           0x08000220   Section        6  rtexit2.o(.ARM.Collect$$rtexit$$00000004)
    .text                                    0x08000228   Section       64  startup_stm32l476xx.o(.text)
    $v0                                      0x08000228   Number         0  startup_stm32l476xx.o(.text)
    .text                                    0x08000268   Section      238  lludivv7m.o(.text)
    .text                                    0x08000356   Section        0  heapauxi.o(.text)
    .text                                    0x0800035c   Section       74  sys_stackheap_outer.o(.text)
    .text                                    0x080003a6   Section        0  exit.o(.text)
    .text                                    0x080003b4   Section        8  libspace.o(.text)
    .text                                    0x080003bc   Section        0  sys_exit.o(.text)
    .text                                    0x080003c8   Section        2  use_no_semi.o(.text)
    .text                                    0x080003ca   Section        0  indicate_semi.o(.text)
    i.BusFault_Handler                       0x080003ca   Section        0  stm32l4xx_it.o(i.BusFault_Handler)
    i.DebugMon_Handler                       0x080003ce   Section        0  stm32l4xx_it.o(i.DebugMon_Handler)
    i.HAL_GPIO_Init                          0x080003d0   Section        0  stm32l4xx_hal_gpio.o(i.HAL_GPIO_Init)
    i.HAL_GPIO_TogglePin                     0x080005d8   Section        0  stm32l4xx_hal_gpio.o(i.HAL_GPIO_TogglePin)
    i.HAL_GPIO_WritePin                      0x080005e0   Section        0  stm32l4xx_hal_gpio.o(i.HAL_GPIO_WritePin)
    i.HAL_GetTick                            0x080005ec   Section        0  stm32l4xx_hal.o(i.HAL_GetTick)
    i.HAL_IncTick                            0x080005f8   Section        0  stm32l4xx_hal.o(i.HAL_IncTick)
    i.HAL_Init                               0x08000608   Section        0  stm32l4xx_hal.o(i.HAL_Init)
    i.HAL_InitTick                           0x0800061e   Section        0  stm32l4xx_hal.o(i.HAL_InitTick)
    i.HAL_MspInit                            0x08000642   Section        0  stm32l4xx_hal.o(i.HAL_MspInit)
    i.HAL_NVIC_SetPriority                   0x08000644   Section        0  stm32l4xx_hal_cortex.o(i.HAL_NVIC_SetPriority)
    i.HAL_NVIC_SetPriorityGrouping           0x080006c0   Section        0  stm32l4xx_hal_cortex.o(i.HAL_NVIC_SetPriorityGrouping)
    i.HAL_PWREx_ControlVoltageScaling        0x080006e8   Section        0  stm32l4xx_hal_pwr_ex.o(i.HAL_PWREx_ControlVoltageScaling)
    i.HAL_PWREx_GetVoltageRange              0x08000774   Section        0  stm32l4xx_hal_pwr_ex.o(i.HAL_PWREx_GetVoltageRange)
    i.HAL_RCC_ClockConfig                    0x08000784   Section        0  stm32l4xx_hal_rcc.o(i.HAL_RCC_ClockConfig)
    i.HAL_RCC_GetHCLKFreq                    0x08000e40   Section        0  stm32l4xx_hal_rcc.o(i.HAL_RCC_GetHCLKFreq)
    i.HAL_RCC_GetPCLK1Freq                   0x08000e78   Section        0  stm32l4xx_hal_rcc.o(i.HAL_RCC_GetPCLK1Freq)
    i.HAL_RCC_GetPCLK2Freq                   0x08000ea4   Section        0  stm32l4xx_hal_rcc.o(i.HAL_RCC_GetPCLK2Freq)
    i.HAL_RCC_GetSysClockFreq                0x08000ed0   Section        0  stm32l4xx_hal_rcc.o(i.HAL_RCC_GetSysClockFreq)
    i.HAL_RCC_OscConfig                      0x08000fdc   Section        0  stm32l4xx_hal_rcc.o(i.HAL_RCC_OscConfig)
    i.HAL_SYSTICK_CLKSourceConfig            0x08001f08   Section        0  stm32l4xx_hal_cortex.o(i.HAL_SYSTICK_CLKSourceConfig)
    i.HAL_SYSTICK_Config                     0x08001f30   Section        0  stm32l4xx_hal_cortex.o(i.HAL_SYSTICK_Config)
    i.HAL_TIM_Base_Init                      0x08001f64   Section        0  stm32l4xx_hal_tim.o(i.HAL_TIM_Base_Init)
    i.HAL_TIM_Base_MspInit                   0x08001f98   Section        0  stm32l4xx_hal_tim.o(i.HAL_TIM_Base_MspInit)
    i.HAL_UART_Init                          0x08001f9a   Section        0  stm32l4xx_hal_uart.o(i.HAL_UART_Init)
    i.HAL_UART_MspInit                       0x08002012   Section        0  stm32l4xx_hal_uart.o(i.HAL_UART_MspInit)
    i.HardFault_Handler                      0x08002014   Section        0  stm32l4xx_it.o(i.HardFault_Handler)
    i.MemManage_Handler                      0x08002018   Section        0  stm32l4xx_it.o(i.MemManage_Handler)
    i.NMI_Handler                            0x0800201c   Section        0  stm32l4xx_it.o(i.NMI_Handler)
    i.NVIC_EnableIRQ                         0x0800201e   Section        0  uart.o(i.NVIC_EnableIRQ)
    NVIC_EnableIRQ                           0x0800201f   Thumb Code    22  uart.o(i.NVIC_EnableIRQ)
    i.NVIC_GetPriorityGrouping               0x08002034   Section        0  stm32l4xx_hal_cortex.o(i.NVIC_GetPriorityGrouping)
    NVIC_GetPriorityGrouping                 0x08002035   Thumb Code    10  stm32l4xx_hal_cortex.o(i.NVIC_GetPriorityGrouping)
    i.NVIC_SetPriority                       0x08002044   Section        0  uart.o(i.NVIC_SetPriority)
    NVIC_SetPriority                         0x08002045   Thumb Code    32  uart.o(i.NVIC_SetPriority)
    i.NVIC_SetPriority                       0x0800206c   Section        0  stm32l4xx_hal_cortex.o(i.NVIC_SetPriority)
    NVIC_SetPriority                         0x0800206d   Thumb Code    32  stm32l4xx_hal_cortex.o(i.NVIC_SetPriority)
    i.PendSV_Handler                         0x08002094   Section        0  stm32l4xx_it.o(i.PendSV_Handler)
    i.RCC_SetFlashLatencyFromMSIRange        0x08002098   Section        0  stm32l4xx_hal_rcc.o(i.RCC_SetFlashLatencyFromMSIRange)
    RCC_SetFlashLatencyFromMSIRange          0x08002099   Thumb Code   174  stm32l4xx_hal_rcc.o(i.RCC_SetFlashLatencyFromMSIRange)
    i.SVC_Handler                            0x08002150   Section        0  stm32l4xx_it.o(i.SVC_Handler)
    i.SysTick_Handler                        0x08002152   Section        0  stm32l4xx_it.o(i.SysTick_Handler)
    i.SystemClock_Config                     0x0800215c   Section        0  hal.o(i.SystemClock_Config)
    i.SystemInit                             0x080021f0   Section        0  system_stm32l4xx.o(i.SystemInit)
    i.TIM2_IRQHandler                        0x08002240   Section        0  timer.o(i.TIM2_IRQHandler)
    i.TIM_Base_SetConfig                     0x080022b8   Section        0  stm32l4xx_hal_tim.o(i.TIM_Base_SetConfig)
    i.UART4_IRQHandler                       0x08002378   Section        0  uart.o(i.UART4_IRQHandler)
    i.UART_AdvFeatureConfig                  0x08002398   Section        0  stm32l4xx_hal_uart.o(i.UART_AdvFeatureConfig)
    i.UART_CheckIdleState                    0x08002490   Section        0  stm32l4xx_hal_uart.o(i.UART_CheckIdleState)
    i.UART_SetConfig                         0x080024ec   Section        0  stm32l4xx_hal_uart.o(i.UART_SetConfig)
    i.UART_WaitOnFlagUntilTimeout            0x0800290c   Section        0  stm32l4xx_hal_uart.o(i.UART_WaitOnFlagUntilTimeout)
    i.USART1_IRQHandler                      0x08002a04   Section        0  uart.o(i.USART1_IRQHandler)
    i.USART2_IRQHandler                      0x08002a2c   Section        0  uart.o(i.USART2_IRQHandler)
    i.USART3_IRQHandler                      0x08002a30   Section        0  uart.o(i.USART3_IRQHandler)
    i.UsageFault_Handler                     0x08002a58   Section        0  stm32l4xx_it.o(i.UsageFault_Handler)
    i.halLib_Init                            0x08002a5c   Section        0  hal.o(i.halLib_Init)
    i.ledOff                                 0x08002ad8   Section        0  led.o(i.ledOff)
    i.ledOn                                  0x08002ae8   Section        0  led.o(i.ledOn)
    i.ledToggle                              0x08002af8   Section        0  led.o(i.ledToggle)
    i.led_port_init                          0x08002b08   Section        0  led.o(i.led_port_init)
    i.main                                   0x08002b48   Section        0  main.o(i.main)
    i.tim2_init                              0x08002b5c   Section        0  timer.o(i.tim2_init)
    i.uart4_Write                            0x08002c08   Section        0  uart.o(i.uart4_Write)
    i.uart4_WriteS                           0x08002c24   Section        0  uart.o(i.uart4_WriteS)
    i.uart4_init                             0x08002c50   Section        0  uart.o(i.uart4_init)
    i.uart5_Write                            0x08002d20   Section        0  uart.o(i.uart5_Write)
    i.uart5_WriteS                           0x08002d38   Section        0  uart.o(i.uart5_WriteS)
    i.uart5_init                             0x08002d64   Section        0  uart.o(i.uart5_init)
    i.usart1_Write                           0x08002e58   Section        0  uart.o(i.usart1_Write)
    i.usart1_WriteS                          0x08002e78   Section        0  uart.o(i.usart1_WriteS)
    i.usart1_init                            0x08002ea4   Section        0  uart.o(i.usart1_init)
    i.usart1_odczyt                          0x08002f78   Section        0  uart.o(i.usart1_odczyt)
    i.usart2_Write                           0x08002ffc   Section        0  uart.o(i.usart2_Write)
    i.usart2_WriteS                          0x0800301c   Section        0  uart.o(i.usart2_WriteS)
    i.usart2_init                            0x08003048   Section        0  uart.o(i.usart2_init)
    i.usart3_Write                           0x0800311c   Section        0  uart.o(i.usart3_Write)
    i.usart3_WriteS                          0x0800313c   Section        0  uart.o(i.usart3_WriteS)
    i.usart3_init                            0x08003168   Section        0  uart.o(i.usart3_init)
    i.usart3_odczyt                          0x0800323c   Section        0  uart.o(i.usart3_odczyt)
    x$fpl$fpinit                             0x080032c0   Section       10  fpinit.o(x$fpl$fpinit)
    $v0                                      0x080032c0   Number         0  fpinit.o(x$fpl$fpinit)
    .constdata                               0x080032cc   Section       84  hal.o(.constdata)
    .constdata                               0x08003320   Section       64  system_stm32l4xx.o(.constdata)
    .constdata                               0x08003360   Section        8  stm32l4xx_hal_rcc.o(.constdata)
    .data                                    0x20000000   Section        8  hal.o(.data)
    .data                                    0x20000008   Section       17  uart.o(.data)
    .data                                    0x2000001c   Section       10  timer.o(.data)
    .data                                    0x20000028   Section        4  system_stm32l4xx.o(.data)
    .data                                    0x2000002c   Section        4  stm32l4xx_hal.o(.data)
    uwTick                                   0x2000002c   Data           4  stm32l4xx_hal.o(.data)
    .bss                                     0x20000030   Section     2560  uart.o(.bss)
    .bss                                     0x20000a30   Section       60  timer.o(.bss)
    .bss                                     0x20000a6c   Section       96  libspace.o(.bss)
    HEAP                                     0x20000ad0   Section      512  startup_stm32l476xx.o(HEAP)
    Heap_Mem                                 0x20000ad0   Data         512  startup_stm32l476xx.o(HEAP)
    STACK                                    0x20000cd0   Section     1024  startup_stm32l476xx.o(STACK)
    Stack_Mem                                0x20000cd0   Data        1024  startup_stm32l476xx.o(STACK)
    __initial_sp                             0x200010d0   Data           0  startup_stm32l476xx.o(STACK)

    Global Symbols

    Symbol Name                              Value     Ov Type        Size  Object(Section)

    BuildAttributes$$THM_ISAv4$E$P$D$K$B$S$7EM$VFPi3$EXTD16$VFPS$VFMA$PE$A:L22UL41UL21$X:L11$S22US41US21$IEEE1$IW$USESV6$~STKCKD$USESV7$~SHL$OSPACE$ROPI$EBA8$UX$STANDARDLIB$REQ8$PRES8$EABIv2 0x00000000   Number         0  anon$$obj.o ABSOLUTE
    __ARM_use_no_argv                        0x00000000   Number         0  main.o ABSOLUTE
    __ARM_exceptions_init                     - Undefined Weak Reference
    __alloca_initialize                       - Undefined Weak Reference
    __arm_preinit_                            - Undefined Weak Reference
    __cpp_initialize__aeabi_                  - Undefined Weak Reference
    __cxa_finalize                            - Undefined Weak Reference
    __rt_locale                               - Undefined Weak Reference
    __sigvec_lookup                           - Undefined Weak Reference
    _atexit_init                              - Undefined Weak Reference
    _call_atexit_fns                          - Undefined Weak Reference
    _clock_init                               - Undefined Weak Reference
    _fp_trap_init                             - Undefined Weak Reference
    _fp_trap_shutdown                         - Undefined Weak Reference
    _get_lc_collate                           - Undefined Weak Reference
    _get_lc_ctype                             - Undefined Weak Reference
    _get_lc_monetary                          - Undefined Weak Reference
    _get_lc_numeric                           - Undefined Weak Reference
    _get_lc_time                              - Undefined Weak Reference
    _getenv_init                              - Undefined Weak Reference
    _handle_redirection                       - Undefined Weak Reference
    _init_alloc                               - Undefined Weak Reference
    _init_user_alloc                          - Undefined Weak Reference
    _initio                                   - Undefined Weak Reference
    _rand_init                                - Undefined Weak Reference
    _signal_finish                            - Undefined Weak Reference
    _signal_init                              - Undefined Weak Reference
    _terminate_alloc                          - Undefined Weak Reference
    _terminate_user_alloc                     - Undefined Weak Reference
    _terminateio                              - Undefined Weak Reference
    __Vectors_Size                           0x00000188   Number         0  startup_stm32l476xx.o ABSOLUTE
    __Vectors                                0x08000000   Data           4  startup_stm32l476xx.o(RESET)
    __Vectors_End                            0x08000188   Data           0  startup_stm32l476xx.o(RESET)
    __main                                   0x08000189   Thumb Code     8  __main.o(!!!main)
    __scatterload                            0x08000191   Thumb Code     0  __scatter.o(!!!scatter)
    __scatterload_rt2                        0x08000191   Thumb Code    44  __scatter.o(!!!scatter)
    __scatterload_rt2_thumb_only             0x08000191   Thumb Code     0  __scatter.o(!!!scatter)
    __scatterload_null                       0x0800019f   Thumb Code     0  __scatter.o(!!!scatter)
    __scatterload_copy                       0x080001c5   Thumb Code    26  __scatter_copy.o(!!handler_copy)
    __scatterload_zeroinit                   0x080001e1   Thumb Code    28  __scatter_zi.o(!!handler_zi)
    __rt_lib_init                            0x080001fd   Thumb Code     0  libinit.o(.ARM.Collect$$libinit$$00000000)
    __rt_lib_init_fp_1                       0x080001ff   Thumb Code     0  libinit2.o(.ARM.Collect$$libinit$$00000001)
    __rt_lib_init_alloca_1                   0x08000203   Thumb Code     0  libinit2.o(.ARM.Collect$$libinit$$0000002E)
    __rt_lib_init_argv_1                     0x08000203   Thumb Code     0  libinit2.o(.ARM.Collect$$libinit$$0000002C)
    __rt_lib_init_atexit_1                   0x08000203   Thumb Code     0  libinit2.o(.ARM.Collect$$libinit$$0000001B)
    __rt_lib_init_clock_1                    0x08000203   Thumb Code     0  libinit2.o(.ARM.Collect$$libinit$$00000021)
    __rt_lib_init_cpp_1                      0x08000203   Thumb Code     0  libinit2.o(.ARM.Collect$$libinit$$00000032)
    __rt_lib_init_exceptions_1               0x08000203   Thumb Code     0  libinit2.o(.ARM.Collect$$libinit$$00000030)
    __rt_lib_init_fp_trap_1                  0x08000203   Thumb Code     0  libinit2.o(.ARM.Collect$$libinit$$0000001F)
    __rt_lib_init_getenv_1                   0x08000203   Thumb Code     0  libinit2.o(.ARM.Collect$$libinit$$00000023)
    __rt_lib_init_heap_1                     0x08000203   Thumb Code     0  libinit2.o(.ARM.Collect$$libinit$$0000000A)
    __rt_lib_init_lc_collate_1               0x08000203   Thumb Code     0  libinit2.o(.ARM.Collect$$libinit$$00000011)
    __rt_lib_init_lc_ctype_1                 0x08000203   Thumb Code     0  libinit2.o(.ARM.Collect$$libinit$$00000013)
    __rt_lib_init_lc_monetary_1              0x08000203   Thumb Code     0  libinit2.o(.ARM.Collect$$libinit$$00000015)
    __rt_lib_init_lc_numeric_1               0x08000203   Thumb Code     0  libinit2.o(.ARM.Collect$$libinit$$00000017)
    __rt_lib_init_lc_time_1                  0x08000203   Thumb Code     0  libinit2.o(.ARM.Collect$$libinit$$00000019)
    __rt_lib_init_preinit_1                  0x08000203   Thumb Code     0  libinit2.o(.ARM.Collect$$libinit$$00000004)
    __rt_lib_init_rand_1                     0x08000203   Thumb Code     0  libinit2.o(.ARM.Collect$$libinit$$0000000E)
    __rt_lib_init_return                     0x08000203   Thumb Code     0  libinit2.o(.ARM.Collect$$libinit$$00000033)
    __rt_lib_init_signal_1                   0x08000203   Thumb Code     0  libinit2.o(.ARM.Collect$$libinit$$0000001D)
    __rt_lib_init_stdio_1                    0x08000203   Thumb Code     0  libinit2.o(.ARM.Collect$$libinit$$00000025)
    __rt_lib_init_user_alloc_1               0x08000203   Thumb Code     0  libinit2.o(.ARM.Collect$$libinit$$0000000C)
    __rt_lib_shutdown                        0x08000205   Thumb Code     0  libshutdown.o(.ARM.Collect$$libshutdown$$00000000)
    __rt_lib_shutdown_fp_trap_1              0x08000207   Thumb Code     0  libshutdown2.o(.ARM.Collect$$libshutdown$$00000006)
    __rt_lib_shutdown_heap_1                 0x08000207   Thumb Code     0  libshutdown2.o(.ARM.Collect$$libshutdown$$0000000E)
    __rt_lib_shutdown_return                 0x08000207   Thumb Code     0  libshutdown2.o(.ARM.Collect$$libshutdown$$0000000F)
    __rt_lib_shutdown_signal_1               0x08000207   Thumb Code     0  libshutdown2.o(.ARM.Collect$$libshutdown$$00000009)
    __rt_lib_shutdown_stdio_1                0x08000207   Thumb Code     0  libshutdown2.o(.ARM.Collect$$libshutdown$$00000003)
    __rt_lib_shutdown_user_alloc_1           0x08000207   Thumb Code     0  libshutdown2.o(.ARM.Collect$$libshutdown$$0000000B)
    __rt_entry                               0x08000209   Thumb Code     0  __rtentry.o(.ARM.Collect$$rtentry$$00000000)
    __rt_entry_presh_1                       0x08000209   Thumb Code     0  __rtentry2.o(.ARM.Collect$$rtentry$$00000002)
    __rt_entry_sh                            0x08000209   Thumb Code     0  __rtentry4.o(.ARM.Collect$$rtentry$$00000004)
    __rt_entry_li                            0x0800020f   Thumb Code     0  __rtentry2.o(.ARM.Collect$$rtentry$$0000000A)
    __rt_entry_postsh_1                      0x0800020f   Thumb Code     0  __rtentry2.o(.ARM.Collect$$rtentry$$00000009)
    __rt_entry_main                          0x08000213   Thumb Code     0  __rtentry2.o(.ARM.Collect$$rtentry$$0000000D)
    __rt_entry_postli_1                      0x08000213   Thumb Code     0  __rtentry2.o(.ARM.Collect$$rtentry$$0000000C)
    __rt_exit                                0x0800021b   Thumb Code     0  rtexit.o(.ARM.Collect$$rtexit$$00000000)
    __rt_exit_ls                             0x0800021d   Thumb Code     0  rtexit2.o(.ARM.Collect$$rtexit$$00000003)
    __rt_exit_prels_1                        0x0800021d   Thumb Code     0  rtexit2.o(.ARM.Collect$$rtexit$$00000002)
    __rt_exit_exit                           0x08000221   Thumb Code     0  rtexit2.o(.ARM.Collect$$rtexit$$00000004)
    Reset_Handler                            0x08000229   Thumb Code     8  startup_stm32l476xx.o(.text)
    ADC1_2_IRQHandler                        0x08000243   Thumb Code     0  startup_stm32l476xx.o(.text)
    ADC3_IRQHandler                          0x08000243   Thumb Code     0  startup_stm32l476xx.o(.text)
    CAN1_RX0_IRQHandler                      0x08000243   Thumb Code     0  startup_stm32l476xx.o(.text)
    CAN1_RX1_IRQHandler                      0x08000243   Thumb Code     0  startup_stm32l476xx.o(.text)
    CAN1_SCE_IRQHandler                      0x08000243   Thumb Code     0  startup_stm32l476xx.o(.text)
    CAN1_TX_IRQHandler                       0x08000243   Thumb Code     0  startup_stm32l476xx.o(.text)
    COMP_IRQHandler                          0x08000243   Thumb Code     0  startup_stm32l476xx.o(.text)
    DFSDM0_IRQHandler                        0x08000243   Thumb Code     0  startup_stm32l476xx.o(.text)
    DFSDM1_IRQHandler                        0x08000243   Thumb Code     0  startup_stm32l476xx.o(.text)
    DFSDM2_IRQHandler                        0x08000243   Thumb Code     0  startup_stm32l476xx.o(.text)
    DFSDM3_IRQHandler                        0x08000243   Thumb Code     0  startup_stm32l476xx.o(.text)
    DMA1_Channel1_IRQHandler                 0x08000243   Thumb Code     0  startup_stm32l476xx.o(.text)
    DMA1_Channel2_IRQHandler                 0x08000243   Thumb Code     0  startup_stm32l476xx.o(.text)
    DMA1_Channel3_IRQHandler                 0x08000243   Thumb Code     0  startup_stm32l476xx.o(.text)
    DMA1_Channel4_IRQHandler                 0x08000243   Thumb Code     0  startup_stm32l476xx.o(.text)
    DMA1_Channel5_IRQHandler                 0x08000243   Thumb Code     0  startup_stm32l476xx.o(.text)
    DMA1_Channel6_IRQHandler                 0x08000243   Thumb Code     0  startup_stm32l476xx.o(.text)
    DMA1_Channel7_IRQHandler                 0x08000243   Thumb Code     0  startup_stm32l476xx.o(.text)
    DMA2_Channel1_IRQHandler                 0x08000243   Thumb Code     0  startup_stm32l476xx.o(.text)
    DMA2_Channel2_IRQHandler                 0x08000243   Thumb Code     0  startup_stm32l476xx.o(.text)
    DMA2_Channel3_IRQHandler                 0x08000243   Thumb Code     0  startup_stm32l476xx.o(.text)
    DMA2_Channel4_IRQHandler                 0x08000243   Thumb Code     0  startup_stm32l476xx.o(.text)
    DMA2_Channel5_IRQHandler                 0x08000243   Thumb Code     0  startup_stm32l476xx.o(.text)
    DMA2_Channel6_IRQHandler                 0x08000243   Thumb Code     0  startup_stm32l476xx.o(.text)
    DMA2_Channel7_IRQHandler                 0x08000243   Thumb Code     0  startup_stm32l476xx.o(.text)
    EXTI0_IRQHandler                         0x08000243   Thumb Code     0  startup_stm32l476xx.o(.text)
    EXTI15_10_IRQHandler                     0x08000243   Thumb Code     0  startup_stm32l476xx.o(.text)
    EXTI1_IRQHandler                         0x08000243   Thumb Code     0  startup_stm32l476xx.o(.text)
    EXTI2_IRQHandler                         0x08000243   Thumb Code     0  startup_stm32l476xx.o(.text)
    EXTI3_IRQHandler                         0x08000243   Thumb Code     0  startup_stm32l476xx.o(.text)
    EXTI4_IRQHandler                         0x08000243   Thumb Code     0  startup_stm32l476xx.o(.text)
    EXTI9_5_IRQHandler                       0x08000243   Thumb Code     0  startup_stm32l476xx.o(.text)
    FLASH_IRQHandler                         0x08000243   Thumb Code     0  startup_stm32l476xx.o(.text)
    FMC_IRQHandler                           0x08000243   Thumb Code     0  startup_stm32l476xx.o(.text)
    FPU_IRQHandler                           0x08000243   Thumb Code     0  startup_stm32l476xx.o(.text)
    I2C1_ER_IRQHandler                       0x08000243   Thumb Code     0  startup_stm32l476xx.o(.text)
    I2C1_EV_IRQHandler                       0x08000243   Thumb Code     0  startup_stm32l476xx.o(.text)
    I2C2_ER_IRQHandler                       0x08000243   Thumb Code     0  startup_stm32l476xx.o(.text)
    I2C2_EV_IRQHandler                       0x08000243   Thumb Code     0  startup_stm32l476xx.o(.text)
    I2C3_ER_IRQHandler                       0x08000243   Thumb Code     0  startup_stm32l476xx.o(.text)
    I2C3_EV_IRQHandler                       0x08000243   Thumb Code     0  startup_stm32l476xx.o(.text)
    LCD_IRQHandler                           0x08000243   Thumb Code     0  startup_stm32l476xx.o(.text)
    LPTIM1_IRQHandler                        0x08000243   Thumb Code     0  startup_stm32l476xx.o(.text)
    LPTIM2_IRQHandler                        0x08000243   Thumb Code     0  startup_stm32l476xx.o(.text)
    LPUART1_IRQHandler                       0x08000243   Thumb Code     0  startup_stm32l476xx.o(.text)
    OTG_FS_IRQHandler                        0x08000243   Thumb Code     0  startup_stm32l476xx.o(.text)
    PVD_PVM_IRQHandler                       0x08000243   Thumb Code     0  startup_stm32l476xx.o(.text)
    QUADSPI_IRQHandler                       0x08000243   Thumb Code     0  startup_stm32l476xx.o(.text)
    RCC_IRQHandler                           0x08000243   Thumb Code     0  startup_stm32l476xx.o(.text)
    RNG_IRQHandler                           0x08000243   Thumb Code     0  startup_stm32l476xx.o(.text)
    RTC_Alarm_IRQHandler                     0x08000243   Thumb Code     0  startup_stm32l476xx.o(.text)
    RTC_WKUP_IRQHandler                      0x08000243   Thumb Code     0  startup_stm32l476xx.o(.text)
    SAI1_IRQHandler                          0x08000243   Thumb Code     0  startup_stm32l476xx.o(.text)
    SAI2_IRQHandler                          0x08000243   Thumb Code     0  startup_stm32l476xx.o(.text)
    SDMMC1_IRQHandler                        0x08000243   Thumb Code     0  startup_stm32l476xx.o(.text)
    SPI1_IRQHandler                          0x08000243   Thumb Code     0  startup_stm32l476xx.o(.text)
    SPI2_IRQHandler                          0x08000243   Thumb Code     0  startup_stm32l476xx.o(.text)
    SPI3_IRQHandler                          0x08000243   Thumb Code     0  startup_stm32l476xx.o(.text)
    SWPMI1_IRQHandler                        0x08000243   Thumb Code     0  startup_stm32l476xx.o(.text)
    TAMP_STAMP_IRQHandler                    0x08000243   Thumb Code     0  startup_stm32l476xx.o(.text)
    TIM1_BRK_TIM15_IRQHandler                0x08000243   Thumb Code     0  startup_stm32l476xx.o(.text)
    TIM1_CC_IRQHandler                       0x08000243   Thumb Code     0  startup_stm32l476xx.o(.text)
    TIM1_TRG_COM_TIM17_IRQHandler            0x08000243   Thumb Code     0  startup_stm32l476xx.o(.text)
    TIM1_UP_TIM16_IRQHandler                 0x08000243   Thumb Code     0  startup_stm32l476xx.o(.text)
    TIM3_IRQHandler                          0x08000243   Thumb Code     0  startup_stm32l476xx.o(.text)
    TIM4_IRQHandler                          0x08000243   Thumb Code     0  startup_stm32l476xx.o(.text)
    TIM5_IRQHandler                          0x08000243   Thumb Code     0  startup_stm32l476xx.o(.text)
    TIM6_DAC_IRQHandler                      0x08000243   Thumb Code     0  startup_stm32l476xx.o(.text)
    TIM7_IRQHandler                          0x08000243   Thumb Code     0  startup_stm32l476xx.o(.text)
    TIM8_BRK_IRQHandler                      0x08000243   Thumb Code     0  startup_stm32l476xx.o(.text)
    TIM8_CC_IRQHandler                       0x08000243   Thumb Code     0  startup_stm32l476xx.o(.text)
    TIM8_TRG_COM_IRQHandler                  0x08000243   Thumb Code     0  startup_stm32l476xx.o(.text)
    TIM8_UP_IRQHandler                       0x08000243   Thumb Code     0  startup_stm32l476xx.o(.text)
    TSC_IRQHandler                           0x08000243   Thumb Code     0  startup_stm32l476xx.o(.text)
    UART5_IRQHandler                         0x08000243   Thumb Code     0  startup_stm32l476xx.o(.text)
    WWDG_IRQHandler                          0x08000243   Thumb Code     0  startup_stm32l476xx.o(.text)
    __user_initial_stackheap                 0x08000245   Thumb Code     0  startup_stm32l476xx.o(.text)
    __aeabi_uldivmod                         0x08000269   Thumb Code     0  lludivv7m.o(.text)
    _ll_udiv                                 0x08000269   Thumb Code   238  lludivv7m.o(.text)
    __use_two_region_memory                  0x08000357   Thumb Code     2  heapauxi.o(.text)
    __rt_heap_escrow$2region                 0x08000359   Thumb Code     2  heapauxi.o(.text)
    __rt_heap_expand$2region                 0x0800035b   Thumb Code     2  heapauxi.o(.text)
    __user_setup_stackheap                   0x0800035d   Thumb Code    74  sys_stackheap_outer.o(.text)
    exit                                     0x080003a7   Thumb Code    12  exit.o(.text)
    __user_libspace                          0x080003b5   Thumb Code     8  libspace.o(.text)
    __user_perproc_libspace                  0x080003b5   Thumb Code     0  libspace.o(.text)
    __user_perthread_libspace                0x080003b5   Thumb Code     0  libspace.o(.text)
    _sys_exit                                0x080003bd   Thumb Code     8  sys_exit.o(.text)
    __I$use$semihosting                      0x080003c9   Thumb Code     0  use_no_semi.o(.text)
    __use_no_semihosting_swi                 0x080003c9   Thumb Code     2  use_no_semi.o(.text)
    BusFault_Handler                         0x080003cb   Thumb Code     4  stm32l4xx_it.o(i.BusFault_Handler)
    __semihosting_library_function           0x080003cb   Thumb Code     0  indicate_semi.o(.text)
    DebugMon_Handler                         0x080003cf   Thumb Code     2  stm32l4xx_it.o(i.DebugMon_Handler)
    HAL_GPIO_Init                            0x080003d1   Thumb Code   484  stm32l4xx_hal_gpio.o(i.HAL_GPIO_Init)
    HAL_GPIO_TogglePin                       0x080005d9   Thumb Code     8  stm32l4xx_hal_gpio.o(i.HAL_GPIO_TogglePin)
    HAL_GPIO_WritePin                        0x080005e1   Thumb Code    10  stm32l4xx_hal_gpio.o(i.HAL_GPIO_WritePin)
    HAL_GetTick                              0x080005ed   Thumb Code     6  stm32l4xx_hal.o(i.HAL_GetTick)
    HAL_IncTick                              0x080005f9   Thumb Code    12  stm32l4xx_hal.o(i.HAL_IncTick)
    HAL_Init                                 0x08000609   Thumb Code    22  stm32l4xx_hal.o(i.HAL_Init)
    HAL_InitTick                             0x0800061f   Thumb Code    36  stm32l4xx_hal.o(i.HAL_InitTick)
    HAL_MspInit                              0x08000643   Thumb Code     2  stm32l4xx_hal.o(i.HAL_MspInit)
    HAL_NVIC_SetPriority                     0x08000645   Thumb Code   124  stm32l4xx_hal_cortex.o(i.HAL_NVIC_SetPriority)
    HAL_NVIC_SetPriorityGrouping             0x080006c1   Thumb Code    32  stm32l4xx_hal_cortex.o(i.HAL_NVIC_SetPriorityGrouping)
    HAL_PWREx_ControlVoltageScaling          0x080006e9   Thumb Code   128  stm32l4xx_hal_pwr_ex.o(i.HAL_PWREx_ControlVoltageScaling)
    HAL_PWREx_GetVoltageRange                0x08000775   Thumb Code    10  stm32l4xx_hal_pwr_ex.o(i.HAL_PWREx_GetVoltageRange)
    HAL_RCC_ClockConfig                      0x08000785   Thumb Code  1716  stm32l4xx_hal_rcc.o(i.HAL_RCC_ClockConfig)
    HAL_RCC_GetHCLKFreq                      0x08000e41   Thumb Code    42  stm32l4xx_hal_rcc.o(i.HAL_RCC_GetHCLKFreq)
    HAL_RCC_GetPCLK1Freq                     0x08000e79   Thumb Code    36  stm32l4xx_hal_rcc.o(i.HAL_RCC_GetPCLK1Freq)
    HAL_RCC_GetPCLK2Freq                     0x08000ea5   Thumb Code    36  stm32l4xx_hal_rcc.o(i.HAL_RCC_GetPCLK2Freq)
    HAL_RCC_GetSysClockFreq                  0x08000ed1   Thumb Code   252  stm32l4xx_hal_rcc.o(i.HAL_RCC_GetSysClockFreq)
    HAL_RCC_OscConfig                        0x08000fdd   Thumb Code  3876  stm32l4xx_hal_rcc.o(i.HAL_RCC_OscConfig)
    HAL_SYSTICK_CLKSourceConfig              0x08001f09   Thumb Code    40  stm32l4xx_hal_cortex.o(i.HAL_SYSTICK_CLKSourceConfig)
    HAL_SYSTICK_Config                       0x08001f31   Thumb Code    52  stm32l4xx_hal_cortex.o(i.HAL_SYSTICK_Config)
    HAL_TIM_Base_Init                        0x08001f65   Thumb Code    52  stm32l4xx_hal_tim.o(i.HAL_TIM_Base_Init)
    HAL_TIM_Base_MspInit                     0x08001f99   Thumb Code     2  stm32l4xx_hal_tim.o(i.HAL_TIM_Base_MspInit)
    HAL_UART_Init                            0x08001f9b   Thumb Code   120  stm32l4xx_hal_uart.o(i.HAL_UART_Init)
    HAL_UART_MspInit                         0x08002013   Thumb Code     2  stm32l4xx_hal_uart.o(i.HAL_UART_MspInit)
    HardFault_Handler                        0x08002015   Thumb Code     4  stm32l4xx_it.o(i.HardFault_Handler)
    MemManage_Handler                        0x08002019   Thumb Code     4  stm32l4xx_it.o(i.MemManage_Handler)
    NMI_Handler                              0x0800201d   Thumb Code     2  stm32l4xx_it.o(i.NMI_Handler)
    PendSV_Handler                           0x08002095   Thumb Code     2  stm32l4xx_it.o(i.PendSV_Handler)
    SVC_Handler                              0x08002151   Thumb Code     2  stm32l4xx_it.o(i.SVC_Handler)
    SysTick_Handler                          0x08002153   Thumb Code     8  stm32l4xx_it.o(i.SysTick_Handler)
    SystemClock_Config                       0x0800215d   Thumb Code   144  hal.o(i.SystemClock_Config)
    SystemInit                               0x080021f1   Thumb Code    68  system_stm32l4xx.o(i.SystemInit)
    TIM2_IRQHandler                          0x08002241   Thumb Code   102  timer.o(i.TIM2_IRQHandler)
    TIM_Base_SetConfig                       0x080022b9   Thumb Code   160  stm32l4xx_hal_tim.o(i.TIM_Base_SetConfig)
    UART4_IRQHandler                         0x08002379   Thumb Code    20  uart.o(i.UART4_IRQHandler)
    UART_AdvFeatureConfig                    0x08002399   Thumb Code   248  stm32l4xx_hal_uart.o(i.UART_AdvFeatureConfig)
    UART_CheckIdleState                      0x08002491   Thumb Code    92  stm32l4xx_hal_uart.o(i.UART_CheckIdleState)
    UART_SetConfig                           0x080024ed   Thumb Code  1056  stm32l4xx_hal_uart.o(i.UART_SetConfig)
    UART_WaitOnFlagUntilTimeout              0x0800290d   Thumb Code   246  stm32l4xx_hal_uart.o(i.UART_WaitOnFlagUntilTimeout)
    USART1_IRQHandler                        0x08002a05   Thumb Code    32  uart.o(i.USART1_IRQHandler)
    USART2_IRQHandler                        0x08002a2d   Thumb Code     2  uart.o(i.USART2_IRQHandler)
    USART3_IRQHandler                        0x08002a31   Thumb Code    32  uart.o(i.USART3_IRQHandler)
    UsageFault_Handler                       0x08002a59   Thumb Code     4  stm32l4xx_it.o(i.UsageFault_Handler)
    halLib_Init                              0x08002a5d   Thumb Code    52  hal.o(i.halLib_Init)
    ledOff                                   0x08002ad9   Thumb Code    16  led.o(i.ledOff)
    ledOn                                    0x08002ae9   Thumb Code    16  led.o(i.ledOn)
    ledToggle                                0x08002af9   Thumb Code    14  led.o(i.ledToggle)
    led_port_init                            0x08002b09   Thumb Code    60  led.o(i.led_port_init)
    main                                     0x08002b49   Thumb Code    16  main.o(i.main)
    tim2_init                                0x08002b5d   Thumb Code   156  timer.o(i.tim2_init)
    uart4_Write                              0x08002c09   Thumb Code    22  uart.o(i.uart4_Write)
    uart4_WriteS                             0x08002c25   Thumb Code    38  uart.o(i.uart4_WriteS)
    uart4_init                               0x08002c51   Thumb Code   196  uart.o(i.uart4_init)
    uart5_Write                              0x08002d21   Thumb Code    20  uart.o(i.uart5_Write)
    uart5_WriteS                             0x08002d39   Thumb Code    38  uart.o(i.uart5_WriteS)
    uart5_init                               0x08002d65   Thumb Code   220  uart.o(i.uart5_init)
    usart1_Write                             0x08002e59   Thumb Code    22  uart.o(i.usart1_Write)
    usart1_WriteS                            0x08002e79   Thumb Code    38  uart.o(i.usart1_WriteS)
    usart1_init                              0x08002ea5   Thumb Code   198  uart.o(i.usart1_init)
    usart1_odczyt                            0x08002f79   Thumb Code   118  uart.o(i.usart1_odczyt)
    usart2_Write                             0x08002ffd   Thumb Code    22  uart.o(i.usart2_Write)
    usart2_WriteS                            0x0800301d   Thumb Code    38  uart.o(i.usart2_WriteS)
    usart2_init                              0x08003049   Thumb Code   198  uart.o(i.usart2_init)
    usart3_Write                             0x0800311d   Thumb Code    22  uart.o(i.usart3_Write)
    usart3_WriteS                            0x0800313d   Thumb Code    38  uart.o(i.usart3_WriteS)
    usart3_init                              0x08003169   Thumb Code   194  uart.o(i.usart3_init)
    usart3_odczyt                            0x0800323d   Thumb Code   118  uart.o(i.usart3_odczyt)
    _fp_init                                 0x080032c1   Thumb Code    10  fpinit.o(x$fpl$fpinit)
    __fplib_config_fpu_vfp                   0x080032c9   Thumb Code     0  fpinit.o(x$fpl$fpinit)
    __fplib_config_pureend_doubles           0x080032c9   Thumb Code     0  fpinit.o(x$fpl$fpinit)
    halLib                                   0x080032cc   Data          84  hal.o(.constdata)
    AHBPrescTable                            0x08003320   Data          16  system_stm32l4xx.o(.constdata)
    MSIRangeTable                            0x08003330   Data          48  system_stm32l4xx.o(.constdata)
    APBAHBPrescTable                         0x08003360   Data           8  stm32l4xx_hal_rcc.o(.constdata)
    Region$$Table$$Base                      0x08003368   Number         0  anon$$obj.o(Region$$Table)
    Region$$Table$$Limit                     0x08003388   Number         0  anon$$obj.o(Region$$Table)
    usart_stat                               0x20000000   Data           1  hal.o(.data)
    tim2_stat                                0x20000001   Data           1  hal.o(.data)
    HAL                                      0x20000004   Data           4  hal.o(.data)
    temp                                     0x20000008   Data           1  uart.o(.data)
    usart1_rx                                0x20000009   Data           1  uart.o(.data)
    cnt_usart1                               0x2000000c   Data           4  uart.o(.data)
    last_line_usart1                         0x20000010   Data           1  uart.o(.data)
    usart3_rx                                0x20000011   Data           1  uart.o(.data)
    cnt_usart3                               0x20000014   Data           4  uart.o(.data)
    last_line_usart3                         0x20000018   Data           1  uart.o(.data)
    diode_cnt                                0x2000001c   Data           2  timer.o(.data)
    gps_disp_cnt                             0x20000020   Data           4  timer.o(.data)
    uart4_cr1                                0x20000024   Data           2  timer.o(.data)
    SystemCoreClock                          0x20000028   Data           4  system_stm32l4xx.o(.data)
    buf_usart1                               0x20000030   Data        1000  uart.o(.bss)
    buf_usart3                               0x20000418   Data        1000  uart.o(.bss)
    USART1_HandleStruct                      0x20000800   Data         112  uart.o(.bss)
    USART2_HandleStruct                      0x20000870   Data         112  uart.o(.bss)
    USART3_HandleStruct                      0x200008e0   Data         112  uart.o(.bss)
    UART4_HandleStruct                       0x20000950   Data         112  uart.o(.bss)
    UART5_HandleStruct                       0x200009c0   Data         112  uart.o(.bss)
    TIM2_HandleStruct                        0x20000a30   Data          60  timer.o(.bss)
    __libspace_start                         0x20000a6c   Data          96  libspace.o(.bss)
    __temporary_stack_top$libspace           0x20000acc   Data           0  libspace.o(.bss)



==============================================================================

Memory Map of the image

  Image Entry point : 0x08000229

  Load Region LR_1 (Base: 0x08000000, Size: 0x000033b8, Max: 0xffffffff, ABSOLUTE)

    Execution Region ER_RO (Base: 0x08000000, Size: 0x00003388, Max: 0xffffffff, ABSOLUTE)

    Base Addr    Size         Type   Attr      Idx    E Section Name        Object

    0x08000000   0x00000188   Data   RO          788    RESET               startup_stm32l476xx.o
    0x08000188   0x00000008   Code   RO         5076  * !!!main             c_w.l(__main.o)
    0x08000190   0x00000034   Code   RO         5242    !!!scatter          c_w.l(__scatter.o)
    0x080001c4   0x0000001a   Code   RO         5244    !!handler_copy      c_w.l(__scatter_copy.o)
    0x080001de   0x00000002   PAD
    0x080001e0   0x0000001c   Code   RO         5246    !!handler_zi        c_w.l(__scatter_zi.o)
    0x080001fc   0x00000002   Code   RO         5113    .ARM.Collect$$libinit$$00000000  c_w.l(libinit.o)
    0x080001fe   0x00000004   Code   RO         5125    .ARM.Collect$$libinit$$00000001  c_w.l(libinit2.o)
    0x08000202   0x00000000   Code   RO         5128    .ARM.Collect$$libinit$$00000004  c_w.l(libinit2.o)
    0x08000202   0x00000000   Code   RO         5131    .ARM.Collect$$libinit$$0000000A  c_w.l(libinit2.o)
    0x08000202   0x00000000   Code   RO         5133    .ARM.Collect$$libinit$$0000000C  c_w.l(libinit2.o)
    0x08000202   0x00000000   Code   RO         5135    .ARM.Collect$$libinit$$0000000E  c_w.l(libinit2.o)
    0x08000202   0x00000000   Code   RO         5138    .ARM.Collect$$libinit$$00000011  c_w.l(libinit2.o)
    0x08000202   0x00000000   Code   RO         5140    .ARM.Collect$$libinit$$00000013  c_w.l(libinit2.o)
    0x08000202   0x00000000   Code   RO         5142    .ARM.Collect$$libinit$$00000015  c_w.l(libinit2.o)
    0x08000202   0x00000000   Code   RO         5144    .ARM.Collect$$libinit$$00000017  c_w.l(libinit2.o)
    0x08000202   0x00000000   Code   RO         5146    .ARM.Collect$$libinit$$00000019  c_w.l(libinit2.o)
    0x08000202   0x00000000   Code   RO         5148    .ARM.Collect$$libinit$$0000001B  c_w.l(libinit2.o)
    0x08000202   0x00000000   Code   RO         5150    .ARM.Collect$$libinit$$0000001D  c_w.l(libinit2.o)
    0x08000202   0x00000000   Code   RO         5152    .ARM.Collect$$libinit$$0000001F  c_w.l(libinit2.o)
    0x08000202   0x00000000   Code   RO         5154    .ARM.Collect$$libinit$$00000021  c_w.l(libinit2.o)
    0x08000202   0x00000000   Code   RO         5156    .ARM.Collect$$libinit$$00000023  c_w.l(libinit2.o)
    0x08000202   0x00000000   Code   RO         5158    .ARM.Collect$$libinit$$00000025  c_w.l(libinit2.o)
    0x08000202   0x00000000   Code   RO         5162    .ARM.Collect$$libinit$$0000002C  c_w.l(libinit2.o)
    0x08000202   0x00000000   Code   RO         5164    .ARM.Collect$$libinit$$0000002E  c_w.l(libinit2.o)
    0x08000202   0x00000000   Code   RO         5166    .ARM.Collect$$libinit$$00000030  c_w.l(libinit2.o)
    0x08000202   0x00000000   Code   RO         5168    .ARM.Collect$$libinit$$00000032  c_w.l(libinit2.o)
    0x08000202   0x00000002   Code   RO         5169    .ARM.Collect$$libinit$$00000033  c_w.l(libinit2.o)
    0x08000204   0x00000002   Code   RO         5200    .ARM.Collect$$libshutdown$$00000000  c_w.l(libshutdown.o)
    0x08000206   0x00000000   Code   RO         5227    .ARM.Collect$$libshutdown$$00000003  c_w.l(libshutdown2.o)
    0x08000206   0x00000000   Code   RO         5230    .ARM.Collect$$libshutdown$$00000006  c_w.l(libshutdown2.o)
    0x08000206   0x00000000   Code   RO         5233    .ARM.Collect$$libshutdown$$00000009  c_w.l(libshutdown2.o)
    0x08000206   0x00000000   Code   RO         5235    .ARM.Collect$$libshutdown$$0000000B  c_w.l(libshutdown2.o)
    0x08000206   0x00000000   Code   RO         5238    .ARM.Collect$$libshutdown$$0000000E  c_w.l(libshutdown2.o)
    0x08000206   0x00000002   Code   RO         5239    .ARM.Collect$$libshutdown$$0000000F  c_w.l(libshutdown2.o)
    0x08000208   0x00000000   Code   RO         5078    .ARM.Collect$$rtentry$$00000000  c_w.l(__rtentry.o)
    0x08000208   0x00000000   Code   RO         5084    .ARM.Collect$$rtentry$$00000002  c_w.l(__rtentry2.o)
    0x08000208   0x00000006   Code   RO         5096    .ARM.Collect$$rtentry$$00000004  c_w.l(__rtentry4.o)
    0x0800020e   0x00000000   Code   RO         5086    .ARM.Collect$$rtentry$$00000009  c_w.l(__rtentry2.o)
    0x0800020e   0x00000004   Code   RO         5087    .ARM.Collect$$rtentry$$0000000A  c_w.l(__rtentry2.o)
    0x08000212   0x00000000   Code   RO         5089    .ARM.Collect$$rtentry$$0000000C  c_w.l(__rtentry2.o)
    0x08000212   0x00000008   Code   RO         5090    .ARM.Collect$$rtentry$$0000000D  c_w.l(__rtentry2.o)
    0x0800021a   0x00000002   Code   RO         5117    .ARM.Collect$$rtexit$$00000000  c_w.l(rtexit.o)
    0x0800021c   0x00000000   Code   RO         5173    .ARM.Collect$$rtexit$$00000002  c_w.l(rtexit2.o)
    0x0800021c   0x00000004   Code   RO         5174    .ARM.Collect$$rtexit$$00000003  c_w.l(rtexit2.o)
    0x08000220   0x00000006   Code   RO         5175    .ARM.Collect$$rtexit$$00000004  c_w.l(rtexit2.o)
    0x08000226   0x00000002   PAD
    0x08000228   0x00000040   Code   RO          789  * .text               startup_stm32l476xx.o
    0x08000268   0x000000ee   Code   RO         5070    .text               c_w.l(lludivv7m.o)
    0x08000356   0x00000006   Code   RO         5074    .text               c_w.l(heapauxi.o)
    0x0800035c   0x0000004a   Code   RO         5100    .text               c_w.l(sys_stackheap_outer.o)
    0x080003a6   0x0000000c   Code   RO         5102    .text               c_w.l(exit.o)
    0x080003b2   0x00000002   PAD
    0x080003b4   0x00000008   Code   RO         5114    .text               c_w.l(libspace.o)
    0x080003bc   0x0000000c   Code   RO         5170    .text               c_w.l(sys_exit.o)
    0x080003c8   0x00000002   Code   RO         5189    .text               c_w.l(use_no_semi.o)
    0x080003ca   0x00000000   Code   RO         5191    .text               c_w.l(indicate_semi.o)
    0x080003ca   0x00000004   Code   RO         3159    i.BusFault_Handler  stm32l4xx_it.o
    0x080003ce   0x00000002   Code   RO         3160    i.DebugMon_Handler  stm32l4xx_it.o
    0x080003d0   0x00000208   Code   RO          981    i.HAL_GPIO_Init     stm32l4xx_hal_gpio.o
    0x080005d8   0x00000008   Code   RO          984    i.HAL_GPIO_TogglePin  stm32l4xx_hal_gpio.o
    0x080005e0   0x0000000a   Code   RO          985    i.HAL_GPIO_WritePin  stm32l4xx_hal_gpio.o
    0x080005ea   0x00000002   PAD
    0x080005ec   0x0000000c   Code   RO          807    i.HAL_GetTick       stm32l4xx_hal.o
    0x080005f8   0x00000010   Code   RO          808    i.HAL_IncTick       stm32l4xx_hal.o
    0x08000608   0x00000016   Code   RO          809    i.HAL_Init          stm32l4xx_hal.o
    0x0800061e   0x00000024   Code   RO          810    i.HAL_InitTick      stm32l4xx_hal.o
    0x08000642   0x00000002   Code   RO          812    i.HAL_MspInit       stm32l4xx_hal.o
    0x08000644   0x0000007c   Code   RO         1308    i.HAL_NVIC_SetPriority  stm32l4xx_hal_cortex.o
    0x080006c0   0x00000028   Code   RO         1309    i.HAL_NVIC_SetPriorityGrouping  stm32l4xx_hal_cortex.o
    0x080006e8   0x0000008c   Code   RO         1542    i.HAL_PWREx_ControlVoltageScaling  stm32l4xx_hal_pwr_ex.o
    0x08000774   0x00000010   Code   RO         1573    i.HAL_PWREx_GetVoltageRange  stm32l4xx_hal_pwr_ex.o
    0x08000784   0x000006bc   Code   RO         1045    i.HAL_RCC_ClockConfig  stm32l4xx_hal_rcc.o
    0x08000e40   0x00000038   Code   RO         1049    i.HAL_RCC_GetHCLKFreq  stm32l4xx_hal_rcc.o
    0x08000e78   0x0000002c   Code   RO         1051    i.HAL_RCC_GetPCLK1Freq  stm32l4xx_hal_rcc.o
    0x08000ea4   0x0000002c   Code   RO         1052    i.HAL_RCC_GetPCLK2Freq  stm32l4xx_hal_rcc.o
    0x08000ed0   0x0000010c   Code   RO         1053    i.HAL_RCC_GetSysClockFreq  stm32l4xx_hal_rcc.o
    0x08000fdc   0x00000f2c   Code   RO         1056    i.HAL_RCC_OscConfig  stm32l4xx_hal_rcc.o
    0x08001f08   0x00000028   Code   RO         1311    i.HAL_SYSTICK_CLKSourceConfig  stm32l4xx_hal_cortex.o
    0x08001f30   0x00000034   Code   RO         1313    i.HAL_SYSTICK_Config  stm32l4xx_hal_cortex.o
    0x08001f64   0x00000034   Code   RO         1789    i.HAL_TIM_Base_Init  stm32l4xx_hal_tim.o
    0x08001f98   0x00000002   Code   RO         1791    i.HAL_TIM_Base_MspInit  stm32l4xx_hal_tim.o
    0x08001f9a   0x00000078   Code   RO         3251    i.HAL_UART_Init     stm32l4xx_hal_uart.o
    0x08002012   0x00000002   Code   RO         3253    i.HAL_UART_MspInit  stm32l4xx_hal_uart.o
    0x08002014   0x00000004   Code   RO         3161    i.HardFault_Handler  stm32l4xx_it.o
    0x08002018   0x00000004   Code   RO         3162    i.MemManage_Handler  stm32l4xx_it.o
    0x0800201c   0x00000002   Code   RO         3163    i.NMI_Handler       stm32l4xx_it.o
    0x0800201e   0x00000016   Code   RO          357    i.NVIC_EnableIRQ    uart.o
    0x08002034   0x00000010   Code   RO         1315    i.NVIC_GetPriorityGrouping  stm32l4xx_hal_cortex.o
    0x08002044   0x00000028   Code   RO          358    i.NVIC_SetPriority  uart.o
    0x0800206c   0x00000028   Code   RO         1316    i.NVIC_SetPriority  stm32l4xx_hal_cortex.o
    0x08002094   0x00000002   Code   RO         3164    i.PendSV_Handler    stm32l4xx_it.o
    0x08002096   0x00000002   PAD
    0x08002098   0x000000b8   Code   RO         1057    i.RCC_SetFlashLatencyFromMSIRange  stm32l4xx_hal_rcc.o
    0x08002150   0x00000002   Code   RO         3165    i.SVC_Handler       stm32l4xx_it.o
    0x08002152   0x00000008   Code   RO         3166    i.SysTick_Handler   stm32l4xx_it.o
    0x0800215a   0x00000002   PAD
    0x0800215c   0x00000094   Code   RO          320    i.SystemClock_Config  hal.o
    0x080021f0   0x00000050   Code   RO          647    i.SystemInit        system_stm32l4xx.o
    0x08002240   0x00000078   Code   RO          544    i.TIM2_IRQHandler   timer.o
    0x080022b8   0x000000c0   Code   RO         1873    i.TIM_Base_SetConfig  stm32l4xx_hal_tim.o
    0x08002378   0x00000020   Code   RO          359    i.UART4_IRQHandler  uart.o
    0x08002398   0x000000f8   Code   RO         3264    i.UART_AdvFeatureConfig  stm32l4xx_hal_uart.o
    0x08002490   0x0000005c   Code   RO         3265    i.UART_CheckIdleState  stm32l4xx_hal_uart.o
    0x080024ec   0x00000420   Code   RO         3273    i.UART_SetConfig    stm32l4xx_hal_uart.o
    0x0800290c   0x000000f6   Code   RO         3275    i.UART_WaitOnFlagUntilTimeout  stm32l4xx_hal_uart.o
    0x08002a02   0x00000002   PAD
    0x08002a04   0x00000028   Code   RO          360    i.USART1_IRQHandler  uart.o
    0x08002a2c   0x00000002   Code   RO          361    i.USART2_IRQHandler  uart.o
    0x08002a2e   0x00000002   PAD
    0x08002a30   0x00000028   Code   RO          362    i.USART3_IRQHandler  uart.o
    0x08002a58   0x00000004   Code   RO         3167    i.UsageFault_Handler  stm32l4xx_it.o
    0x08002a5c   0x0000007c   Code   RO          321    i.halLib_Init       hal.o
    0x08002ad8   0x00000010   Code   RO          278    i.ledOff            led.o
    0x08002ae8   0x00000010   Code   RO          279    i.ledOn             led.o
    0x08002af8   0x0000000e   Code   RO          280    i.ledToggle         led.o
    0x08002b06   0x00000002   PAD
    0x08002b08   0x00000040   Code   RO          281    i.led_port_init     led.o
    0x08002b48   0x00000014   Code   RO            4    i.main              main.o
    0x08002b5c   0x000000ac   Code   RO          545    i.tim2_init         timer.o
    0x08002c08   0x0000001c   Code   RO          363    i.uart4_Write       uart.o
    0x08002c24   0x0000002c   Code   RO          364    i.uart4_WriteS      uart.o
    0x08002c50   0x000000d0   Code   RO          365    i.uart4_init        uart.o
    0x08002d20   0x00000018   Code   RO          366    i.uart5_Write       uart.o
    0x08002d38   0x0000002c   Code   RO          367    i.uart5_WriteS      uart.o
    0x08002d64   0x000000f4   Code   RO          368    i.uart5_init        uart.o
    0x08002e58   0x00000020   Code   RO          369    i.usart1_Write      uart.o
    0x08002e78   0x0000002c   Code   RO          370    i.usart1_WriteS     uart.o
    0x08002ea4   0x000000d4   Code   RO          371    i.usart1_init       uart.o
    0x08002f78   0x00000084   Code   RO          372    i.usart1_odczyt     uart.o
    0x08002ffc   0x00000020   Code   RO          373    i.usart2_Write      uart.o
    0x0800301c   0x0000002c   Code   RO          374    i.usart2_WriteS     uart.o
    0x08003048   0x000000d4   Code   RO          375    i.usart2_init       uart.o
    0x0800311c   0x00000020   Code   RO          376    i.usart3_Write      uart.o
    0x0800313c   0x0000002c   Code   RO          377    i.usart3_WriteS     uart.o
    0x08003168   0x000000d4   Code   RO          378    i.usart3_init       uart.o
    0x0800323c   0x00000084   Code   RO          379    i.usart3_odczyt     uart.o
    0x080032c0   0x0000000a   Code   RO         5185    x$fpl$fpinit        fz_wm.l(fpinit.o)
    0x080032ca   0x00000002   PAD
    0x080032cc   0x00000054   Data   RO          322    .constdata          hal.o
    0x08003320   0x00000040   Data   RO          648    .constdata          system_stm32l4xx.o
    0x08003360   0x00000008   Data   RO         1058    .constdata          stm32l4xx_hal_rcc.o
    0x08003368   0x00000020   Data   RO         5240    Region$$Table       anon$$obj.o


    Execution Region ER_RW (Base: 0x20000000, Size: 0x00000030, Max: 0xffffffff, ABSOLUTE)

    Base Addr    Size         Type   Attr      Idx    E Section Name        Object

    0x20000000   0x00000008   Data   RW          323    .data               hal.o
    0x20000008   0x00000011   Data   RW          381    .data               uart.o
    0x20000019   0x00000003   PAD
    0x2000001c   0x0000000a   Data   RW          547    .data               timer.o
    0x20000026   0x00000002   PAD
    0x20000028   0x00000004   Data   RW          649    .data               system_stm32l4xx.o
    0x2000002c   0x00000004   Data   RW          823    .data               stm32l4xx_hal.o


    Execution Region ER_ZI (Base: 0x20000030, Size: 0x000010a0, Max: 0xffffffff, ABSOLUTE)

    Base Addr    Size         Type   Attr      Idx    E Section Name        Object

    0x20000030   0x00000a00   Zero   RW          380    .bss                uart.o
    0x20000a30   0x0000003c   Zero   RW          546    .bss                timer.o
    0x20000a6c   0x00000060   Zero   RW         5115    .bss                c_w.l(libspace.o)
    0x20000acc   0x00000004   PAD
    0x20000ad0   0x00000200   Zero   RW          787    HEAP                startup_stm32l476xx.o
    0x20000cd0   0x00000400   Zero   RW          786    STACK               startup_stm32l476xx.o


==============================================================================

Image component sizes


      Code (inc. data)   RO Data    RW Data    ZI Data      Debug   Object Name

       272         76         84          8          0       2957   hal.o
       110          4          0          0          0       2297   led.o
        20          4          0          0          0     448203   main.o
        64         26        392          0       1536        864   startup_stm32l476xx.o
        88         10          0          4          0       3964   stm32l4xx_hal.o
       312         22          0          0          0      30300   stm32l4xx_hal_cortex.o
       538         36          0          0          0       2981   stm32l4xx_hal_gpio.o
       156         18          0          0          0       1338   stm32l4xx_hal_pwr_ex.o
      6204         96          8          0          0       8519   stm32l4xx_hal_rcc.o
       246         32          0          0          0       2400   stm32l4xx_hal_tim.o
      1764         44          0          0          0       5328   stm32l4xx_hal_uart.o
        32          0          0          0          0       4354   stm32l4xx_it.o
        80         12         64          4          0       1239   system_stm32l4xx.o
       292         34          0         10         60      28294   timer.o
      1896        216          0         17       2560      40808   uart.o

    ----------------------------------------------------------------------
     12086        630        580         48       4156     583846   Object Totals
         0          0         32          0          0          0   (incl. Generated)
        12          0          0          5          0          0   (incl. Padding)

    ----------------------------------------------------------------------

      Code (inc. data)   RO Data    RW Data    ZI Data      Debug   Library Member Name

         8          0          0          0          0         68   __main.o
         0          0          0          0          0          0   __rtentry.o
        12          0          0          0          0          0   __rtentry2.o
         6          0          0          0          0          0   __rtentry4.o
        52          8          0          0          0          0   __scatter.o
        26          0          0          0          0          0   __scatter_copy.o
        28          0          0          0          0          0   __scatter_zi.o
        12          0          0          0          0         72   exit.o
         6          0          0          0          0        152   heapauxi.o
         0          0          0          0          0          0   indicate_semi.o
         2          0          0          0          0          0   libinit.o
         6          0          0          0          0          0   libinit2.o
         2          0          0          0          0          0   libshutdown.o
         2          0          0          0          0          0   libshutdown2.o
         8          4          0          0         96         68   libspace.o
       238          0          0          0          0        100   lludivv7m.o
         2          0          0          0          0          0   rtexit.o
        10          0          0          0          0          0   rtexit2.o
        12          4          0          0          0         68   sys_exit.o
        74          0          0          0          0         80   sys_stackheap_outer.o
         2          0          0          0          0         68   use_no_semi.o
        10          0          0          0          0        116   fpinit.o

    ----------------------------------------------------------------------
       526         16          0          0        100        792   Library Totals
         8          0          0          0          4          0   (incl. Padding)

    ----------------------------------------------------------------------

      Code (inc. data)   RO Data    RW Data    ZI Data      Debug   Library Name

       508         16          0          0         96        676   c_w.l
        10          0          0          0          0        116   fz_wm.l

    ----------------------------------------------------------------------
       526         16          0          0        100        792   Library Totals

    ----------------------------------------------------------------------

==============================================================================


      Code (inc. data)   RO Data    RW Data    ZI Data      Debug   

     12612        646        580         48       4256     577630   Grand Totals
     12612        646        580         48       4256     577630   ELF Image Totals
     12612        646        580         48          0          0   ROM Totals

==============================================================================

    Total RO  Size (Code + RO Data)                13192 (  12.88kB)
    Total RW  Size (RW Data + ZI Data)              4304 (   4.20kB)
    Total ROM Size (Code + RO Data + RW Data)      13240 (  12.93kB)

==============================================================================

