Component: ARM Compiler 5.05 update 2 (build 169) Tool: armlink [4d0f33]

==============================================================================

Section Cross References

    main.o(i.main) refers to stm32l4xx_hal.o(i.HAL_Init) for HAL_Init
    main.o(i.main) refers to init.o(i.init) for init
    main.o(i.main) refers to uart.o(i.usart2_WriteS) for usart2_WriteS
    main.o(i.main) refers to nrf905.o(i.nRF_transmit) for nRF_transmit
    main.o(i.main) refers to stm32l4xx_hal.o(i.HAL_Delay) for HAL_Delay
    main.o(i.main) refers to nrf905.o(i.spi3_recive) for spi3_recive
    main.o(i.main) refers to main.o(.data) for buf
    main.o(i.main) refers to nrf905.o(.data) for data_ready_flag
    led.o(i.ledOff) refers to stm32l4xx_hal_gpio.o(i.HAL_GPIO_WritePin) for HAL_GPIO_WritePin
    led.o(i.ledOn) refers to stm32l4xx_hal_gpio.o(i.HAL_GPIO_WritePin) for HAL_GPIO_WritePin
    led.o(i.ledToggle) refers to stm32l4xx_hal_gpio.o(i.HAL_GPIO_TogglePin) for HAL_GPIO_TogglePin
    led.o(i.led_port_init) refers to stm32l4xx_hal_gpio.o(i.HAL_GPIO_Init) for HAL_GPIO_Init
    uart.o(i.UART4_IRQHandler) refers to uart.o(i.usart2_WriteS) for usart2_WriteS
    uart.o(i.USART1_IRQHandler) refers to uart.o(i.usart1_odczyt) for usart1_odczyt
    uart.o(i.USART1_IRQHandler) refers to uart.o(.data) for usart1_rx
    uart.o(i.USART3_IRQHandler) refers to uart.o(i.usart3_odczyt) for usart3_odczyt
    uart.o(i.USART3_IRQHandler) refers to uart.o(.data) for usart3_rx
    uart.o(i.uart4_WriteS) refers to uart.o(i.uart4_Write) for uart4_Write
    uart.o(i.uart4_WriteS) refers to uart.o(.bss) for UART4_HandleStruct
    uart.o(i.uart4_init) refers to stm32l4xx_hal_gpio.o(i.HAL_GPIO_Init) for HAL_GPIO_Init
    uart.o(i.uart4_init) refers to uart.o(i.NVIC_SetPriority) for NVIC_SetPriority
    uart.o(i.uart4_init) refers to uart.o(i.NVIC_EnableIRQ) for NVIC_EnableIRQ
    uart.o(i.uart4_init) refers to stm32l4xx_hal_uart.o(i.HAL_UART_Init) for HAL_UART_Init
    uart.o(i.uart4_init) refers to uart.o(.bss) for UART4_HandleStruct
    uart.o(i.uart5_WriteS) refers to uart.o(i.uart5_Write) for uart5_Write
    uart.o(i.uart5_WriteS) refers to uart.o(.bss) for UART5_HandleStruct
    uart.o(i.uart5_init) refers to stm32l4xx_hal_gpio.o(i.HAL_GPIO_Init) for HAL_GPIO_Init
    uart.o(i.uart5_init) refers to uart.o(i.NVIC_SetPriority) for NVIC_SetPriority
    uart.o(i.uart5_init) refers to uart.o(i.NVIC_EnableIRQ) for NVIC_EnableIRQ
    uart.o(i.uart5_init) refers to stm32l4xx_hal_uart.o(i.HAL_UART_Init) for HAL_UART_Init
    uart.o(i.uart5_init) refers to uart.o(.bss) for UART5_HandleStruct
    uart.o(i.usart1_Write) refers to uart.o(.bss) for USART1_HandleStruct
    uart.o(i.usart1_WriteS) refers to uart.o(i.usart1_Write) for usart1_Write
    uart.o(i.usart1_WriteS) refers to uart.o(.bss) for USART2_HandleStruct
    uart.o(i.usart1_init) refers to stm32l4xx_hal_gpio.o(i.HAL_GPIO_Init) for HAL_GPIO_Init
    uart.o(i.usart1_init) refers to uart.o(i.NVIC_SetPriority) for NVIC_SetPriority
    uart.o(i.usart1_init) refers to uart.o(i.NVIC_EnableIRQ) for NVIC_EnableIRQ
    uart.o(i.usart1_init) refers to stm32l4xx_hal_uart.o(i.HAL_UART_Init) for HAL_UART_Init
    uart.o(i.usart1_init) refers to uart.o(.bss) for USART1_HandleStruct
    uart.o(i.usart1_odczyt) refers to uart.o(.bss) for buf_usart1
    uart.o(i.usart1_odczyt) refers to uart.o(.data) for cnt_usart1
    uart.o(i.usart2_Write) refers to uart.o(.bss) for USART2_HandleStruct
    uart.o(i.usart2_WriteS) refers to uart.o(i.usart2_Write) for usart2_Write
    uart.o(i.usart2_WriteS) refers to uart.o(.bss) for USART2_HandleStruct
    uart.o(i.usart2_init) refers to stm32l4xx_hal_gpio.o(i.HAL_GPIO_Init) for HAL_GPIO_Init
    uart.o(i.usart2_init) refers to stm32l4xx_hal_uart.o(i.HAL_UART_Init) for HAL_UART_Init
    uart.o(i.usart2_init) refers to uart.o(.bss) for USART2_HandleStruct
    uart.o(i.usart3_Write) refers to uart.o(.bss) for USART3_HandleStruct
    uart.o(i.usart3_WriteS) refers to uart.o(i.usart3_Write) for usart3_Write
    uart.o(i.usart3_WriteS) refers to uart.o(.bss) for USART3_HandleStruct
    uart.o(i.usart3_init) refers to stm32l4xx_hal_gpio.o(i.HAL_GPIO_Init) for HAL_GPIO_Init
    uart.o(i.usart3_init) refers to uart.o(i.NVIC_SetPriority) for NVIC_SetPriority
    uart.o(i.usart3_init) refers to uart.o(i.NVIC_EnableIRQ) for NVIC_EnableIRQ
    uart.o(i.usart3_init) refers to stm32l4xx_hal_uart.o(i.HAL_UART_Init) for HAL_UART_Init
    uart.o(i.usart3_init) refers to uart.o(.bss) for USART3_HandleStruct
    uart.o(i.usart3_odczyt) refers to uart.o(.bss) for buf_usart3
    uart.o(i.usart3_odczyt) refers to uart.o(.data) for cnt_usart3
    itoa.o(i.itoa) refers to itoa.o(i.__reverse) for __reverse
    itoa.o(i.itoa) refers to itoa.o(.constdata) for digits
    timer.o(i.HAL_TIM_PeriodElapsedCallback) refers to timer.o(.data) for tim5_updates
    timer.o(i.TIM2_IRQHandler) refers to led.o(i.ledToggle) for ledToggle
[...]
    Removing stm32l4xx_hal_dfsdm.o(i.HAL_DFSDM_ChannelPollForScd), (120 bytes).
    Removing stm32l4xx_hal_dfsdm.o(i.HAL_DFSDM_ChannelScdCallback), (2 bytes).
    Removing stm32l4xx_hal_dfsdm.o(i.HAL_DFSDM_ChannelScdStart), (74 bytes).
    Removing stm32l4xx_hal_dfsdm.o(i.HAL_DFSDM_ChannelScdStart_IT), (92 bytes).
    Removing stm32l4xx_hal_dfsdm.o(i.HAL_DFSDM_ChannelScdStop), (68 bytes).
    Removing stm32l4xx_hal_dfsdm.o(i.HAL_DFSDM_ChannelScdStop_IT), (88 bytes).
    Removing stm32l4xx_hal_dfsdm.o(i.HAL_DFSDM_FilterAwdCallback), (2 bytes).
    Removing stm32l4xx_hal_dfsdm.o(i.HAL_DFSDM_FilterAwdStart_IT), (178 bytes).
    Removing stm32l4xx_hal_dfsdm.o(i.HAL_DFSDM_FilterAwdStop_IT), (84 bytes).
    Removing stm32l4xx_hal_dfsdm.o(i.HAL_DFSDM_FilterConfigInjChannel), (60 bytes).
    Removing stm32l4xx_hal_dfsdm.o(i.HAL_DFSDM_FilterConfigRegChannel), (88 bytes).
    Removing stm32l4xx_hal_dfsdm.o(i.HAL_DFSDM_FilterDeInit), (38 bytes).
    Removing stm32l4xx_hal_dfsdm.o(i.HAL_DFSDM_FilterErrorCallback), (2 bytes).
    Removing stm32l4xx_hal_dfsdm.o(i.HAL_DFSDM_FilterExdStart), (64 bytes).
    Removing stm32l4xx_hal_dfsdm.o(i.HAL_DFSDM_FilterExdStop), (52 bytes).
    Removing stm32l4xx_hal_dfsdm.o(i.HAL_DFSDM_FilterGetConvTimeValue), (34 bytes).
    Removing stm32l4xx_hal_dfsdm.o(i.HAL_DFSDM_FilterGetError), (6 bytes).
    Removing stm32l4xx_hal_dfsdm.o(i.HAL_DFSDM_FilterGetExdMaxValue), (40 bytes).
    Removing stm32l4xx_hal_dfsdm.o(i.HAL_DFSDM_FilterGetExdMinValue), (40 bytes).
    Removing stm32l4xx_hal_dfsdm.o(i.HAL_DFSDM_FilterGetInjectedValue), (40 bytes).
    Removing stm32l4xx_hal_dfsdm.o(i.HAL_DFSDM_FilterGetRegularValue), (40 bytes).
    Removing stm32l4xx_hal_dfsdm.o(i.HAL_DFSDM_FilterGetState), (8 bytes).
    Removing stm32l4xx_hal_dfsdm.o(i.HAL_DFSDM_FilterInit), (328 bytes).
    Removing stm32l4xx_hal_dfsdm.o(i.HAL_DFSDM_FilterInjConvCpltCallback), (2 bytes).
    Removing stm32l4xx_hal_dfsdm.o(i.HAL_DFSDM_FilterInjConvHalfCpltCallback), (2 bytes).
    Removing stm32l4xx_hal_dfsdm.o(i.HAL_DFSDM_FilterInjectedMsbStart_DMA), (176 bytes).
    Removing stm32l4xx_hal_dfsdm.o(i.HAL_DFSDM_FilterInjectedStart), (36 bytes).
    Removing stm32l4xx_hal_dfsdm.o(i.HAL_DFSDM_FilterInjectedStart_DMA), (176 bytes).
    Removing stm32l4xx_hal_dfsdm.o(i.HAL_DFSDM_FilterInjectedStart_IT), (48 bytes).
    Removing stm32l4xx_hal_dfsdm.o(i.HAL_DFSDM_FilterInjectedStop), (36 bytes).
    Removing stm32l4xx_hal_dfsdm.o(i.HAL_DFSDM_FilterInjectedStop_DMA), (54 bytes).
    Removing stm32l4xx_hal_dfsdm.o(i.HAL_DFSDM_FilterInjectedStop_IT), (48 bytes).
    Removing stm32l4xx_hal_dfsdm.o(i.HAL_DFSDM_FilterMspDeInit), (2 bytes).
    Removing stm32l4xx_hal_dfsdm.o(i.HAL_DFSDM_FilterMspInit), (2 bytes).
    Removing stm32l4xx_hal_dfsdm.o(i.HAL_DFSDM_FilterPollForInjConversion), (146 bytes).
    Removing stm32l4xx_hal_dfsdm.o(i.HAL_DFSDM_FilterPollForRegConversion), (124 bytes).
    Removing stm32l4xx_hal_dfsdm.o(i.HAL_DFSDM_FilterRegConvCpltCallback), (2 bytes).
    Removing stm32l4xx_hal_dfsdm.o(i.HAL_DFSDM_FilterRegConvHalfCpltCallback), (2 bytes).
    Removing stm32l4xx_hal_dfsdm.o(i.HAL_DFSDM_FilterRegularMsbStart_DMA), (184 bytes).
    Removing stm32l4xx_hal_dfsdm.o(i.HAL_DFSDM_FilterRegularStart), (36 bytes).
    Removing stm32l4xx_hal_dfsdm.o(i.HAL_DFSDM_FilterRegularStart_DMA), (184 bytes).
    Removing stm32l4xx_hal_dfsdm.o(i.HAL_DFSDM_FilterRegularStart_IT), (48 bytes).
    Removing stm32l4xx_hal_dfsdm.o(i.HAL_DFSDM_FilterRegularStop), (36 bytes).
    Removing stm32l4xx_hal_dfsdm.o(i.HAL_DFSDM_FilterRegularStop_DMA), (54 bytes).
    Removing stm32l4xx_hal_dfsdm.o(i.HAL_DFSDM_FilterRegularStop_IT), (48 bytes).
    Removing stm32l4xx_hal_dfsdm.o(i.HAL_DFSDM_IRQHandler), (608 bytes).
    Removing stm32l4xx_hal_dfsdm.o(.bss), (32 bytes).
    Removing stm32l4xx_hal_dfsdm.o(.data), (4 bytes).

750 unused section(s) (total 82526 bytes) removed from the image.

==============================================================================

Image Symbol Table

    Local Symbols

    Symbol Name                              Value     Ov Type        Size  Object(Section)

    ../clib/angel/boardlib.s                 0x00000000   Number         0  boardshut.o ABSOLUTE
    ../clib/angel/boardlib.s                 0x00000000   Number         0  boardinit3.o ABSOLUTE
    ../clib/angel/boardlib.s                 0x00000000   Number         0  boardinit2.o ABSOLUTE
    ../clib/angel/boardlib.s                 0x00000000   Number         0  boardinit1.o ABSOLUTE
    ../clib/angel/handlers.s                 0x00000000   Number         0  __scatter_copy.o ABSOLUTE
    ../clib/angel/handlers.s                 0x00000000   Number         0  __scatter_zi.o ABSOLUTE
    ../clib/angel/kernel.s                   0x00000000   Number         0  __rtentry2.o ABSOLUTE
    ../clib/angel/kernel.s                   0x00000000   Number         0  __rtentry4.o ABSOLUTE
    ../clib/angel/kernel.s                   0x00000000   Number         0  __rtentry.o ABSOLUTE
    ../clib/angel/kernel.s                   0x00000000   Number         0  rtexit2.o ABSOLUTE
    ../clib/angel/kernel.s                   0x00000000   Number         0  rtexit.o ABSOLUTE
    ../clib/angel/rt.s                       0x00000000   Number         0  rt_div0.o ABSOLUTE
    ../clib/angel/rt.s                       0x00000000   Number         0  rt_locale.o ABSOLUTE
    ../clib/angel/rt.s                       0x00000000   Number         0  rt_locale_intlibspace.o ABSOLUTE
    ../clib/angel/rt.s                       0x00000000   Number         0  aeabi_ldiv0.o ABSOLUTE
    ../clib/angel/rt.s                       0x00000000   Number         0  rt_raise.o ABSOLUTE
    ../clib/angel/rt.s                       0x00000000   Number         0  aeabi_ldiv0_sigfpe.o ABSOLUTE
    ../clib/angel/scatter.s                  0x00000000   Number         0  __scatter.o ABSOLUTE
    ../clib/angel/startup.s                  0x00000000   Number         0  __main.o ABSOLUTE
    ../clib/angel/sys.s                      0x00000000   Number         0  use_no_semi.o ABSOLUTE
    ../clib/angel/sys.s                      0x00000000   Number         0  libspace.o ABSOLUTE
    ../clib/angel/sys.s                      0x00000000   Number         0  indicate_semi.o ABSOLUTE
    ../clib/angel/sys.s                      0x00000000   Number         0  sys_stackheap_outer.o ABSOLUTE
    ../clib/angel/sysapp.c                   0x00000000   Number         0  sys_wrch.o ABSOLUTE
    ../clib/angel/sysapp.c                   0x00000000   Number         0  sys_exit.o ABSOLUTE
    ../clib/angel/sysapp.c                   0x00000000   Number         0  sys_command.o ABSOLUTE
    ../clib/armsys.c                         0x00000000   Number         0  no_argv.o ABSOLUTE
    ../clib/armsys.c                         0x00000000   Number         0  _get_argv_nomalloc.o ABSOLUTE
    ../clib/armsys.c                         0x00000000   Number         0  argv_veneer.o ABSOLUTE
    ../clib/armsys.c                         0x00000000   Number         0  argv_veneer.o ABSOLUTE
    ../clib/bigflt.c                         0x00000000   Number         0  bigflt0.o ABSOLUTE
    ../clib/btod.s                           0x00000000   Number         0  btod.o ABSOLUTE
    ../clib/heapalloc.c                      0x00000000   Number         0  hrguard.o ABSOLUTE
    ../clib/heapaux.c                        0x00000000   Number         0  heapauxi.o ABSOLUTE
    ../clib/libinit.s                        0x00000000   Number         0  libinit2.o ABSOLUTE
    ../clib/libinit.s                        0x00000000   Number         0  libinit.o ABSOLUTE
    ../clib/libinit.s                        0x00000000   Number         0  libshutdown2.o ABSOLUTE
    ../clib/libinit.s                        0x00000000   Number         0  libshutdown.o ABSOLUTE
    ../clib/locale.s                         0x00000000   Number         0  lc_numeric_c.o ABSOLUTE
    ../clib/longlong.s                       0x00000000   Number         0  lludiv10.o ABSOLUTE
    ../clib/longlong.s                       0x00000000   Number         0  lludivv7m.o ABSOLUTE
    ../clib/memcpset.s                       0x00000000   Number         0  strcmpv7m.o ABSOLUTE
    ../clib/memcpset.s                       0x00000000   Number         0  rt_memclr_w.o ABSOLUTE
    ../clib/printf.c                         0x00000000   Number         0  __printf_flags.o ABSOLUTE
    ../clib/printf.c                         0x00000000   Number         0  _sputc.o ABSOLUTE
    ../clib/printf.c                         0x00000000   Number         0  _printf_char_common.o ABSOLUTE
    ../clib/printf.c                         0x00000000   Number         0  _printf_fp_dec.o ABSOLUTE
    ../clib/printf.c                         0x00000000   Number         0  _printf_fp_infnan.o ABSOLUTE
    ../clib/printf.c                         0x00000000   Number         0  __printf_nopercent.o ABSOLUTE
    ../clib/printf.c                         0x00000000   Number         0  __2sprintf.o ABSOLUTE
    ../clib/printf.c                         0x00000000   Number         0  __printf_ss.o ABSOLUTE
    ../clib/printf.c                         0x00000000   Number         0  noretval__2sprintf.o ABSOLUTE
    ../clib/printf.c                         0x00000000   Number         0  __printf.o ABSOLUTE
    ../clib/printf.c                         0x00000000   Number         0  __printf_flags_ss_wp.o ABSOLUTE
    ../clib/printf.c                         0x00000000   Number         0  __printf_ss_wp.o ABSOLUTE
    ../clib/printf.c                         0x00000000   Number         0  __printf_flags_wp.o ABSOLUTE
    ../clib/printf.c                         0x00000000   Number         0  __printf_wp.o ABSOLUTE
    ../clib/printf.c                         0x00000000   Number         0  __printf_flags_ss.o ABSOLUTE
    ../clib/printf_percent.s                 0x00000000   Number         0  _printf_percent_end.o ABSOLUTE
    ../clib/printf_percent.s                 0x00000000   Number         0  _printf_percent.o ABSOLUTE
    ../clib/printf_percent.s                 0x00000000   Number         0  _printf_f.o ABSOLUTE
    ../clib/signal.c                         0x00000000   Number         0  defsig_rtmem_outer.o ABSOLUTE
    ../clib/signal.c                         0x00000000   Number         0  defsig_rtred_inner.o ABSOLUTE
    ../clib/signal.c                         0x00000000   Number         0  defsig_abrt_inner.o ABSOLUTE
    ../clib/signal.c                         0x00000000   Number         0  defsig_pvfn_inner.o ABSOLUTE
    ../clib/signal.c                         0x00000000   Number         0  defsig_cppl_inner.o ABSOLUTE
    ../clib/signal.c                         0x00000000   Number         0  defsig_general.o ABSOLUTE
    ../clib/signal.c                         0x00000000   Number         0  __raise.o ABSOLUTE
    ../clib/signal.c                         0x00000000   Number         0  defsig_stak_inner.o ABSOLUTE
    ../clib/signal.c                         0x00000000   Number         0  defsig_rtmem_formal.o ABSOLUTE
    ../clib/signal.c                         0x00000000   Number         0  defsig_segv_inner.o ABSOLUTE
    ../clib/signal.c                         0x00000000   Number         0  defsig_other.o ABSOLUTE
    ../clib/signal.c                         0x00000000   Number         0  defsig_fpe_inner.o ABSOLUTE
    ../clib/signal.c                         0x00000000   Number         0  defsig_exit.o ABSOLUTE
    ../clib/signal.c                         0x00000000   Number         0  defsig_fpe_formal.o ABSOLUTE
    ../clib/signal.c                         0x00000000   Number         0  defsig_fpe_outer.o ABSOLUTE
    ../clib/signal.c                         0x00000000   Number         0  defsig_rtmem_inner.o ABSOLUTE
    ../clib/signal.s                         0x00000000   Number         0  defsig.o ABSOLUTE
    ../clib/stdlib.c                         0x00000000   Number         0  exit.o ABSOLUTE
    ../fplib/daddsub.s                       0x00000000   Number         0  daddsub_clz.o ABSOLUTE
    ../fplib/dflt.s                          0x00000000   Number         0  dflt_clz.o ABSOLUTE
    ../fplib/dmul.s                          0x00000000   Number         0  dmul.o ABSOLUTE
    ../fplib/dnaninf.s                       0x00000000   Number         0  dnaninf.o ABSOLUTE
    ../fplib/dretinf.s                       0x00000000   Number         0  dretinf.o ABSOLUTE
    ../fplib/fpinit.s                        0x00000000   Number         0  fpinit.o ABSOLUTE
    ../fplib/istatus.s                       0x00000000   Number         0  istatus.o ABSOLUTE
    ../fplib/printf1.s                       0x00000000   Number         0  printf1.o ABSOLUTE
    ../fplib/usenofp.s                       0x00000000   Number         0  usenofp.o ABSOLUTE
    ../mathlib/fpclassify.c                  0x00000000   Number         0  fpclassify.o ABSOLUTE
    dc.s                                     0x00000000   Number         0  dc.o ABSOLUTE
    lib\BSP\stm32l4xx_nucleo.c               0x00000000   Number         0  stm32l4xx_nucleo.o ABSOLUTE
    lib\CMSIS\startup_stm32l476xx.s          0x00000000   Number         0  startup_stm32l476xx.o ABSOLUTE
    lib\CMSIS\system_stm32l4xx.c             0x00000000   Number         0  system_stm32l4xx.o ABSOLUTE
    lib\STM32HALL4\Src\stm32l4xx_hal.c       0x00000000   Number         0  stm32l4xx_hal.o ABSOLUTE
    lib\STM32HALL4\Src\stm32l4xx_hal_adc.c   0x00000000   Number         0  stm32l4xx_hal_adc.o ABSOLUTE
    lib\STM32HALL4\Src\stm32l4xx_hal_adc_ex.c 0x00000000   Number         0  stm32l4xx_hal_adc_ex.o ABSOLUTE
    lib\STM32HALL4\Src\stm32l4xx_hal_cortex.c 0x00000000   Number         0  stm32l4xx_hal_cortex.o ABSOLUTE
    lib\STM32HALL4\Src\stm32l4xx_hal_dfsdm.c 0x00000000   Number         0  stm32l4xx_hal_dfsdm.o ABSOLUTE
    lib\STM32HALL4\Src\stm32l4xx_hal_dma.c   0x00000000   Number         0  stm32l4xx_hal_dma.o ABSOLUTE
    lib\STM32HALL4\Src\stm32l4xx_hal_gpio.c  0x00000000   Number         0  stm32l4xx_hal_gpio.o ABSOLUTE
    lib\STM32HALL4\Src\stm32l4xx_hal_i2c.c   0x00000000   Number         0  stm32l4xx_hal_i2c.o ABSOLUTE
    lib\STM32HALL4\Src\stm32l4xx_hal_i2c_ex.c 0x00000000   Number         0  stm32l4xx_hal_i2c_ex.o ABSOLUTE
    lib\STM32HALL4\Src\stm32l4xx_hal_pwr.c   0x00000000   Number         0  stm32l4xx_hal_pwr.o ABSOLUTE
    lib\STM32HALL4\Src\stm32l4xx_hal_pwr_ex.c 0x00000000   Number         0  stm32l4xx_hal_pwr_ex.o ABSOLUTE
    lib\STM32HALL4\Src\stm32l4xx_hal_rcc.c   0x00000000   Number         0  stm32l4xx_hal_rcc.o ABSOLUTE
    lib\STM32HALL4\Src\stm32l4xx_hal_rcc_ex.c 0x00000000   Number         0  stm32l4xx_hal_rcc_ex.o ABSOLUTE
    lib\STM32HALL4\Src\stm32l4xx_hal_spi.c   0x00000000   Number         0  stm32l4xx_hal_spi.o ABSOLUTE
    lib\STM32HALL4\Src\stm32l4xx_hal_spi_ex.c 0x00000000   Number         0  stm32l4xx_hal_spi_ex.o ABSOLUTE
    lib\STM32HALL4\Src\stm32l4xx_hal_tim.c   0x00000000   Number         0  stm32l4xx_hal_tim.o ABSOLUTE
    lib\STM32HALL4\Src\stm32l4xx_hal_tim_ex.c 0x00000000   Number         0  stm32l4xx_hal_tim_ex.o ABSOLUTE
    lib\STM32HALL4\Src\stm32l4xx_hal_uart.c  0x00000000   Number         0  stm32l4xx_hal_uart.o ABSOLUTE
    lib\STM32HALL4\Src\stm32l4xx_hal_uart_ex.c 0x00000000   Number         0  stm32l4xx_hal_uart_ex.o ABSOLUTE
    lib\STM32HALL4\Src\stm32l4xx_hal_usart.c 0x00000000   Number         0  stm32l4xx_hal_usart.o ABSOLUTE
    lib\\BSP\\stm32l4xx_nucleo.c             0x00000000   Number         0  stm32l4xx_nucleo.o ABSOLUTE
    lib\\CMSIS\\system_stm32l4xx.c           0x00000000   Number         0  system_stm32l4xx.o ABSOLUTE
    lib\\STM32HALL4\\Src\\stm32l4xx_hal.c    0x00000000   Number         0  stm32l4xx_hal.o ABSOLUTE
    lib\\STM32HALL4\\Src\\stm32l4xx_hal_adc.c 0x00000000   Number         0  stm32l4xx_hal_adc.o ABSOLUTE
    lib\\STM32HALL4\\Src\\stm32l4xx_hal_adc_ex.c 0x00000000   Number         0  stm32l4xx_hal_adc_ex.o ABSOLUTE
    lib\\STM32HALL4\\Src\\stm32l4xx_hal_cortex.c 0x00000000   Number         0  stm32l4xx_hal_cortex.o ABSOLUTE
    lib\\STM32HALL4\\Src\\stm32l4xx_hal_dfsdm.c 0x00000000   Number         0  stm32l4xx_hal_dfsdm.o ABSOLUTE
    lib\\STM32HALL4\\Src\\stm32l4xx_hal_dma.c 0x00000000   Number         0  stm32l4xx_hal_dma.o ABSOLUTE
    lib\\STM32HALL4\\Src\\stm32l4xx_hal_gpio.c 0x00000000   Number         0  stm32l4xx_hal_gpio.o ABSOLUTE
    lib\\STM32HALL4\\Src\\stm32l4xx_hal_i2c.c 0x00000000   Number         0  stm32l4xx_hal_i2c.o ABSOLUTE
    lib\\STM32HALL4\\Src\\stm32l4xx_hal_i2c_ex.c 0x00000000   Number         0  stm32l4xx_hal_i2c_ex.o ABSOLUTE
    lib\\STM32HALL4\\Src\\stm32l4xx_hal_pwr.c 0x00000000   Number         0  stm32l4xx_hal_pwr.o ABSOLUTE
    lib\\STM32HALL4\\Src\\stm32l4xx_hal_pwr_ex.c 0x00000000   Number         0  stm32l4xx_hal_pwr_ex.o ABSOLUTE
    lib\\STM32HALL4\\Src\\stm32l4xx_hal_rcc.c 0x00000000   Number         0  stm32l4xx_hal_rcc.o ABSOLUTE
    lib\\STM32HALL4\\Src\\stm32l4xx_hal_rcc_ex.c 0x00000000   Number         0  stm32l4xx_hal_rcc_ex.o ABSOLUTE
    lib\\STM32HALL4\\Src\\stm32l4xx_hal_spi.c 0x00000000   Number         0  stm32l4xx_hal_spi.o ABSOLUTE
    lib\\STM32HALL4\\Src\\stm32l4xx_hal_spi_ex.c 0x00000000   Number         0  stm32l4xx_hal_spi_ex.o ABSOLUTE
    lib\\STM32HALL4\\Src\\stm32l4xx_hal_tim.c 0x00000000   Number         0  stm32l4xx_hal_tim.o ABSOLUTE
    lib\\STM32HALL4\\Src\\stm32l4xx_hal_tim_ex.c 0x00000000   Number         0  stm32l4xx_hal_tim_ex.o ABSOLUTE
    lib\\STM32HALL4\\Src\\stm32l4xx_hal_uart.c 0x00000000   Number         0  stm32l4xx_hal_uart.o ABSOLUTE
    lib\\STM32HALL4\\Src\\stm32l4xx_hal_uart_ex.c 0x00000000   Number         0  stm32l4xx_hal_uart_ex.o ABSOLUTE
    lib\\STM32HALL4\\Src\\stm32l4xx_hal_usart.c 0x00000000   Number         0  stm32l4xx_hal_usart.o ABSOLUTE
    lib\\stm32l4xx_it.c                      0x00000000   Number         0  stm32l4xx_it.o ABSOLUTE
    lib\stm32l4xx_it.c                       0x00000000   Number         0  stm32l4xx_it.o ABSOLUTE
    source\\gpio_mk.c                        0x00000000   Number         0  gpio_mk.o ABSOLUTE
    source\\i2c.c                            0x00000000   Number         0  i2c.o ABSOLUTE
    source\\init.c                           0x00000000   Number         0  init.o ABSOLUTE
    source\\led.c                            0x00000000   Number         0  led.o ABSOLUTE
    source\\lsm9ds0.c                        0x00000000   Number         0  lsm9ds0.o ABSOLUTE
    source\\main.c                           0x00000000   Number         0  main.o ABSOLUTE
    source\\nRF905.c                         0x00000000   Number         0  nrf905.o ABSOLUTE
    source\\timer.c                          0x00000000   Number         0  timer.o ABSOLUTE
    source\\uart.c                           0x00000000   Number         0  uart.o ABSOLUTE
    source\gpio_mk.c                         0x00000000   Number         0  gpio_mk.o ABSOLUTE
    source\i2c.c                             0x00000000   Number         0  i2c.o ABSOLUTE
    source\init.c                            0x00000000   Number         0  init.o ABSOLUTE
    source\itoa.c                            0x00000000   Number         0  itoa.o ABSOLUTE
    source\led.c                             0x00000000   Number         0  led.o ABSOLUTE
    source\lsm9ds0.c                         0x00000000   Number         0  lsm9ds0.o ABSOLUTE
    source\main.c                            0x00000000   Number         0  main.o ABSOLUTE
    source\nRF905.c                          0x00000000   Number         0  nrf905.o ABSOLUTE
    source\timer.c                           0x00000000   Number         0  timer.o ABSOLUTE
    source\uart.c                            0x00000000   Number         0  uart.o ABSOLUTE
    RESET                                    0x08000000   Section      392  startup_stm32l476xx.o(RESET)
    !!!main                                  0x08000188   Section        8  __main.o(!!!main)
    !!!scatter                               0x08000190   Section       52  __scatter.o(!!!scatter)
    !!handler_copy                           0x080001c4   Section       26  __scatter_copy.o(!!handler_copy)
    !!handler_zi                             0x080001e0   Section       28  __scatter_zi.o(!!handler_zi)
    .ARM.Collect$$libinit$$00000000          0x080001fc   Section        2  libinit.o(.ARM.Collect$$libinit$$00000000)
    .ARM.Collect$$libinit$$00000001          0x080001fe   Section        4  libinit2.o(.ARM.Collect$$libinit$$00000001)
    .ARM.Collect$$libinit$$00000004          0x08000202   Section        0  libinit2.o(.ARM.Collect$$libinit$$00000004)
    .ARM.Collect$$libinit$$0000000A          0x08000202   Section        0  libinit2.o(.ARM.Collect$$libinit$$0000000A)
    .ARM.Collect$$libinit$$0000000C          0x08000202   Section        0  libinit2.o(.ARM.Collect$$libinit$$0000000C)
    .ARM.Collect$$libinit$$0000000E          0x08000202   Section        0  libinit2.o(.ARM.Collect$$libinit$$0000000E)
    .ARM.Collect$$libinit$$00000011          0x08000202   Section        0  libinit2.o(.ARM.Collect$$libinit$$00000011)
    .ARM.Collect$$libinit$$00000013          0x08000202   Section        0  libinit2.o(.ARM.Collect$$libinit$$00000013)
    .ARM.Collect$$libinit$$00000015          0x08000202   Section        0  libinit2.o(.ARM.Collect$$libinit$$00000015)
    .ARM.Collect$$libinit$$00000017          0x08000202   Section        0  libinit2.o(.ARM.Collect$$libinit$$00000017)
    .ARM.Collect$$libinit$$00000019          0x08000202   Section        0  libinit2.o(.ARM.Collect$$libinit$$00000019)
    .ARM.Collect$$libinit$$0000001B          0x08000202   Section        0  libinit2.o(.ARM.Collect$$libinit$$0000001B)
    .ARM.Collect$$libinit$$0000001D          0x08000202   Section        0  libinit2.o(.ARM.Collect$$libinit$$0000001D)
    .ARM.Collect$$libinit$$0000001F          0x08000202   Section        0  libinit2.o(.ARM.Collect$$libinit$$0000001F)
    .ARM.Collect$$libinit$$00000021          0x08000202   Section        0  libinit2.o(.ARM.Collect$$libinit$$00000021)
    .ARM.Collect$$libinit$$00000023          0x08000202   Section        0  libinit2.o(.ARM.Collect$$libinit$$00000023)
    .ARM.Collect$$libinit$$00000025          0x08000202   Section        0  libinit2.o(.ARM.Collect$$libinit$$00000025)
    .ARM.Collect$$libinit$$0000002C          0x08000202   Section        0  libinit2.o(.ARM.Collect$$libinit$$0000002C)
    .ARM.Collect$$libinit$$0000002E          0x08000202   Section        0  libinit2.o(.ARM.Collect$$libinit$$0000002E)
    .ARM.Collect$$libinit$$00000030          0x08000202   Section        0  libinit2.o(.ARM.Collect$$libinit$$00000030)
    .ARM.Collect$$libinit$$00000032          0x08000202   Section        0  libinit2.o(.ARM.Collect$$libinit$$00000032)
    .ARM.Collect$$libinit$$00000033          0x08000202   Section        2  libinit2.o(.ARM.Collect$$libinit$$00000033)
    .ARM.Collect$$libshutdown$$00000000      0x08000204   Section        2  libshutdown.o(.ARM.Collect$$libshutdown$$00000000)
    .ARM.Collect$$libshutdown$$00000003      0x08000206   Section        0  libshutdown2.o(.ARM.Collect$$libshutdown$$00000003)
    .ARM.Collect$$libshutdown$$00000006      0x08000206   Section        0  libshutdown2.o(.ARM.Collect$$libshutdown$$00000006)
    .ARM.Collect$$libshutdown$$00000009      0x08000206   Section        0  libshutdown2.o(.ARM.Collect$$libshutdown$$00000009)
    .ARM.Collect$$libshutdown$$0000000B      0x08000206   Section        0  libshutdown2.o(.ARM.Collect$$libshutdown$$0000000B)
    .ARM.Collect$$libshutdown$$0000000E      0x08000206   Section        0  libshutdown2.o(.ARM.Collect$$libshutdown$$0000000E)
    .ARM.Collect$$libshutdown$$0000000F      0x08000206   Section        2  libshutdown2.o(.ARM.Collect$$libshutdown$$0000000F)
    .ARM.Collect$$rtentry$$00000000          0x08000208   Section        0  __rtentry.o(.ARM.Collect$$rtentry$$00000000)
    .ARM.Collect$$rtentry$$00000002          0x08000208   Section        0  __rtentry2.o(.ARM.Collect$$rtentry$$00000002)
    .ARM.Collect$$rtentry$$00000004          0x08000208   Section        6  __rtentry4.o(.ARM.Collect$$rtentry$$00000004)
    .ARM.Collect$$rtentry$$00000009          0x0800020e   Section        0  __rtentry2.o(.ARM.Collect$$rtentry$$00000009)
    .ARM.Collect$$rtentry$$0000000A          0x0800020e   Section        4  __rtentry2.o(.ARM.Collect$$rtentry$$0000000A)
    .ARM.Collect$$rtentry$$0000000C          0x08000212   Section        0  __rtentry2.o(.ARM.Collect$$rtentry$$0000000C)
    .ARM.Collect$$rtentry$$0000000D          0x08000212   Section        8  __rtentry2.o(.ARM.Collect$$rtentry$$0000000D)
    .ARM.Collect$$rtexit$$00000000           0x0800021a   Section        2  rtexit.o(.ARM.Collect$$rtexit$$00000000)
    .ARM.Collect$$rtexit$$00000002           0x0800021c   Section        0  rtexit2.o(.ARM.Collect$$rtexit$$00000002)
    .ARM.Collect$$rtexit$$00000003           0x0800021c   Section        4  rtexit2.o(.ARM.Collect$$rtexit$$00000003)
    .ARM.Collect$$rtexit$$00000004           0x08000220   Section        6  rtexit2.o(.ARM.Collect$$rtexit$$00000004)
    .text                                    0x08000228   Section       64  startup_stm32l476xx.o(.text)
    $v0                                      0x08000228   Number         0  startup_stm32l476xx.o(.text)
    .text                                    0x08000268   Section      238  lludivv7m.o(.text)
    .text                                    0x08000356   Section        0  heapauxi.o(.text)
    .text                                    0x0800035c   Section        8  libspace.o(.text)
    .text                                    0x08000364   Section       74  sys_stackheap_outer.o(.text)
    .text                                    0x080003ae   Section        0  exit.o(.text)
    .text                                    0x080003bc   Section        0  sys_exit.o(.text)
    .text                                    0x080003c8   Section        2  use_no_semi.o(.text)
    .text                                    0x080003ca   Section        0  indicate_semi.o(.text)
    i.BusFault_Handler                       0x080003ca   Section        0  stm32l4xx_it.o(i.BusFault_Handler)
    i.DebugMon_Handler                       0x080003ce   Section        0  stm32l4xx_it.o(i.DebugMon_Handler)
    i.EXTI1_IRQHandler                       0x080003d0   Section        0  nrf905.o(i.EXTI1_IRQHandler)
    i.EXTI9_5_IRQHandler                     0x08000400   Section        0  nrf905.o(i.EXTI9_5_IRQHandler)
    i.HAL_Delay                              0x0800042c   Section        0  stm32l4xx_hal.o(i.HAL_Delay)
    i.HAL_GPIO_Init                          0x08000448   Section        0  stm32l4xx_hal_gpio.o(i.HAL_GPIO_Init)
    i.HAL_GPIO_TogglePin                     0x08000650   Section        0  stm32l4xx_hal_gpio.o(i.HAL_GPIO_TogglePin)
    i.HAL_GPIO_WritePin                      0x08000658   Section        0  stm32l4xx_hal_gpio.o(i.HAL_GPIO_WritePin)
    i.HAL_GetTick                            0x08000664   Section        0  stm32l4xx_hal.o(i.HAL_GetTick)
    i.HAL_IncTick                            0x08000670   Section        0  stm32l4xx_hal.o(i.HAL_IncTick)
    i.HAL_Init                               0x08000680   Section        0  stm32l4xx_hal.o(i.HAL_Init)
    i.HAL_InitTick                           0x08000696   Section        0  stm32l4xx_hal.o(i.HAL_InitTick)
    i.HAL_MspInit                            0x080006ba   Section        0  stm32l4xx_hal.o(i.HAL_MspInit)
    i.HAL_NVIC_EnableIRQ                     0x080006bc   Section        0  stm32l4xx_hal_cortex.o(i.HAL_NVIC_EnableIRQ)
    i.HAL_NVIC_SetPriority                   0x080006d6   Section        0  stm32l4xx_hal_cortex.o(i.HAL_NVIC_SetPriority)
    i.HAL_NVIC_SetPriorityGrouping           0x08000754   Section        0  stm32l4xx_hal_cortex.o(i.HAL_NVIC_SetPriorityGrouping)
    i.HAL_PWREx_ControlVoltageScaling        0x0800077c   Section        0  stm32l4xx_hal_pwr_ex.o(i.HAL_PWREx_ControlVoltageScaling)
    i.HAL_PWREx_GetVoltageRange              0x08000808   Section        0  stm32l4xx_hal_pwr_ex.o(i.HAL_PWREx_GetVoltageRange)
    i.HAL_RCC_ClockConfig                    0x08000818   Section        0  stm32l4xx_hal_rcc.o(i.HAL_RCC_ClockConfig)
    i.HAL_RCC_GetHCLKFreq                    0x08000ed4   Section        0  stm32l4xx_hal_rcc.o(i.HAL_RCC_GetHCLKFreq)
    i.HAL_RCC_GetPCLK1Freq                   0x08000f0c   Section        0  stm32l4xx_hal_rcc.o(i.HAL_RCC_GetPCLK1Freq)
    i.HAL_RCC_GetPCLK2Freq                   0x08000f38   Section        0  stm32l4xx_hal_rcc.o(i.HAL_RCC_GetPCLK2Freq)
    i.HAL_RCC_GetSysClockFreq                0x08000f64   Section        0  stm32l4xx_hal_rcc.o(i.HAL_RCC_GetSysClockFreq)
    i.HAL_RCC_OscConfig                      0x08001070   Section        0  stm32l4xx_hal_rcc.o(i.HAL_RCC_OscConfig)
    i.HAL_SPI_Init                           0x08001f9c   Section        0  stm32l4xx_hal_spi.o(i.HAL_SPI_Init)
    i.HAL_SPI_MspInit                        0x0800206a   Section        0  stm32l4xx_hal_spi.o(i.HAL_SPI_MspInit)
    i.HAL_SPI_Receive                        0x0800206c   Section        0  stm32l4xx_hal_spi.o(i.HAL_SPI_Receive)
    i.HAL_SPI_Transmit                       0x080022ea   Section        0  stm32l4xx_hal_spi.o(i.HAL_SPI_Transmit)
    i.HAL_SPI_TransmitReceive                0x0800249a   Section        0  stm32l4xx_hal_spi.o(i.HAL_SPI_TransmitReceive)
    i.HAL_SYSTICK_CLKSourceConfig            0x0800279a   Section        0  stm32l4xx_hal_cortex.o(i.HAL_SYSTICK_CLKSourceConfig)
    i.HAL_SYSTICK_Config                     0x080027c2   Section        0  stm32l4xx_hal_cortex.o(i.HAL_SYSTICK_Config)
    i.HAL_TIMEx_BreakCallback                0x080027f6   Section        0  stm32l4xx_hal_tim_ex.o(i.HAL_TIMEx_BreakCallback)
    i.HAL_TIMEx_CommutationCallback          0x080027f8   Section        0  stm32l4xx_hal_tim_ex.o(i.HAL_TIMEx_CommutationCallback)
    i.HAL_TIM_Base_Init                      0x080027fa   Section        0  stm32l4xx_hal_tim.o(i.HAL_TIM_Base_Init)
    i.HAL_TIM_Base_MspInit                   0x0800282e   Section        0  stm32l4xx_hal_tim.o(i.HAL_TIM_Base_MspInit)
    i.HAL_TIM_IC_CaptureCallback             0x08002830   Section        0  stm32l4xx_hal_tim.o(i.HAL_TIM_IC_CaptureCallback)
    i.HAL_TIM_IRQHandler                     0x08002832   Section        0  stm32l4xx_hal_tim.o(i.HAL_TIM_IRQHandler)
    i.HAL_TIM_OC_DelayElapsedCallback        0x080029c8   Section        0  stm32l4xx_hal_tim.o(i.HAL_TIM_OC_DelayElapsedCallback)
    i.HAL_TIM_PWM_PulseFinishedCallback      0x080029ca   Section        0  stm32l4xx_hal_tim.o(i.HAL_TIM_PWM_PulseFinishedCallback)
    i.HAL_TIM_PeriodElapsedCallback          0x080029cc   Section        0  timer.o(i.HAL_TIM_PeriodElapsedCallback)
    i.HAL_TIM_TriggerCallback                0x080029dc   Section        0  stm32l4xx_hal_tim.o(i.HAL_TIM_TriggerCallback)
    i.HAL_UART_Init                          0x080029de   Section        0  stm32l4xx_hal_uart.o(i.HAL_UART_Init)
    i.HAL_UART_MspInit                       0x08002a56   Section        0  stm32l4xx_hal_uart.o(i.HAL_UART_MspInit)
    i.HardFault_Handler                      0x08002a58   Section        0  stm32l4xx_it.o(i.HardFault_Handler)
    i.MemManage_Handler                      0x08002a5c   Section        0  stm32l4xx_it.o(i.MemManage_Handler)
    i.NMI_Handler                            0x08002a60   Section        0  stm32l4xx_it.o(i.NMI_Handler)
    i.NVIC_GetPriorityGrouping               0x08002a64   Section        0  stm32l4xx_hal_cortex.o(i.NVIC_GetPriorityGrouping)
    NVIC_GetPriorityGrouping                 0x08002a65   Thumb Code    10  stm32l4xx_hal_cortex.o(i.NVIC_GetPriorityGrouping)
    i.NVIC_SetPriority                       0x08002a74   Section        0  stm32l4xx_hal_cortex.o(i.NVIC_SetPriority)
    NVIC_SetPriority                         0x08002a75   Thumb Code    32  stm32l4xx_hal_cortex.o(i.NVIC_SetPriority)
    i.PendSV_Handler                         0x08002a9c   Section        0  stm32l4xx_it.o(i.PendSV_Handler)
    i.RCC_SetFlashLatencyFromMSIRange        0x08002aa0   Section        0  stm32l4xx_hal_rcc.o(i.RCC_SetFlashLatencyFromMSIRange)
    RCC_SetFlashLatencyFromMSIRange          0x08002aa1   Thumb Code   174  stm32l4xx_hal_rcc.o(i.RCC_SetFlashLatencyFromMSIRange)
    i.SPI_EndRxTransaction                   0x08002b58   Section        0  stm32l4xx_hal_spi.o(i.SPI_EndRxTransaction)
    SPI_EndRxTransaction                     0x08002b59   Thumb Code   124  stm32l4xx_hal_spi.o(i.SPI_EndRxTransaction)
    i.SPI_EndRxTxTransaction                 0x08002bd4   Section        0  stm32l4xx_hal_spi.o(i.SPI_EndRxTxTransaction)
    SPI_EndRxTxTransaction                   0x08002bd5   Thumb Code    64  stm32l4xx_hal_spi.o(i.SPI_EndRxTxTransaction)
    i.SPI_WaitFifoStateUntilTimeout          0x08002c14   Section        0  stm32l4xx_hal_spi.o(i.SPI_WaitFifoStateUntilTimeout)
    SPI_WaitFifoStateUntilTimeout            0x08002c15   Thumb Code   180  stm32l4xx_hal_spi.o(i.SPI_WaitFifoStateUntilTimeout)
    i.SPI_WaitFlagStateUntilTimeout          0x08002cc8   Section        0  stm32l4xx_hal_spi.o(i.SPI_WaitFlagStateUntilTimeout)
    SPI_WaitFlagStateUntilTimeout            0x08002cc9   Thumb Code   162  stm32l4xx_hal_spi.o(i.SPI_WaitFlagStateUntilTimeout)
    i.SVC_Handler                            0x08002d6a   Section        0  stm32l4xx_it.o(i.SVC_Handler)
    i.SysTick_Handler                        0x08002d6c   Section        0  stm32l4xx_it.o(i.SysTick_Handler)
    i.SystemClock_Config                     0x08002d74   Section        0  init.o(i.SystemClock_Config)
    i.SystemInit                             0x08002e18   Section        0  system_stm32l4xx.o(i.SystemInit)
    i.TIM2_IRQHandler                        0x08002e68   Section        0  timer.o(i.TIM2_IRQHandler)
    i.TIM3_IRQHandler                        0x08002e8c   Section        0  timer.o(i.TIM3_IRQHandler)
    i.TIM5_IRQHandler                        0x08002eb0   Section        0  timer.o(i.TIM5_IRQHandler)
    i.TIM_Base_SetConfig                     0x08002ec0   Section        0  stm32l4xx_hal_tim.o(i.TIM_Base_SetConfig)
    i.UART4_IRQHandler                       0x08002f80   Section        0  uart.o(i.UART4_IRQHandler)
    i.UART_AdvFeatureConfig                  0x08002fa0   Section        0  stm32l4xx_hal_uart.o(i.UART_AdvFeatureConfig)
    i.UART_CheckIdleState                    0x08003098   Section        0  stm32l4xx_hal_uart.o(i.UART_CheckIdleState)
    i.UART_SetConfig                         0x080030f4   Section        0  stm32l4xx_hal_uart.o(i.UART_SetConfig)
    i.UART_WaitOnFlagUntilTimeout            0x08003514   Section        0  stm32l4xx_hal_uart.o(i.UART_WaitOnFlagUntilTimeout)
    i.USART1_IRQHandler                      0x0800360c   Section        0  uart.o(i.USART1_IRQHandler)
    i.USART2_IRQHandler                      0x08003634   Section        0  uart.o(i.USART2_IRQHandler)
    i.USART3_IRQHandler                      0x08003638   Section        0  uart.o(i.USART3_IRQHandler)
    i.UsageFault_Handler                     0x08003660   Section        0  stm32l4xx_it.o(i.UsageFault_Handler)
    i.error_function                         0x08003664   Section        0  init.o(i.error_function)
    i.gpio_init                              0x08003674   Section        0  gpio_mk.o(i.gpio_init)
    i.gpio_init_for_spi2                     0x080037c4   Section        0  nrf905.o(i.gpio_init_for_spi2)
    i.gpio_init_for_spi3                     0x08003848   Section        0  nrf905.o(i.gpio_init_for_spi3)
    i.gpio_it_nRF_rx_init                    0x080038cc   Section        0  nrf905.o(i.gpio_it_nRF_rx_init)
    i.gpio_it_nRF_tx_init                    0x080038e0   Section        0  nrf905.o(i.gpio_it_nRF_tx_init)
    i.gpio_nRF_init                          0x080038f4   Section        0  nrf905.o(i.gpio_nRF_init)
    i.gpio_nRF_rx_init                       0x08003928   Section        0  nrf905.o(i.gpio_nRF_rx_init)
    i.gpio_reset                             0x0800394c   Section        0  gpio_mk.o(i.gpio_reset)
    i.gpio_set                               0x0800395e   Section        0  gpio_mk.o(i.gpio_set)
    i.init                                   0x08003970   Section        0  init.o(i.init)
    i.ledToggle                              0x080039e4   Section        0  led.o(i.ledToggle)
    i.led_port_init                          0x080039f4   Section        0  led.o(i.led_port_init)
    i.main                                   0x08003a34   Section        0  main.o(i.main)
    i.nRF_recive                             0x08003a8c   Section        0  nrf905.o(i.nRF_recive)
    i.nRF_transmit                           0x08003a9a   Section        0  nrf905.o(i.nRF_transmit)
    i.spi2_nRF_init                          0x08003ac8   Section        0  nrf905.o(i.spi2_nRF_init)
    i.spi2_transmit                          0x08003b6c   Section        0  nrf905.o(i.spi2_transmit)
    i.spi3_nRF_init                          0x08003b84   Section        0  nrf905.o(i.spi3_nRF_init)
    i.spi3_recive                            0x08003c28   Section        0  nrf905.o(i.spi3_recive)
    i.tim2_init                              0x08003c40   Section        0  timer.o(i.tim2_init)
    i.tim3_init                              0x08003cc0   Section        0  timer.o(i.tim3_init)
    i.usart1_odczyt                          0x08003d44   Section        0  uart.o(i.usart1_odczyt)
    i.usart2_Write                           0x08003dc8   Section        0  uart.o(i.usart2_Write)
    i.usart2_WriteS                          0x08003de8   Section        0  uart.o(i.usart2_WriteS)
    i.usart2_init                            0x08003e14   Section        0  uart.o(i.usart2_init)
    i.usart3_odczyt                          0x08003ed0   Section        0  uart.o(i.usart3_odczyt)
    x$fpl$fpinit                             0x08003f54   Section       10  fpinit.o(x$fpl$fpinit)
    $v0                                      0x08003f54   Number         0  fpinit.o(x$fpl$fpinit)
    .constdata                               0x08003f60   Section       64  system_stm32l4xx.o(.constdata)
    .constdata                               0x08003fa0   Section        8  stm32l4xx_hal_rcc.o(.constdata)
    .data                                    0x20000000   Section        8  main.o(.data)
    .data                                    0x20000008   Section       17  uart.o(.data)
    .data                                    0x2000001c   Section        6  timer.o(.data)
    .data                                    0x20000022   Section        5  init.o(.data)
    .data                                    0x20000027   Section        1  nrf905.o(.data)
    .data                                    0x20000028   Section        4  system_stm32l4xx.o(.data)
    .data                                    0x2000002c   Section        4  stm32l4xx_hal.o(.data)
    uwTick                                   0x2000002c   Data           4  stm32l4xx_hal.o(.data)
    .bss                                     0x20000030   Section     2560  uart.o(.bss)
    .bss                                     0x20000a30   Section      180  timer.o(.bss)
    .bss                                     0x20000ae4   Section       20  gpio_mk.o(.bss)
    .bss                                     0x20000af8   Section      220  nrf905.o(.bss)
    .bss                                     0x20000bd4   Section       96  libspace.o(.bss)
    HEAP                                     0x20000c38   Section      512  startup_stm32l476xx.o(HEAP)
    Heap_Mem                                 0x20000c38   Data         512  startup_stm32l476xx.o(HEAP)
    STACK                                    0x20000e38   Section     1024  startup_stm32l476xx.o(STACK)
    Stack_Mem                                0x20000e38   Data        1024  startup_stm32l476xx.o(STACK)
    __initial_sp                             0x20001238   Data           0  startup_stm32l476xx.o(STACK)

    Global Symbols

    Symbol Name                              Value     Ov Type        Size  Object(Section)

    BuildAttributes$$THM_ISAv4$E$P$D$K$B$S$7EM$VFPi3$EXTD16$VFPS$VFMA$PE$A:L22UL41UL21$X:L11$S22US41US21$IEEE1$IW$USESV6$~STKCKD$USESV7$~SHL$OTIME$ROPI$IEEEJ$EBA8$UX$STANDARDLIB$REQ8$PRES8$EABIv2 0x00000000   Number         0  anon$$obj.o ABSOLUTE
    __ARM_use_no_argv                        0x00000000   Number         0  main.o ABSOLUTE
    __ARM_exceptions_init                     - Undefined Weak Reference
    __alloca_initialize                       - Undefined Weak Reference
    __arm_preinit_                            - Undefined Weak Reference
    __cpp_initialize__aeabi_                  - Undefined Weak Reference
    __cxa_finalize                            - Undefined Weak Reference
    __sigvec_lookup                           - Undefined Weak Reference
    _atexit_init                              - Undefined Weak Reference
    _call_atexit_fns                          - Undefined Weak Reference
    _clock_init                               - Undefined Weak Reference
    _fp_trap_init                             - Undefined Weak Reference
    _fp_trap_shutdown                         - Undefined Weak Reference
    _get_lc_collate                           - Undefined Weak Reference
    _get_lc_ctype                             - Undefined Weak Reference
    _get_lc_monetary                          - Undefined Weak Reference
    _get_lc_time                              - Undefined Weak Reference
    _getenv_init                              - Undefined Weak Reference
    _handle_redirection                       - Undefined Weak Reference
    _init_alloc                               - Undefined Weak Reference
    _init_user_alloc                          - Undefined Weak Reference
    _initio                                   - Undefined Weak Reference
    _printf_post_padding                      - Undefined Weak Reference
    _printf_pre_padding                       - Undefined Weak Reference
    _rand_init                                - Undefined Weak Reference
    _signal_finish                            - Undefined Weak Reference
    _signal_init                              - Undefined Weak Reference
    _terminate_alloc                          - Undefined Weak Reference
    _terminate_user_alloc                     - Undefined Weak Reference
    _terminateio                              - Undefined Weak Reference
    __Vectors_Size                           0x00000188   Number         0  startup_stm32l476xx.o ABSOLUTE
    __Vectors                                0x08000000   Data           4  startup_stm32l476xx.o(RESET)
    __Vectors_End                            0x08000188   Data           0  startup_stm32l476xx.o(RESET)
    __main                                   0x08000189   Thumb Code     8  __main.o(!!!main)
    __scatterload                            0x08000191   Thumb Code     0  __scatter.o(!!!scatter)
    __scatterload_rt2                        0x08000191   Thumb Code    44  __scatter.o(!!!scatter)
    __scatterload_rt2_thumb_only             0x08000191   Thumb Code     0  __scatter.o(!!!scatter)
    __scatterload_null                       0x0800019f   Thumb Code     0  __scatter.o(!!!scatter)
    __scatterload_copy                       0x080001c5   Thumb Code    26  __scatter_copy.o(!!handler_copy)
    __scatterload_zeroinit                   0x080001e1   Thumb Code    28  __scatter_zi.o(!!handler_zi)
    __rt_lib_init                            0x080001fd   Thumb Code     0  libinit.o(.ARM.Collect$$libinit$$00000000)
    __rt_lib_init_fp_1                       0x080001ff   Thumb Code     0  libinit2.o(.ARM.Collect$$libinit$$00000001)
    __rt_lib_init_alloca_1                   0x08000203   Thumb Code     0  libinit2.o(.ARM.Collect$$libinit$$0000002E)
    __rt_lib_init_argv_1                     0x08000203   Thumb Code     0  libinit2.o(.ARM.Collect$$libinit$$0000002C)
    __rt_lib_init_atexit_1                   0x08000203   Thumb Code     0  libinit2.o(.ARM.Collect$$libinit$$0000001B)
    __rt_lib_init_clock_1                    0x08000203   Thumb Code     0  libinit2.o(.ARM.Collect$$libinit$$00000021)
    __rt_lib_init_cpp_1                      0x08000203   Thumb Code     0  libinit2.o(.ARM.Collect$$libinit$$00000032)
    __rt_lib_init_exceptions_1               0x08000203   Thumb Code     0  libinit2.o(.ARM.Collect$$libinit$$00000030)
    __rt_lib_init_fp_trap_1                  0x08000203   Thumb Code     0  libinit2.o(.ARM.Collect$$libinit$$0000001F)
    __rt_lib_init_getenv_1                   0x08000203   Thumb Code     0  libinit2.o(.ARM.Collect$$libinit$$00000023)
    __rt_lib_init_heap_1                     0x08000203   Thumb Code     0  libinit2.o(.ARM.Collect$$libinit$$0000000A)
    __rt_lib_init_lc_collate_1               0x08000203   Thumb Code     0  libinit2.o(.ARM.Collect$$libinit$$00000011)
    __rt_lib_init_lc_ctype_1                 0x08000203   Thumb Code     0  libinit2.o(.ARM.Collect$$libinit$$00000013)
    __rt_lib_init_lc_monetary_1              0x08000203   Thumb Code     0  libinit2.o(.ARM.Collect$$libinit$$00000015)
    __rt_lib_init_lc_numeric_1               0x08000203   Thumb Code     0  libinit2.o(.ARM.Collect$$libinit$$00000017)
    __rt_lib_init_lc_time_1                  0x08000203   Thumb Code     0  libinit2.o(.ARM.Collect$$libinit$$00000019)
    __rt_lib_init_preinit_1                  0x08000203   Thumb Code     0  libinit2.o(.ARM.Collect$$libinit$$00000004)
    __rt_lib_init_rand_1                     0x08000203   Thumb Code     0  libinit2.o(.ARM.Collect$$libinit$$0000000E)
    __rt_lib_init_return                     0x08000203   Thumb Code     0  libinit2.o(.ARM.Collect$$libinit$$00000033)
    __rt_lib_init_signal_1                   0x08000203   Thumb Code     0  libinit2.o(.ARM.Collect$$libinit$$0000001D)
    __rt_lib_init_stdio_1                    0x08000203   Thumb Code     0  libinit2.o(.ARM.Collect$$libinit$$00000025)
    __rt_lib_init_user_alloc_1               0x08000203   Thumb Code     0  libinit2.o(.ARM.Collect$$libinit$$0000000C)
    __rt_lib_shutdown                        0x08000205   Thumb Code     0  libshutdown.o(.ARM.Collect$$libshutdown$$00000000)
    __rt_lib_shutdown_fp_trap_1              0x08000207   Thumb Code     0  libshutdown2.o(.ARM.Collect$$libshutdown$$00000006)
    __rt_lib_shutdown_heap_1                 0x08000207   Thumb Code     0  libshutdown2.o(.ARM.Collect$$libshutdown$$0000000E)
    __rt_lib_shutdown_return                 0x08000207   Thumb Code     0  libshutdown2.o(.ARM.Collect$$libshutdown$$0000000F)
    __rt_lib_shutdown_signal_1               0x08000207   Thumb Code     0  libshutdown2.o(.ARM.Collect$$libshutdown$$00000009)
    __rt_lib_shutdown_stdio_1                0x08000207   Thumb Code     0  libshutdown2.o(.ARM.Collect$$libshutdown$$00000003)
    __rt_lib_shutdown_user_alloc_1           0x08000207   Thumb Code     0  libshutdown2.o(.ARM.Collect$$libshutdown$$0000000B)
    __rt_entry                               0x08000209   Thumb Code     0  __rtentry.o(.ARM.Collect$$rtentry$$00000000)
    __rt_entry_presh_1                       0x08000209   Thumb Code     0  __rtentry2.o(.ARM.Collect$$rtentry$$00000002)
    __rt_entry_sh                            0x08000209   Thumb Code     0  __rtentry4.o(.ARM.Collect$$rtentry$$00000004)
    __rt_entry_li                            0x0800020f   Thumb Code     0  __rtentry2.o(.ARM.Collect$$rtentry$$0000000A)
    __rt_entry_postsh_1                      0x0800020f   Thumb Code     0  __rtentry2.o(.ARM.Collect$$rtentry$$00000009)
    __rt_entry_main                          0x08000213   Thumb Code     0  __rtentry2.o(.ARM.Collect$$rtentry$$0000000D)
    __rt_entry_postli_1                      0x08000213   Thumb Code     0  __rtentry2.o(.ARM.Collect$$rtentry$$0000000C)
    __rt_exit                                0x0800021b   Thumb Code     0  rtexit.o(.ARM.Collect$$rtexit$$00000000)
    __rt_exit_ls                             0x0800021d   Thumb Code     0  rtexit2.o(.ARM.Collect$$rtexit$$00000003)
    __rt_exit_prels_1                        0x0800021d   Thumb Code     0  rtexit2.o(.ARM.Collect$$rtexit$$00000002)
    __rt_exit_exit                           0x08000221   Thumb Code     0  rtexit2.o(.ARM.Collect$$rtexit$$00000004)
    Reset_Handler                            0x08000229   Thumb Code     8  startup_stm32l476xx.o(.text)
    ADC1_2_IRQHandler                        0x08000243   Thumb Code     0  startup_stm32l476xx.o(.text)
    ADC3_IRQHandler                          0x08000243   Thumb Code     0  startup_stm32l476xx.o(.text)
    CAN1_RX0_IRQHandler                      0x08000243   Thumb Code     0  startup_stm32l476xx.o(.text)
    CAN1_RX1_IRQHandler                      0x08000243   Thumb Code     0  startup_stm32l476xx.o(.text)
    CAN1_SCE_IRQHandler                      0x08000243   Thumb Code     0  startup_stm32l476xx.o(.text)
    CAN1_TX_IRQHandler                       0x08000243   Thumb Code     0  startup_stm32l476xx.o(.text)
    COMP_IRQHandler                          0x08000243   Thumb Code     0  startup_stm32l476xx.o(.text)
    DFSDM0_IRQHandler                        0x08000243   Thumb Code     0  startup_stm32l476xx.o(.text)
    DFSDM1_IRQHandler                        0x08000243   Thumb Code     0  startup_stm32l476xx.o(.text)
    DFSDM2_IRQHandler                        0x08000243   Thumb Code     0  startup_stm32l476xx.o(.text)
    DFSDM3_IRQHandler                        0x08000243   Thumb Code     0  startup_stm32l476xx.o(.text)
    DMA1_Channel1_IRQHandler                 0x08000243   Thumb Code     0  startup_stm32l476xx.o(.text)
    DMA1_Channel2_IRQHandler                 0x08000243   Thumb Code     0  startup_stm32l476xx.o(.text)
    DMA1_Channel3_IRQHandler                 0x08000243   Thumb Code     0  startup_stm32l476xx.o(.text)
    DMA1_Channel4_IRQHandler                 0x08000243   Thumb Code     0  startup_stm32l476xx.o(.text)
    DMA1_Channel5_IRQHandler                 0x08000243   Thumb Code     0  startup_stm32l476xx.o(.text)
    DMA1_Channel6_IRQHandler                 0x08000243   Thumb Code     0  startup_stm32l476xx.o(.text)
    DMA1_Channel7_IRQHandler                 0x08000243   Thumb Code     0  startup_stm32l476xx.o(.text)
    DMA2_Channel1_IRQHandler                 0x08000243   Thumb Code     0  startup_stm32l476xx.o(.text)
    DMA2_Channel2_IRQHandler                 0x08000243   Thumb Code     0  startup_stm32l476xx.o(.text)
    DMA2_Channel3_IRQHandler                 0x08000243   Thumb Code     0  startup_stm32l476xx.o(.text)
    DMA2_Channel4_IRQHandler                 0x08000243   Thumb Code     0  startup_stm32l476xx.o(.text)
    DMA2_Channel5_IRQHandler                 0x08000243   Thumb Code     0  startup_stm32l476xx.o(.text)
    DMA2_Channel6_IRQHandler                 0x08000243   Thumb Code     0  startup_stm32l476xx.o(.text)
    DMA2_Channel7_IRQHandler                 0x08000243   Thumb Code     0  startup_stm32l476xx.o(.text)
    EXTI0_IRQHandler                         0x08000243   Thumb Code     0  startup_stm32l476xx.o(.text)
    EXTI15_10_IRQHandler                     0x08000243   Thumb Code     0  startup_stm32l476xx.o(.text)
    EXTI2_IRQHandler                         0x08000243   Thumb Code     0  startup_stm32l476xx.o(.text)
    EXTI3_IRQHandler                         0x08000243   Thumb Code     0  startup_stm32l476xx.o(.text)
    EXTI4_IRQHandler                         0x08000243   Thumb Code     0  startup_stm32l476xx.o(.text)
    FLASH_IRQHandler                         0x08000243   Thumb Code     0  startup_stm32l476xx.o(.text)
    FMC_IRQHandler                           0x08000243   Thumb Code     0  startup_stm32l476xx.o(.text)
    FPU_IRQHandler                           0x08000243   Thumb Code     0  startup_stm32l476xx.o(.text)
    I2C1_ER_IRQHandler                       0x08000243   Thumb Code     0  startup_stm32l476xx.o(.text)
    I2C1_EV_IRQHandler                       0x08000243   Thumb Code     0  startup_stm32l476xx.o(.text)
    I2C2_ER_IRQHandler                       0x08000243   Thumb Code     0  startup_stm32l476xx.o(.text)
    I2C2_EV_IRQHandler                       0x08000243   Thumb Code     0  startup_stm32l476xx.o(.text)
    I2C3_ER_IRQHandler                       0x08000243   Thumb Code     0  startup_stm32l476xx.o(.text)
    I2C3_EV_IRQHandler                       0x08000243   Thumb Code     0  startup_stm32l476xx.o(.text)
    LCD_IRQHandler                           0x08000243   Thumb Code     0  startup_stm32l476xx.o(.text)
    LPTIM1_IRQHandler                        0x08000243   Thumb Code     0  startup_stm32l476xx.o(.text)
    LPTIM2_IRQHandler                        0x08000243   Thumb Code     0  startup_stm32l476xx.o(.text)
    LPUART1_IRQHandler                       0x08000243   Thumb Code     0  startup_stm32l476xx.o(.text)
    OTG_FS_IRQHandler                        0x08000243   Thumb Code     0  startup_stm32l476xx.o(.text)
    PVD_PVM_IRQHandler                       0x08000243   Thumb Code     0  startup_stm32l476xx.o(.text)
    QUADSPI_IRQHandler                       0x08000243   Thumb Code     0  startup_stm32l476xx.o(.text)
    RCC_IRQHandler                           0x08000243   Thumb Code     0  startup_stm32l476xx.o(.text)
    RNG_IRQHandler                           0x08000243   Thumb Code     0  startup_stm32l476xx.o(.text)
    RTC_Alarm_IRQHandler                     0x08000243   Thumb Code     0  startup_stm32l476xx.o(.text)
    RTC_WKUP_IRQHandler                      0x08000243   Thumb Code     0  startup_stm32l476xx.o(.text)
    SAI1_IRQHandler                          0x08000243   Thumb Code     0  startup_stm32l476xx.o(.text)
    SAI2_IRQHandler                          0x08000243   Thumb Code     0  startup_stm32l476xx.o(.text)
    SDMMC1_IRQHandler                        0x08000243   Thumb Code     0  startup_stm32l476xx.o(.text)
    SPI1_IRQHandler                          0x08000243   Thumb Code     0  startup_stm32l476xx.o(.text)
    SPI2_IRQHandler                          0x08000243   Thumb Code     0  startup_stm32l476xx.o(.text)
    SPI3_IRQHandler                          0x08000243   Thumb Code     0  startup_stm32l476xx.o(.text)
    SWPMI1_IRQHandler                        0x08000243   Thumb Code     0  startup_stm32l476xx.o(.text)
    TAMP_STAMP_IRQHandler                    0x08000243   Thumb Code     0  startup_stm32l476xx.o(.text)
    TIM1_BRK_TIM15_IRQHandler                0x08000243   Thumb Code     0  startup_stm32l476xx.o(.text)
    TIM1_CC_IRQHandler                       0x08000243   Thumb Code     0  startup_stm32l476xx.o(.text)
    TIM1_TRG_COM_TIM17_IRQHandler            0x08000243   Thumb Code     0  startup_stm32l476xx.o(.text)
    TIM1_UP_TIM16_IRQHandler                 0x08000243   Thumb Code     0  startup_stm32l476xx.o(.text)
    TIM4_IRQHandler                          0x08000243   Thumb Code     0  startup_stm32l476xx.o(.text)
    TIM6_DAC_IRQHandler                      0x08000243   Thumb Code     0  startup_stm32l476xx.o(.text)
    TIM7_IRQHandler                          0x08000243   Thumb Code     0  startup_stm32l476xx.o(.text)
    TIM8_BRK_IRQHandler                      0x08000243   Thumb Code     0  startup_stm32l476xx.o(.text)
    TIM8_CC_IRQHandler                       0x08000243   Thumb Code     0  startup_stm32l476xx.o(.text)
    TIM8_TRG_COM_IRQHandler                  0x08000243   Thumb Code     0  startup_stm32l476xx.o(.text)
    TIM8_UP_IRQHandler                       0x08000243   Thumb Code     0  startup_stm32l476xx.o(.text)
    TSC_IRQHandler                           0x08000243   Thumb Code     0  startup_stm32l476xx.o(.text)
    UART5_IRQHandler                         0x08000243   Thumb Code     0  startup_stm32l476xx.o(.text)
    WWDG_IRQHandler                          0x08000243   Thumb Code     0  startup_stm32l476xx.o(.text)
    __user_initial_stackheap                 0x08000245   Thumb Code     0  startup_stm32l476xx.o(.text)
    __aeabi_uldivmod                         0x08000269   Thumb Code     0  lludivv7m.o(.text)
    _ll_udiv                                 0x08000269   Thumb Code   238  lludivv7m.o(.text)
    __use_two_region_memory                  0x08000357   Thumb Code     2  heapauxi.o(.text)
    __rt_heap_escrow$2region                 0x08000359   Thumb Code     2  heapauxi.o(.text)
    __rt_heap_expand$2region                 0x0800035b   Thumb Code     2  heapauxi.o(.text)
    __user_libspace                          0x0800035d   Thumb Code     8  libspace.o(.text)
    __user_perproc_libspace                  0x0800035d   Thumb Code     0  libspace.o(.text)
    __user_perthread_libspace                0x0800035d   Thumb Code     0  libspace.o(.text)
    __user_setup_stackheap                   0x08000365   Thumb Code    74  sys_stackheap_outer.o(.text)
    exit                                     0x080003af   Thumb Code    12  exit.o(.text)
    _sys_exit                                0x080003bd   Thumb Code     8  sys_exit.o(.text)
    __I$use$semihosting                      0x080003c9   Thumb Code     0  use_no_semi.o(.text)
    __use_no_semihosting_swi                 0x080003c9   Thumb Code     2  use_no_semi.o(.text)
    BusFault_Handler                         0x080003cb   Thumb Code     4  stm32l4xx_it.o(i.BusFault_Handler)
    __semihosting_library_function           0x080003cb   Thumb Code     0  indicate_semi.o(.text)
    DebugMon_Handler                         0x080003cf   Thumb Code     2  stm32l4xx_it.o(i.DebugMon_Handler)
    EXTI1_IRQHandler                         0x080003d1   Thumb Code    42  nrf905.o(i.EXTI1_IRQHandler)
    EXTI9_5_IRQHandler                       0x08000401   Thumb Code    36  nrf905.o(i.EXTI9_5_IRQHandler)
    HAL_Delay                                0x0800042d   Thumb Code    26  stm32l4xx_hal.o(i.HAL_Delay)
    HAL_GPIO_Init                            0x08000449   Thumb Code   484  stm32l4xx_hal_gpio.o(i.HAL_GPIO_Init)
    HAL_GPIO_TogglePin                       0x08000651   Thumb Code     8  stm32l4xx_hal_gpio.o(i.HAL_GPIO_TogglePin)
    HAL_GPIO_WritePin                        0x08000659   Thumb Code    10  stm32l4xx_hal_gpio.o(i.HAL_GPIO_WritePin)
    HAL_GetTick                              0x08000665   Thumb Code     6  stm32l4xx_hal.o(i.HAL_GetTick)
    HAL_IncTick                              0x08000671   Thumb Code    12  stm32l4xx_hal.o(i.HAL_IncTick)
    HAL_Init                                 0x08000681   Thumb Code    22  stm32l4xx_hal.o(i.HAL_Init)
    HAL_InitTick                             0x08000697   Thumb Code    36  stm32l4xx_hal.o(i.HAL_InitTick)
    HAL_MspInit                              0x080006bb   Thumb Code     2  stm32l4xx_hal.o(i.HAL_MspInit)
    HAL_NVIC_EnableIRQ                       0x080006bd   Thumb Code    26  stm32l4xx_hal_cortex.o(i.HAL_NVIC_EnableIRQ)
    HAL_NVIC_SetPriority                     0x080006d7   Thumb Code   124  stm32l4xx_hal_cortex.o(i.HAL_NVIC_SetPriority)
    HAL_NVIC_SetPriorityGrouping             0x08000755   Thumb Code    32  stm32l4xx_hal_cortex.o(i.HAL_NVIC_SetPriorityGrouping)
    HAL_PWREx_ControlVoltageScaling          0x0800077d   Thumb Code   128  stm32l4xx_hal_pwr_ex.o(i.HAL_PWREx_ControlVoltageScaling)
    HAL_PWREx_GetVoltageRange                0x08000809   Thumb Code    10  stm32l4xx_hal_pwr_ex.o(i.HAL_PWREx_GetVoltageRange)
    HAL_RCC_ClockConfig                      0x08000819   Thumb Code  1716  stm32l4xx_hal_rcc.o(i.HAL_RCC_ClockConfig)
    HAL_RCC_GetHCLKFreq                      0x08000ed5   Thumb Code    42  stm32l4xx_hal_rcc.o(i.HAL_RCC_GetHCLKFreq)
    HAL_RCC_GetPCLK1Freq                     0x08000f0d   Thumb Code    36  stm32l4xx_hal_rcc.o(i.HAL_RCC_GetPCLK1Freq)
    HAL_RCC_GetPCLK2Freq                     0x08000f39   Thumb Code    36  stm32l4xx_hal_rcc.o(i.HAL_RCC_GetPCLK2Freq)
    HAL_RCC_GetSysClockFreq                  0x08000f65   Thumb Code   252  stm32l4xx_hal_rcc.o(i.HAL_RCC_GetSysClockFreq)
    HAL_RCC_OscConfig                        0x08001071   Thumb Code  3876  stm32l4xx_hal_rcc.o(i.HAL_RCC_OscConfig)
    HAL_SPI_Init                             0x08001f9d   Thumb Code   206  stm32l4xx_hal_spi.o(i.HAL_SPI_Init)
    HAL_SPI_MspInit                          0x0800206b   Thumb Code     2  stm32l4xx_hal_spi.o(i.HAL_SPI_MspInit)
    HAL_SPI_Receive                          0x0800206d   Thumb Code   638  stm32l4xx_hal_spi.o(i.HAL_SPI_Receive)
    HAL_SPI_Transmit                         0x080022eb   Thumb Code   432  stm32l4xx_hal_spi.o(i.HAL_SPI_Transmit)
    HAL_SPI_TransmitReceive                  0x0800249b   Thumb Code   768  stm32l4xx_hal_spi.o(i.HAL_SPI_TransmitReceive)
    HAL_SYSTICK_CLKSourceConfig              0x0800279b   Thumb Code    40  stm32l4xx_hal_cortex.o(i.HAL_SYSTICK_CLKSourceConfig)
    HAL_SYSTICK_Config                       0x080027c3   Thumb Code    52  stm32l4xx_hal_cortex.o(i.HAL_SYSTICK_Config)
    HAL_TIMEx_BreakCallback                  0x080027f7   Thumb Code     2  stm32l4xx_hal_tim_ex.o(i.HAL_TIMEx_BreakCallback)
    HAL_TIMEx_CommutationCallback            0x080027f9   Thumb Code     2  stm32l4xx_hal_tim_ex.o(i.HAL_TIMEx_CommutationCallback)
    HAL_TIM_Base_Init                        0x080027fb   Thumb Code    52  stm32l4xx_hal_tim.o(i.HAL_TIM_Base_Init)
    HAL_TIM_Base_MspInit                     0x0800282f   Thumb Code     2  stm32l4xx_hal_tim.o(i.HAL_TIM_Base_MspInit)
    HAL_TIM_IC_CaptureCallback               0x08002831   Thumb Code     2  stm32l4xx_hal_tim.o(i.HAL_TIM_IC_CaptureCallback)
    HAL_TIM_IRQHandler                       0x08002833   Thumb Code   406  stm32l4xx_hal_tim.o(i.HAL_TIM_IRQHandler)
    HAL_TIM_OC_DelayElapsedCallback          0x080029c9   Thumb Code     2  stm32l4xx_hal_tim.o(i.HAL_TIM_OC_DelayElapsedCallback)
    HAL_TIM_PWM_PulseFinishedCallback        0x080029cb   Thumb Code     2  stm32l4xx_hal_tim.o(i.HAL_TIM_PWM_PulseFinishedCallback)
    HAL_TIM_PeriodElapsedCallback            0x080029cd   Thumb Code    12  timer.o(i.HAL_TIM_PeriodElapsedCallback)
    HAL_TIM_TriggerCallback                  0x080029dd   Thumb Code     2  stm32l4xx_hal_tim.o(i.HAL_TIM_TriggerCallback)
    HAL_UART_Init                            0x080029df   Thumb Code   120  stm32l4xx_hal_uart.o(i.HAL_UART_Init)
    HAL_UART_MspInit                         0x08002a57   Thumb Code     2  stm32l4xx_hal_uart.o(i.HAL_UART_MspInit)
    HardFault_Handler                        0x08002a59   Thumb Code     4  stm32l4xx_it.o(i.HardFault_Handler)
    MemManage_Handler                        0x08002a5d   Thumb Code     4  stm32l4xx_it.o(i.MemManage_Handler)
    NMI_Handler                              0x08002a61   Thumb Code     2  stm32l4xx_it.o(i.NMI_Handler)
    PendSV_Handler                           0x08002a9d   Thumb Code     2  stm32l4xx_it.o(i.PendSV_Handler)
    SVC_Handler                              0x08002d6b   Thumb Code     2  stm32l4xx_it.o(i.SVC_Handler)
    SysTick_Handler                          0x08002d6d   Thumb Code     8  stm32l4xx_it.o(i.SysTick_Handler)
    SystemClock_Config                       0x08002d75   Thumb Code   160  init.o(i.SystemClock_Config)
    SystemInit                               0x08002e19   Thumb Code    68  system_stm32l4xx.o(i.SystemInit)
    TIM2_IRQHandler                          0x08002e69   Thumb Code    30  timer.o(i.TIM2_IRQHandler)
    TIM3_IRQHandler                          0x08002e8d   Thumb Code    30  timer.o(i.TIM3_IRQHandler)
    TIM5_IRQHandler                          0x08002eb1   Thumb Code    10  timer.o(i.TIM5_IRQHandler)
    TIM_Base_SetConfig                       0x08002ec1   Thumb Code   160  stm32l4xx_hal_tim.o(i.TIM_Base_SetConfig)
    UART4_IRQHandler                         0x08002f81   Thumb Code    20  uart.o(i.UART4_IRQHandler)
    UART_AdvFeatureConfig                    0x08002fa1   Thumb Code   248  stm32l4xx_hal_uart.o(i.UART_AdvFeatureConfig)
    UART_CheckIdleState                      0x08003099   Thumb Code    92  stm32l4xx_hal_uart.o(i.UART_CheckIdleState)
    UART_SetConfig                           0x080030f5   Thumb Code  1056  stm32l4xx_hal_uart.o(i.UART_SetConfig)
    UART_WaitOnFlagUntilTimeout              0x08003515   Thumb Code   246  stm32l4xx_hal_uart.o(i.UART_WaitOnFlagUntilTimeout)
    USART1_IRQHandler                        0x0800360d   Thumb Code    32  uart.o(i.USART1_IRQHandler)
    USART2_IRQHandler                        0x08003635   Thumb Code     2  uart.o(i.USART2_IRQHandler)
    USART3_IRQHandler                        0x08003639   Thumb Code    32  uart.o(i.USART3_IRQHandler)
    UsageFault_Handler                       0x08003661   Thumb Code     4  stm32l4xx_it.o(i.UsageFault_Handler)
    error_function                           0x08003665   Thumb Code    14  init.o(i.error_function)
    gpio_init                                0x08003675   Thumb Code   300  gpio_mk.o(i.gpio_init)
    gpio_init_for_spi2                       0x080037c5   Thumb Code   116  nrf905.o(i.gpio_init_for_spi2)
    gpio_init_for_spi3                       0x08003849   Thumb Code   118  nrf905.o(i.gpio_init_for_spi3)
    gpio_it_nRF_rx_init                      0x080038cd   Thumb Code    20  nrf905.o(i.gpio_it_nRF_rx_init)
    gpio_it_nRF_tx_init                      0x080038e1   Thumb Code    20  nrf905.o(i.gpio_it_nRF_tx_init)
    gpio_nRF_init                            0x080038f5   Thumb Code    46  nrf905.o(i.gpio_nRF_init)
    gpio_nRF_rx_init                         0x08003929   Thumb Code    32  nrf905.o(i.gpio_nRF_rx_init)
    gpio_reset                               0x0800394d   Thumb Code    18  gpio_mk.o(i.gpio_reset)
    gpio_set                                 0x0800395f   Thumb Code    18  gpio_mk.o(i.gpio_set)
    init                                     0x08003971   Thumb Code    52  init.o(i.init)
    ledToggle                                0x080039e5   Thumb Code    14  led.o(i.ledToggle)
    led_port_init                            0x080039f5   Thumb Code    60  led.o(i.led_port_init)
    main                                     0x08003a35   Thumb Code    60  main.o(i.main)
    nRF_recive                               0x08003a8d   Thumb Code    14  nrf905.o(i.nRF_recive)
    nRF_transmit                             0x08003a9b   Thumb Code    46  nrf905.o(i.nRF_transmit)
    spi2_nRF_init                            0x08003ac9   Thumb Code   128  nrf905.o(i.spi2_nRF_init)
    spi2_transmit                            0x08003b6d   Thumb Code    20  nrf905.o(i.spi2_transmit)
    spi3_nRF_init                            0x08003b85   Thumb Code   128  nrf905.o(i.spi3_nRF_init)
    spi3_recive                              0x08003c29   Thumb Code    20  nrf905.o(i.spi3_recive)
    tim2_init                                0x08003c41   Thumb Code   118  timer.o(i.tim2_init)
    tim3_init                                0x08003cc1   Thumb Code   118  timer.o(i.tim3_init)
    usart1_odczyt                            0x08003d45   Thumb Code   118  uart.o(i.usart1_odczyt)
    usart2_Write                             0x08003dc9   Thumb Code    22  uart.o(i.usart2_Write)
    usart2_WriteS                            0x08003de9   Thumb Code    38  uart.o(i.usart2_WriteS)
    usart2_init                              0x08003e15   Thumb Code   170  uart.o(i.usart2_init)
    usart3_odczyt                            0x08003ed1   Thumb Code   118  uart.o(i.usart3_odczyt)
    _fp_init                                 0x08003f55   Thumb Code    10  fpinit.o(x$fpl$fpinit)
    __fplib_config_fpu_vfp                   0x08003f5d   Thumb Code     0  fpinit.o(x$fpl$fpinit)
    __fplib_config_pureend_doubles           0x08003f5d   Thumb Code     0  fpinit.o(x$fpl$fpinit)
    AHBPrescTable                            0x08003f60   Data          16  system_stm32l4xx.o(.constdata)
    MSIRangeTable                            0x08003f70   Data          48  system_stm32l4xx.o(.constdata)
    APBAHBPrescTable                         0x08003fa0   Data           8  stm32l4xx_hal_rcc.o(.constdata)
    Region$$Table$$Base                      0x08003fa8   Number         0  anon$$obj.o(Region$$Table)
    Region$$Table$$Limit                     0x08003fc8   Number         0  anon$$obj.o(Region$$Table)
    buf                                      0x20000000   Data           8  main.o(.data)
    temp                                     0x20000008   Data           1  uart.o(.data)
    usart1_rx                                0x20000009   Data           1  uart.o(.data)
    cnt_usart1                               0x2000000c   Data           4  uart.o(.data)
    last_line_usart1                         0x20000010   Data           1  uart.o(.data)
    usart3_rx                                0x20000011   Data           1  uart.o(.data)
    cnt_usart3                               0x20000014   Data           4  uart.o(.data)
    last_line_usart3                         0x20000018   Data           1  uart.o(.data)
    tim5_updates                             0x2000001c   Data           4  timer.o(.data)
    tim5_cnt                                 0x20000020   Data           2  timer.o(.data)
    usart_stat                               0x20000022   Data           1  init.o(.data)
    tim2_stat                                0x20000023   Data           1  init.o(.data)
    i2c1_status                              0x20000024   Data           1  init.o(.data)
    tim5_stat                                0x20000025   Data           1  init.o(.data)
    tim3_stat                                0x20000026   Data           1  init.o(.data)
    data_ready_flag                          0x20000027   Data           1  nrf905.o(.data)
    SystemCoreClock                          0x20000028   Data           4  system_stm32l4xx.o(.data)
    buf_usart1                               0x20000030   Data        1000  uart.o(.bss)
    buf_usart3                               0x20000418   Data        1000  uart.o(.bss)
    USART1_HandleStruct                      0x20000800   Data         112  uart.o(.bss)
    USART2_HandleStruct                      0x20000870   Data         112  uart.o(.bss)
    USART3_HandleStruct                      0x200008e0   Data         112  uart.o(.bss)
    UART4_HandleStruct                       0x20000950   Data         112  uart.o(.bss)
    UART5_HandleStruct                       0x200009c0   Data         112  uart.o(.bss)
    TIM2_HandleStruct                        0x20000a30   Data          60  timer.o(.bss)
    TIM5_HandleStruct                        0x20000a6c   Data          60  timer.o(.bss)
    TIM3_HandleStruct                        0x20000aa8   Data          60  timer.o(.bss)
    gpio_struct                              0x20000ae4   Data          20  gpio_mk.o(.bss)
    gpio_init_struct                         0x20000af8   Data          20  nrf905.o(.bss)
    spi2_init_handle                         0x20000b0c   Data         100  nrf905.o(.bss)
    spi3_init_handle                         0x20000b70   Data         100  nrf905.o(.bss)
    __libspace_start                         0x20000bd4   Data          96  libspace.o(.bss)
    __temporary_stack_top$libspace           0x20000c34   Data           0  libspace.o(.bss)



==============================================================================

Memory Map of the image

  Image Entry point : 0x08000229

  Load Region LR_1 (Base: 0x08000000, Size: 0x00003ff8, Max: 0xffffffff, ABSOLUTE)

    Execution Region ER_RO (Base: 0x08000000, Size: 0x00003fc8, Max: 0xffffffff, ABSOLUTE)

    Base Addr    Size         Type   Attr      Idx    E Section Name        Object

    0x08000000   0x00000188   Data   RO         1109    RESET               startup_stm32l476xx.o
    0x08000188   0x00000008   Code   RO         5425  * !!!main             c_w.l(__main.o)
    0x08000190   0x00000034   Code   RO         5664    !!!scatter          c_w.l(__scatter.o)
    0x080001c4   0x0000001a   Code   RO         5666    !!handler_copy      c_w.l(__scatter_copy.o)
    0x080001de   0x00000002   PAD
    0x080001e0   0x0000001c   Code   RO         5668    !!handler_zi        c_w.l(__scatter_zi.o)
    0x080001fc   0x00000002   Code   RO         5538    .ARM.Collect$$libinit$$00000000  c_w.l(libinit.o)
    0x080001fe   0x00000004   Code   RO         5539    .ARM.Collect$$libinit$$00000001  c_w.l(libinit2.o)
    0x08000202   0x00000000   Code   RO         5542    .ARM.Collect$$libinit$$00000004  c_w.l(libinit2.o)
    0x08000202   0x00000000   Code   RO         5545    .ARM.Collect$$libinit$$0000000A  c_w.l(libinit2.o)
    0x08000202   0x00000000   Code   RO         5547    .ARM.Collect$$libinit$$0000000C  c_w.l(libinit2.o)
    0x08000202   0x00000000   Code   RO         5549    .ARM.Collect$$libinit$$0000000E  c_w.l(libinit2.o)
    0x08000202   0x00000000   Code   RO         5552    .ARM.Collect$$libinit$$00000011  c_w.l(libinit2.o)
    0x08000202   0x00000000   Code   RO         5554    .ARM.Collect$$libinit$$00000013  c_w.l(libinit2.o)
    0x08000202   0x00000000   Code   RO         5556    .ARM.Collect$$libinit$$00000015  c_w.l(libinit2.o)
    0x08000202   0x00000000   Code   RO         5558    .ARM.Collect$$libinit$$00000017  c_w.l(libinit2.o)
    0x08000202   0x00000000   Code   RO         5560    .ARM.Collect$$libinit$$00000019  c_w.l(libinit2.o)
    0x08000202   0x00000000   Code   RO         5562    .ARM.Collect$$libinit$$0000001B  c_w.l(libinit2.o)
    0x08000202   0x00000000   Code   RO         5564    .ARM.Collect$$libinit$$0000001D  c_w.l(libinit2.o)
    0x08000202   0x00000000   Code   RO         5566    .ARM.Collect$$libinit$$0000001F  c_w.l(libinit2.o)
    0x08000202   0x00000000   Code   RO         5568    .ARM.Collect$$libinit$$00000021  c_w.l(libinit2.o)
    0x08000202   0x00000000   Code   RO         5570    .ARM.Collect$$libinit$$00000023  c_w.l(libinit2.o)
    0x08000202   0x00000000   Code   RO         5572    .ARM.Collect$$libinit$$00000025  c_w.l(libinit2.o)
    0x08000202   0x00000000   Code   RO         5576    .ARM.Collect$$libinit$$0000002C  c_w.l(libinit2.o)
    0x08000202   0x00000000   Code   RO         5578    .ARM.Collect$$libinit$$0000002E  c_w.l(libinit2.o)
    0x08000202   0x00000000   Code   RO         5580    .ARM.Collect$$libinit$$00000030  c_w.l(libinit2.o)
    0x08000202   0x00000000   Code   RO         5582    .ARM.Collect$$libinit$$00000032  c_w.l(libinit2.o)
    0x08000202   0x00000002   Code   RO         5583    .ARM.Collect$$libinit$$00000033  c_w.l(libinit2.o)
    0x08000204   0x00000002   Code   RO         5630    .ARM.Collect$$libshutdown$$00000000  c_w.l(libshutdown.o)
    0x08000206   0x00000000   Code   RO         5649    .ARM.Collect$$libshutdown$$00000003  c_w.l(libshutdown2.o)
    0x08000206   0x00000000   Code   RO         5652    .ARM.Collect$$libshutdown$$00000006  c_w.l(libshutdown2.o)
    0x08000206   0x00000000   Code   RO         5655    .ARM.Collect$$libshutdown$$00000009  c_w.l(libshutdown2.o)
    0x08000206   0x00000000   Code   RO         5657    .ARM.Collect$$libshutdown$$0000000B  c_w.l(libshutdown2.o)
    0x08000206   0x00000000   Code   RO         5660    .ARM.Collect$$libshutdown$$0000000E  c_w.l(libshutdown2.o)
    0x08000206   0x00000002   Code   RO         5661    .ARM.Collect$$libshutdown$$0000000F  c_w.l(libshutdown2.o)
    0x08000208   0x00000000   Code   RO         5443    .ARM.Collect$$rtentry$$00000000  c_w.l(__rtentry.o)
    0x08000208   0x00000000   Code   RO         5461    .ARM.Collect$$rtentry$$00000002  c_w.l(__rtentry2.o)
    0x08000208   0x00000006   Code   RO         5473    .ARM.Collect$$rtentry$$00000004  c_w.l(__rtentry4.o)
    0x0800020e   0x00000000   Code   RO         5463    .ARM.Collect$$rtentry$$00000009  c_w.l(__rtentry2.o)
    0x0800020e   0x00000004   Code   RO         5464    .ARM.Collect$$rtentry$$0000000A  c_w.l(__rtentry2.o)
    0x08000212   0x00000000   Code   RO         5466    .ARM.Collect$$rtentry$$0000000C  c_w.l(__rtentry2.o)
    0x08000212   0x00000008   Code   RO         5467    .ARM.Collect$$rtentry$$0000000D  c_w.l(__rtentry2.o)
    0x0800021a   0x00000002   Code   RO         5584    .ARM.Collect$$rtexit$$00000000  c_w.l(rtexit.o)
    0x0800021c   0x00000000   Code   RO         5599    .ARM.Collect$$rtexit$$00000002  c_w.l(rtexit2.o)
    0x0800021c   0x00000004   Code   RO         5600    .ARM.Collect$$rtexit$$00000003  c_w.l(rtexit2.o)
    0x08000220   0x00000006   Code   RO         5601    .ARM.Collect$$rtexit$$00000004  c_w.l(rtexit2.o)
    0x08000226   0x00000002   PAD
    0x08000228   0x00000040   Code   RO         1110  * .text               startup_stm32l476xx.o
    0x08000268   0x000000ee   Code   RO         5391    .text               c_w.l(lludivv7m.o)
    0x08000356   0x00000006   Code   RO         5423    .text               c_w.l(heapauxi.o)
    0x0800035c   0x00000008   Code   RO         5520    .text               c_w.l(libspace.o)
    0x08000364   0x0000004a   Code   RO         5523    .text               c_w.l(sys_stackheap_outer.o)
    0x080003ae   0x0000000c   Code   RO         5525    .text               c_w.l(exit.o)
    0x080003ba   0x00000002   PAD
    0x080003bc   0x0000000c   Code   RO         5596    .text               c_w.l(sys_exit.o)
    0x080003c8   0x00000002   Code   RO         5617    .text               c_w.l(use_no_semi.o)
    0x080003ca   0x00000000   Code   RO         5619    .text               c_w.l(indicate_semi.o)
    0x080003ca   0x00000004   Code   RO         3480    i.BusFault_Handler  stm32l4xx_it.o
    0x080003ce   0x00000002   Code   RO         3481    i.DebugMon_Handler  stm32l4xx_it.o
    0x080003d0   0x00000030   Code   RO          861    i.EXTI1_IRQHandler  nrf905.o
    0x08000400   0x0000002c   Code   RO          862    i.EXTI9_5_IRQHandler  nrf905.o
    0x0800042c   0x0000001a   Code   RO         1124    i.HAL_Delay         stm32l4xx_hal.o
    0x08000446   0x00000002   PAD
    0x08000448   0x00000208   Code   RO         1302    i.HAL_GPIO_Init     stm32l4xx_hal_gpio.o
    0x08000650   0x00000008   Code   RO         1305    i.HAL_GPIO_TogglePin  stm32l4xx_hal_gpio.o
    0x08000658   0x0000000a   Code   RO         1306    i.HAL_GPIO_WritePin  stm32l4xx_hal_gpio.o
    0x08000662   0x00000002   PAD
    0x08000664   0x0000000c   Code   RO         1128    i.HAL_GetTick       stm32l4xx_hal.o
    0x08000670   0x00000010   Code   RO         1129    i.HAL_IncTick       stm32l4xx_hal.o
    0x08000680   0x00000016   Code   RO         1130    i.HAL_Init          stm32l4xx_hal.o
    0x08000696   0x00000024   Code   RO         1131    i.HAL_InitTick      stm32l4xx_hal.o
    0x080006ba   0x00000002   Code   RO         1133    i.HAL_MspInit       stm32l4xx_hal.o
    0x080006bc   0x0000001a   Code   RO         1472    i.HAL_NVIC_EnableIRQ  stm32l4xx_hal_cortex.o
    0x080006d6   0x0000007c   Code   RO         1478    i.HAL_NVIC_SetPriority  stm32l4xx_hal_cortex.o
    0x08000752   0x00000002   PAD
    0x08000754   0x00000028   Code   RO         1479    i.HAL_NVIC_SetPriorityGrouping  stm32l4xx_hal_cortex.o
    0x0800077c   0x0000008c   Code   RO         1863    i.HAL_PWREx_ControlVoltageScaling  stm32l4xx_hal_pwr_ex.o
    0x08000808   0x00000010   Code   RO         1894    i.HAL_PWREx_GetVoltageRange  stm32l4xx_hal_pwr_ex.o
    0x08000818   0x000006bc   Code   RO         1366    i.HAL_RCC_ClockConfig  stm32l4xx_hal_rcc.o
    0x08000ed4   0x00000038   Code   RO         1370    i.HAL_RCC_GetHCLKFreq  stm32l4xx_hal_rcc.o
    0x08000f0c   0x0000002c   Code   RO         1372    i.HAL_RCC_GetPCLK1Freq  stm32l4xx_hal_rcc.o
    0x08000f38   0x0000002c   Code   RO         1373    i.HAL_RCC_GetPCLK2Freq  stm32l4xx_hal_rcc.o
    0x08000f64   0x0000010c   Code   RO         1374    i.HAL_RCC_GetSysClockFreq  stm32l4xx_hal_rcc.o
    0x08001070   0x00000f2c   Code   RO         1377    i.HAL_RCC_OscConfig  stm32l4xx_hal_rcc.o
    0x08001f9c   0x000000ce   Code   RO         4641    i.HAL_SPI_Init      stm32l4xx_hal_spi.o
    0x0800206a   0x00000002   Code   RO         4643    i.HAL_SPI_MspInit   stm32l4xx_hal_spi.o
    0x0800206c   0x0000027e   Code   RO         4644    i.HAL_SPI_Receive   stm32l4xx_hal_spi.o
    0x080022ea   0x000001b0   Code   RO         4649    i.HAL_SPI_Transmit  stm32l4xx_hal_spi.o
    0x0800249a   0x00000300   Code   RO         4650    i.HAL_SPI_TransmitReceive  stm32l4xx_hal_spi.o
    0x0800279a   0x00000028   Code   RO         1481    i.HAL_SYSTICK_CLKSourceConfig  stm32l4xx_hal_cortex.o
    0x080027c2   0x00000034   Code   RO         1483    i.HAL_SYSTICK_Config  stm32l4xx_hal_cortex.o
    0x080027f6   0x00000002   Code   RO         2753    i.HAL_TIMEx_BreakCallback  stm32l4xx_hal_tim_ex.o
    0x080027f8   0x00000002   Code   RO         2754    i.HAL_TIMEx_CommutationCallback  stm32l4xx_hal_tim_ex.o
    0x080027fa   0x00000034   Code   RO         2110    i.HAL_TIM_Base_Init  stm32l4xx_hal_tim.o
    0x0800282e   0x00000002   Code   RO         2112    i.HAL_TIM_Base_MspInit  stm32l4xx_hal_tim.o
    0x08002830   0x00000002   Code   RO         2139    i.HAL_TIM_IC_CaptureCallback  stm32l4xx_hal_tim.o
    0x08002832   0x00000196   Code   RO         2152    i.HAL_TIM_IRQHandler  stm32l4xx_hal_tim.o
    0x080029c8   0x00000002   Code   RO         2155    i.HAL_TIM_OC_DelayElapsedCallback  stm32l4xx_hal_tim.o
    0x080029ca   0x00000002   Code   RO         2182    i.HAL_TIM_PWM_PulseFinishedCallback  stm32l4xx_hal_tim.o
    0x080029cc   0x00000010   Code   RO          526    i.HAL_TIM_PeriodElapsedCallback  timer.o
    0x080029dc   0x00000002   Code   RO         2193    i.HAL_TIM_TriggerCallback  stm32l4xx_hal_tim.o
    0x080029de   0x00000078   Code   RO         3572    i.HAL_UART_Init     stm32l4xx_hal_uart.o
    0x08002a56   0x00000002   Code   RO         3574    i.HAL_UART_MspInit  stm32l4xx_hal_uart.o
    0x08002a58   0x00000004   Code   RO         3482    i.HardFault_Handler  stm32l4xx_it.o
    0x08002a5c   0x00000004   Code   RO         3483    i.MemManage_Handler  stm32l4xx_it.o
    0x08002a60   0x00000002   Code   RO         3484    i.NMI_Handler       stm32l4xx_it.o
    0x08002a62   0x00000002   PAD
    0x08002a64   0x00000010   Code   RO         1485    i.NVIC_GetPriorityGrouping  stm32l4xx_hal_cortex.o
    0x08002a74   0x00000028   Code   RO         1486    i.NVIC_SetPriority  stm32l4xx_hal_cortex.o
    0x08002a9c   0x00000002   Code   RO         3485    i.PendSV_Handler    stm32l4xx_it.o
    0x08002a9e   0x00000002   PAD
    0x08002aa0   0x000000b8   Code   RO         1378    i.RCC_SetFlashLatencyFromMSIRange  stm32l4xx_hal_rcc.o
    0x08002b58   0x0000007c   Code   RO         4675    i.SPI_EndRxTransaction  stm32l4xx_hal_spi.o
    0x08002bd4   0x00000040   Code   RO         4676    i.SPI_EndRxTxTransaction  stm32l4xx_hal_spi.o
    0x08002c14   0x000000b4   Code   RO         4683    i.SPI_WaitFifoStateUntilTimeout  stm32l4xx_hal_spi.o
    0x08002cc8   0x000000a2   Code   RO         4684    i.SPI_WaitFlagStateUntilTimeout  stm32l4xx_hal_spi.o
    0x08002d6a   0x00000002   Code   RO         3486    i.SVC_Handler       stm32l4xx_it.o
    0x08002d6c   0x00000008   Code   RO         3487    i.SysTick_Handler   stm32l4xx_it.o
    0x08002d74   0x000000a4   Code   RO          822    i.SystemClock_Config  init.o
    0x08002e18   0x00000050   Code   RO          968    i.SystemInit        system_stm32l4xx.o
    0x08002e68   0x00000024   Code   RO          527    i.TIM2_IRQHandler   timer.o
    0x08002e8c   0x00000024   Code   RO          528    i.TIM3_IRQHandler   timer.o
    0x08002eb0   0x00000010   Code   RO          529    i.TIM5_IRQHandler   timer.o
    0x08002ec0   0x000000c0   Code   RO         2194    i.TIM_Base_SetConfig  stm32l4xx_hal_tim.o
    0x08002f80   0x00000020   Code   RO          341    i.UART4_IRQHandler  uart.o
    0x08002fa0   0x000000f8   Code   RO         3585    i.UART_AdvFeatureConfig  stm32l4xx_hal_uart.o
    0x08003098   0x0000005c   Code   RO         3586    i.UART_CheckIdleState  stm32l4xx_hal_uart.o
    0x080030f4   0x00000420   Code   RO         3594    i.UART_SetConfig    stm32l4xx_hal_uart.o
    0x08003514   0x000000f6   Code   RO         3596    i.UART_WaitOnFlagUntilTimeout  stm32l4xx_hal_uart.o
    0x0800360a   0x00000002   PAD
    0x0800360c   0x00000028   Code   RO          342    i.USART1_IRQHandler  uart.o
    0x08003634   0x00000002   Code   RO          343    i.USART2_IRQHandler  uart.o
    0x08003636   0x00000002   PAD
    0x08003638   0x00000028   Code   RO          344    i.USART3_IRQHandler  uart.o
    0x08003660   0x00000004   Code   RO         3488    i.UsageFault_Handler  stm32l4xx_it.o
    0x08003664   0x0000000e   Code   RO          823    i.error_function    init.o
    0x08003672   0x00000002   PAD
    0x08003674   0x00000150   Code   RO          768    i.gpio_init         gpio_mk.o
    0x080037c4   0x00000084   Code   RO          863    i.gpio_init_for_spi2  nrf905.o
    0x08003848   0x00000084   Code   RO          864    i.gpio_init_for_spi3  nrf905.o
    0x080038cc   0x00000014   Code   RO          865    i.gpio_it_nRF_rx_init  nrf905.o
    0x080038e0   0x00000014   Code   RO          866    i.gpio_it_nRF_tx_init  nrf905.o
    0x080038f4   0x00000034   Code   RO          867    i.gpio_nRF_init     nrf905.o
    0x08003928   0x00000024   Code   RO          868    i.gpio_nRF_rx_init  nrf905.o
    0x0800394c   0x00000012   Code   RO          770    i.gpio_reset        gpio_mk.o
    0x0800395e   0x00000012   Code   RO          771    i.gpio_set          gpio_mk.o
    0x08003970   0x00000074   Code   RO          824    i.init              init.o
    0x080039e4   0x0000000e   Code   RO          299    i.ledToggle         led.o
    0x080039f2   0x00000002   PAD
    0x080039f4   0x00000040   Code   RO          300    i.led_port_init     led.o
    0x08003a34   0x00000058   Code   RO            4    i.main              main.o
    0x08003a8c   0x0000000e   Code   RO          869    i.nRF_recive        nrf905.o
    0x08003a9a   0x0000002e   Code   RO          870    i.nRF_transmit      nrf905.o
    0x08003ac8   0x000000a4   Code   RO          871    i.spi2_nRF_init     nrf905.o
    0x08003b6c   0x00000018   Code   RO          872    i.spi2_transmit     nrf905.o
    0x08003b84   0x000000a4   Code   RO          873    i.spi3_nRF_init     nrf905.o
    0x08003c28   0x00000018   Code   RO          874    i.spi3_recive       nrf905.o
    0x08003c40   0x00000080   Code   RO          533    i.tim2_init         timer.o
    0x08003cc0   0x00000084   Code   RO          534    i.tim3_init         timer.o
    0x08003d44   0x00000084   Code   RO          354    i.usart1_odczyt     uart.o
    0x08003dc8   0x00000020   Code   RO          355    i.usart2_Write      uart.o
    0x08003de8   0x0000002c   Code   RO          356    i.usart2_WriteS     uart.o
    0x08003e14   0x000000bc   Code   RO          357    i.usart2_init       uart.o
    0x08003ed0   0x00000084   Code   RO          361    i.usart3_odczyt     uart.o
    0x08003f54   0x0000000a   Code   RO         5594    x$fpl$fpinit        fz_wm.l(fpinit.o)
    0x08003f5e   0x00000002   PAD
    0x08003f60   0x00000040   Data   RO          969    .constdata          system_stm32l4xx.o
    0x08003fa0   0x00000008   Data   RO         1379    .constdata          stm32l4xx_hal_rcc.o
    0x08003fa8   0x00000020   Data   RO         5662    Region$$Table       anon$$obj.o


    Execution Region ER_RW (Base: 0x20000000, Size: 0x00000030, Max: 0xffffffff, ABSOLUTE)

    Base Addr    Size         Type   Attr      Idx    E Section Name        Object

    0x20000000   0x00000008   Data   RW            5    .data               main.o
    0x20000008   0x00000011   Data   RW          363    .data               uart.o
    0x20000019   0x00000003   PAD
    0x2000001c   0x00000006   Data   RW          537    .data               timer.o
    0x20000022   0x00000005   Data   RW          825    .data               init.o
    0x20000027   0x00000001   Data   RW          876    .data               nrf905.o
    0x20000028   0x00000004   Data   RW          970    .data               system_stm32l4xx.o
    0x2000002c   0x00000004   Data   RW         1144    .data               stm32l4xx_hal.o


    Execution Region ER_ZI (Base: 0x20000030, Size: 0x00001208, Max: 0xffffffff, ABSOLUTE)

    Base Addr    Size         Type   Attr      Idx    E Section Name        Object

    0x20000030   0x00000a00   Zero   RW          362    .bss                uart.o
    0x20000a30   0x000000b4   Zero   RW          536    .bss                timer.o
    0x20000ae4   0x00000014   Zero   RW          773    .bss                gpio_mk.o
    0x20000af8   0x000000dc   Zero   RW          875    .bss                nrf905.o
    0x20000bd4   0x00000060   Zero   RW         5521    .bss                c_w.l(libspace.o)
    0x20000c34   0x00000004   PAD
    0x20000c38   0x00000200   Zero   RW         1108    HEAP                startup_stm32l476xx.o
    0x20000e38   0x00000400   Zero   RW         1107    STACK               startup_stm32l476xx.o


==============================================================================

Image component sizes


      Code (inc. data)   RO Data    RW Data    ZI Data      Debug   Object Name

       372         36          0          0         20       2682   gpio_mk.o
       294         68          0          5          0       2424   init.o
        78          4          0          0          0       1344   led.o
        88         28          0          8          0     481816   main.o
       920        134          0          1        220       8636   nrf905.o
        64         26        392          0       1536        864   startup_stm32l476xx.o
       114         10          0          4          0       4580   stm32l4xx_hal.o
       338         22          0          0          0      30965   stm32l4xx_hal_cortex.o
       538         36          0          0          0       2981   stm32l4xx_hal_gpio.o
       156         18          0          0          0       1342   stm32l4xx_hal_pwr_ex.o
      6204         96          8          0          0       8535   stm32l4xx_hal_rcc.o
      2576          0          0          0          0       8836   stm32l4xx_hal_spi.o
       660         32          0          0          0       5586   stm32l4xx_hal_tim.o
         4          0          0          0          0       1662   stm32l4xx_hal_tim_ex.o
      1764         44          0          0          0       5336   stm32l4xx_hal_uart.o
        32          0          0          0          0       4366   stm32l4xx_it.o
        80         12         64          4          0       1243   system_stm32l4xx.o
       364         46          0          6        180       4032   timer.o
       642         90          0         17       2560       6279   uart.o

    ----------------------------------------------------------------------
     15306        702        496         48       4516     583509   Object Totals
         0          0         32          0          0          0   (incl. Generated)
        18          0          0          3          0          0   (incl. Padding)

    ----------------------------------------------------------------------

      Code (inc. data)   RO Data    RW Data    ZI Data      Debug   Library Member Name

         8          0          0          0          0         68   __main.o
         0          0          0          0          0          0   __rtentry.o
        12          0          0          0          0          0   __rtentry2.o
         6          0          0          0          0          0   __rtentry4.o
        52          8          0          0          0          0   __scatter.o
        26          0          0          0          0          0   __scatter_copy.o
        28          0          0          0          0          0   __scatter_zi.o
        12          0          0          0          0         72   exit.o
         6          0          0          0          0        152   heapauxi.o
         0          0          0          0          0          0   indicate_semi.o
         2          0          0          0          0          0   libinit.o
         6          0          0          0          0          0   libinit2.o
         2          0          0          0          0          0   libshutdown.o
         2          0          0          0          0          0   libshutdown2.o
         8          4          0          0         96         68   libspace.o
       238          0          0          0          0        100   lludivv7m.o
         2          0          0          0          0          0   rtexit.o
        10          0          0          0          0          0   rtexit2.o
        12          4          0          0          0         68   sys_exit.o
        74          0          0          0          0         80   sys_stackheap_outer.o
         2          0          0          0          0         68   use_no_semi.o
        10          0          0          0          0        116   fpinit.o

    ----------------------------------------------------------------------
       526         16          0          0        100        792   Library Totals
         8          0          0          0          4          0   (incl. Padding)

    ----------------------------------------------------------------------

      Code (inc. data)   RO Data    RW Data    ZI Data      Debug   Library Name

       508         16          0          0         96        676   c_w.l
        10          0          0          0          0        116   fz_wm.l

    ----------------------------------------------------------------------
       526         16          0          0        100        792   Library Totals

    ----------------------------------------------------------------------

==============================================================================


      Code (inc. data)   RO Data    RW Data    ZI Data      Debug   

     15832        718        496         48       4616     574893   Grand Totals
     15832        718        496         48       4616     574893   ELF Image Totals
     15832        718        496         48          0          0   ROM Totals

==============================================================================

    Total RO  Size (Code + RO Data)                16328 (  15.95kB)
    Total RW  Size (RW Data + ZI Data)              4664 (   4.55kB)
    Total ROM Size (Code + RO Data + RW Data)      16376 (  15.99kB)

==============================================================================

